 asteroids

 Timestamp is 541b22b9 (Fri Sep 19 00:21:45 2014)

 Preferred load address is 00400000

 Start         Length     Name                   Class
 0001:00000000 00045534H .text                   CODE
 0001:00045540 000022cdH .text$x                 CODE
 0001:00047810 00000496H .text$yc                CODE
 0001:00047cb0 00000518H .text$yd                CODE
 0002:00000000 00000294H .idata$5                DATA
 0002:00000294 00000004H .CRT$XCA                DATA
 0002:00000298 0000007cH .CRT$XCU                DATA
 0002:00000314 00000004H .CRT$XCZ                DATA
 0002:00000318 00000004H .CRT$XIA                DATA
 0002:0000031c 00000014H .CRT$XIC                DATA
 0002:00000330 00000004H .CRT$XIY                DATA
 0002:00000334 00000004H .CRT$XIZ                DATA
 0002:00000338 00000004H .CRT$XPA                DATA
 0002:0000033c 00000004H .CRT$XPX                DATA
 0002:00000340 00000004H .CRT$XPXA               DATA
 0002:00000344 00000004H .CRT$XPZ                DATA
 0002:00000348 00000004H .CRT$XTA                DATA
 0002:0000034c 00000004H .CRT$XTZ                DATA
 0002:00000350 00007098H .rdata                  DATA
 0002:000073e8 00000060H .rdata$debug            DATA
 0002:00007448 00001cbcH .rdata$r                DATA
 0002:00009110 000002acH .rdata$sxdata           DATA
 0002:000093bc 00000004H .rtc$IAA                DATA
 0002:000093c0 00000004H .rtc$IZZ                DATA
 0002:000093c4 00000004H .rtc$TAA                DATA
 0002:000093c8 00000004H .rtc$TZZ                DATA
 0002:000093d0 000033bcH .xdata$x                DATA
 0002:0000c78c 00000078H .idata$2                DATA
 0002:0000c804 00000014H .idata$3                DATA
 0002:0000c818 00000294H .idata$4                DATA
 0002:0000caac 00000a9cH .idata$6                DATA
 0002:0000d548 00000000H .edata                  DATA
 0003:00000000 000026b0H .data                   DATA
 0003:000026c0 0000207cH .bss                    DATA
 0004:00000000 000004c0H .rsrc$01                DATA
 0004:000004c0 0000b9e8H .rsrc$02                DATA

  Address         Publics by Value              Rva+Base       Lib:Object

 0000:00000000       __except_list              00000000     <absolute>
 0000:000000ab       ___safe_se_handler_count   000000ab     <absolute>
 0000:00000000       ___ImageBase               00400000     <linker-defined>
 0001:00000000       ?assign@?$basic_string@DU?$char_traits@D@std@@V?$allocator@D@2@@std@@QAEAAV12@PBDI@Z 00401000 f i game_events.obj
 0001:000000e0       ??0?$basic_string@DU?$char_traits@D@std@@V?$allocator@D@2@@std@@QAE@PBD@Z 004010e0 f i game_events.obj
 0001:00000120       ??1?$basic_string@DU?$char_traits@D@std@@V?$allocator@D@2@@std@@QAE@XZ 00401120 f i game_events.obj
 0001:00000150       ?erase@?$basic_string@DU?$char_traits@D@std@@V?$allocator@D@2@@std@@QAEAAV12@II@Z 00401150 f i game_events.obj
 0001:000001e0       ??0bad_alloc@std@@QAE@PBD@Z 004011e0 f i game_events.obj
 0001:00000200       ??1bad_alloc@std@@UAE@XZ   00401200 f i game_events.obj
 0001:00000210       ??_Gbad_alloc@std@@UAEPAXI@Z 00401210 f i game_events.obj
 0001:00000210       ??_Ebad_alloc@std@@UAEPAXI@Z 00401210 f i  CIL library: CIL module
 0001:00000240       ??0bad_alloc@std@@QAE@ABV01@@Z 00401240 f i game_events.obj
 0001:00000260       ?allocate@?$allocator@D@std@@QAEPADI@Z 00401260 f i game_events.obj
 0001:000002c0       ?_Copy@?$basic_string@DU?$char_traits@D@std@@V?$allocator@D@2@@std@@IAEXII@Z 004012c0 f i game_events.obj
 0001:00000400       ?assign@?$basic_string@DU?$char_traits@D@std@@V?$allocator@D@2@@std@@QAEAAV12@ABV12@II@Z 00401400 f i game_events.obj
 0001:000004e0       ?getListenerName@GameManager@Pegas@@UAE?AV?$basic_string@DU?$char_traits@D@std@@V?$allocator@D@2@@std@@XZ 004014e0 f i game_manager.obj
 0001:00000510       ?getType@Event_Actor_CreateAsteroid@Pegas@@UBE?AV?$basic_string@DU?$char_traits@D@std@@V?$allocator@D@2@@std@@XZ 00401510 f i game_manager.obj
 0001:00000540       ?getType@Event_Actor_CreateShip@Pegas@@UBE?AV?$basic_string@DU?$char_traits@D@std@@V?$allocator@D@2@@std@@XZ 00401540 f i game_manager.obj
 0001:00000570       ?getType@Event_Actor_Destroy@Pegas@@UBE?AV?$basic_string@DU?$char_traits@D@std@@V?$allocator@D@2@@std@@XZ 00401570 f i game_manager.obj
 0001:000005a0       ?getType@Event_Actor_SetPosition@Pegas@@UBE?AV?$basic_string@DU?$char_traits@D@std@@V?$allocator@D@2@@std@@XZ 004015a0 f i game_manager.obj
 0001:000005d0       ?getType@Event_Player_EnableControl@Pegas@@UBE?AV?$basic_string@DU?$char_traits@D@std@@V?$allocator@D@2@@std@@XZ 004015d0 f i game_manager.obj
 0001:00000600       ?getType@Event_Player_RotateLeft@Pegas@@UBE?AV?$basic_string@DU?$char_traits@D@std@@V?$allocator@D@2@@std@@XZ 00401600 f i game_manager.obj
 0001:00000630       ?getType@Event_Player_RotateRight@Pegas@@UBE?AV?$basic_string@DU?$char_traits@D@std@@V?$allocator@D@2@@std@@XZ 00401630 f i game_manager.obj
 0001:00000660       ?getType@Event_Player_Thrust@Pegas@@UBE?AV?$basic_string@DU?$char_traits@D@std@@V?$allocator@D@2@@std@@XZ 00401660 f i game_manager.obj
 0001:00000690       ?getType@Event_Player_Stop_Thrust@Pegas@@UBE?AV?$basic_string@DU?$char_traits@D@std@@V?$allocator@D@2@@std@@XZ 00401690 f i game_manager.obj
 0001:000006c0       ?getType@Event_Player_Fire@Pegas@@UBE?AV?$basic_string@DU?$char_traits@D@std@@V?$allocator@D@2@@std@@XZ 004016c0 f i game_manager.obj
 0001:000006f0       ?getType@Event_Player_Stop_Fire@Pegas@@UBE?AV?$basic_string@DU?$char_traits@D@std@@V?$allocator@D@2@@std@@XZ 004016f0 f i game_manager.obj
 0001:00000720       ?getType@Event_Player_Stop_Rotation@Pegas@@UBE?AV?$basic_string@DU?$char_traits@D@std@@V?$allocator@D@2@@std@@XZ 00401720 f i game_manager.obj
 0001:00000750       ??_GEvent_Player_DisableGodMode@Pegas@@UAEPAXI@Z 00401750 f i game_manager.obj
 0001:00000750       ??_GEvent@Pegas@@UAEPAXI@Z 00401750 f i game_manager.obj
 0001:00000750       ??_EEvent_Actor_Destroy@Pegas@@UAEPAXI@Z 00401750 f i  CIL library: CIL module
 0001:00000750       ??_EEvent_Actor_CreateExplosion@Pegas@@UAEPAXI@Z 00401750 f i  CIL library: CIL module
 0001:00000750       ??_GEvent_Player_Fire@Pegas@@UAEPAXI@Z 00401750 f i game_manager.obj
 0001:00000750       ??_GEvent_Actor_CreateBullet@Pegas@@UAEPAXI@Z 00401750 f i game_objects.obj
 0001:00000750       ??_GEvent_Player_EnableControl@Pegas@@UAEPAXI@Z 00401750 f i game_manager.obj
 0001:00000750       ??_EEvent_Player_Thrust@Pegas@@UAEPAXI@Z 00401750 f i  CIL library: CIL module
 0001:00000750       ??_EEvent_Player_Stop_Rotation@Pegas@@UAEPAXI@Z 00401750 f i  CIL library: CIL module
 0001:00000750       ??_GEvent_Player_Stop_Thrust@Pegas@@UAEPAXI@Z 00401750 f i game_manager.obj
 0001:00000750       ??_GEvent_Player_RotateRight@Pegas@@UAEPAXI@Z 00401750 f i game_manager.obj
 0001:00000750       ??_EEvent_Player_DisableGodMode@Pegas@@UAEPAXI@Z 00401750 f i  CIL library: CIL module
 0001:00000750       ??_GEvent_Player_RotateLeft@Pegas@@UAEPAXI@Z 00401750 f i game_manager.obj
 0001:00000750       ??_EEvent_Actor_CreateShatter@Pegas@@UAEPAXI@Z 00401750 f i  CIL library: CIL module
 0001:00000750       ??_GEvent_Actor_CreateShip@Pegas@@UAEPAXI@Z 00401750 f i game_manager.obj
 0001:00000750       ??_GEvent_Player_Stop_Fire@Pegas@@UAEPAXI@Z 00401750 f i game_manager.obj
 0001:00000750       ??_EEvent_Player_RotateRight@Pegas@@UAEPAXI@Z 00401750 f i  CIL library: CIL module
 0001:00000750       ??_GEvent_Player_EnableGodMode@Pegas@@UAEPAXI@Z 00401750 f i game_manager.obj
 0001:00000750       ??_EEvent_Actor_CreateBullet@Pegas@@UAEPAXI@Z 00401750 f i  CIL library: CIL module
 0001:00000750       ??_GEvent_Actor_CreateShatter@Pegas@@UAEPAXI@Z 00401750 f i game_objects.obj
 0001:00000750       ??_EEvent_Actor_SetPosition@Pegas@@UAEPAXI@Z 00401750 f i  CIL library: CIL module
 0001:00000750       ??_GEvent_Actor_Destroy@Pegas@@UAEPAXI@Z 00401750 f i game_manager.obj
 0001:00000750       ??_EEvent_Actor_CreateShip@Pegas@@UAEPAXI@Z 00401750 f i  CIL library: CIL module
 0001:00000750       ??_EEvent_Player_RotateLeft@Pegas@@UAEPAXI@Z 00401750 f i  CIL library: CIL module
 0001:00000750       ??_GEvent_Actor_CreateExplosion@Pegas@@UAEPAXI@Z 00401750 f i game_objects.obj
 0001:00000750       ??_GEvent_Player_Thrust@Pegas@@UAEPAXI@Z 00401750 f i game_manager.obj
 0001:00000750       ??_EEvent_Player_EnableGodMode@Pegas@@UAEPAXI@Z 00401750 f i  CIL library: CIL module
 0001:00000750       ??_EEvent_Actor_CreateAsteroid@Pegas@@UAEPAXI@Z 00401750 f i  CIL library: CIL module
 0001:00000750       ??_GEvent_Actor_CreateAsteroid@Pegas@@UAEPAXI@Z 00401750 f i game_manager.obj
 0001:00000750       ??_EEvent@Pegas@@UAEPAXI@Z 00401750 f i  CIL library: CIL module
 0001:00000750       ??_EEvent_Player_Stop_Fire@Pegas@@UAEPAXI@Z 00401750 f i  CIL library: CIL module
 0001:00000750       ??_EEvent_Player_EnableControl@Pegas@@UAEPAXI@Z 00401750 f i  CIL library: CIL module
 0001:00000750       ??_EEvent_Player_Stop_Thrust@Pegas@@UAEPAXI@Z 00401750 f i  CIL library: CIL module
 0001:00000750       ??_GEvent_Actor_SetPosition@Pegas@@UAEPAXI@Z 00401750 f i game_manager.obj
 0001:00000750       ??_EEvent_Player_Fire@Pegas@@UAEPAXI@Z 00401750 f i  CIL library: CIL module
 0001:00000750       ??_GEvent_Player_Stop_Rotation@Pegas@@UAEPAXI@Z 00401750 f i game_manager.obj
 0001:00000770       ?getType@Event_Player_EnableGodMode@Pegas@@UBE?AV?$basic_string@DU?$char_traits@D@std@@V?$allocator@D@2@@std@@XZ 00401770 f i game_manager.obj
 0001:000007a0       ?getType@Event_Player_DisableGodMode@Pegas@@UBE?AV?$basic_string@DU?$char_traits@D@std@@V?$allocator@D@2@@std@@XZ 004017a0 f i game_manager.obj
 0001:000007d0       ??0GameManager@Pegas@@QAE@XZ 004017d0 f   game_manager.obj
 0001:000008e0       ??_GGameManager@Pegas@@UAEPAXI@Z 004018e0 f i game_manager.obj
 0001:000008e0       ??_EGameManager@Pegas@@UAEPAXI@Z 004018e0 f i  CIL library: CIL module
 0001:00000900       ??1GameManager@Pegas@@UAE@XZ 00401900 f i game_manager.obj
 0001:000009c0       ?create@GameManager@Pegas@@UAEXPAVIPlatformContext@2@@Z 004019c0 f   game_manager.obj
 0001:00000ad0       ?setupWorldBound@GameManager@Pegas@@AAEXXZ 00401ad0 f   game_manager.obj
 0001:00000b50       ?createShip@GameManager@Pegas@@AAEXXZ 00401b50 f   game_manager.obj
 0001:00000ed0       ?createAsteroids@GameManager@Pegas@@AAEXXZ 00401ed0 f   game_manager.obj
 0001:00001120       ?destroy@GameManager@Pegas@@UAEXPAVIPlatformContext@2@@Z 00402120 f   game_manager.obj
 0001:00001150       ?update@GameManager@Pegas@@UAEXPAVIPlatformContext@2@HH@Z 00402150 f   game_manager.obj
 0001:000017a0       ?render@GameManager@Pegas@@UAEXPAVIPlatformContext@2@@Z 004027a0 f   game_manager.obj
 0001:00001860       ?onKeyDown@GameManager@Pegas@@UAEXHH@Z 00402860 f   game_manager.obj
 0001:00001b70       ?onKeyUp@GameManager@Pegas@@UAEXHH@Z 00402b70 f   game_manager.obj
 0001:00001de0       ?handleEvent@GameManager@Pegas@@UAEXV?$ptr@UEvent@Pegas@@@2@@Z 00402de0 f   game_manager.obj
 0001:00002680       ?isObjectVisible@GameManager@Pegas@@AAE_NABVVector3@2@@Z 00403680 f   game_manager.obj
 0001:000026d0       ?getPositionToTeleport@GameManager@Pegas@@AAE?AVVector3@2@ABV32@@Z 004036d0 f   game_manager.obj
 0001:000027e0       ?getInstance@?$Singleton@VGrafManager@Pegas@@@Pegas@@SAAAVGrafManager@2@XZ 004037e0 f i game_manager.obj
 0001:00002800       ?getInstance@?$Singleton@VEventManager@Pegas@@@Pegas@@SAAAVEventManager@2@XZ 00403800 f i game_manager.obj
 0001:00002820       ??0?$ptr@UEvent@Pegas@@@Pegas@@QAE@ABV01@@Z 00403820 f i game_manager.obj
 0001:00002840       ??C?$ptr@UEvent@Pegas@@@Pegas@@QBEPAUEvent@1@XZ 00403840 f i game_manager.obj
 0001:00002890       ??0?$list@U?$pair@HH@std@@V?$allocator@U?$pair@HH@std@@@2@@std@@QAE@ABV01@@Z 00403890 f i game_manager.obj
 0001:00002940       ??1?$list@U?$pair@HH@std@@V?$allocator@U?$pair@HH@std@@@2@@std@@QAE@XZ 00403940 f i game_manager.obj
 0001:00002960       ?end@?$list@U?$pair@HH@std@@V?$allocator@U?$pair@HH@std@@@2@@std@@QAE?AV?$_Iterator@$00@12@XZ 00403960 f i game_manager.obj
 0001:00002970       ??A?$map@HPAVIGameObject@Pegas@@U?$less@H@std@@V?$allocator@U?$pair@$$CBHPAVIGameObject@Pegas@@@std@@@4@@std@@QAEAAPAVIGameObject@Pegas@@ABH@Z 00403970 f i game_manager.obj
 0001:00002a20       ?insert@?$_Tree@V?$_Tmap_traits@HPAVIGameObject@Pegas@@U?$less@H@std@@V?$allocator@U?$pair@$$CBHPAVIGameObject@Pegas@@@std@@@4@$0A@@std@@@std@@QAE?AU?$pair@Viterator@?$_Tree@V?$_Tmap_traits@HPAVIGameObject@Pegas@@U?$less@H@std@@V?$allocator@U?$pair@$$CBHPAVIGameObject@Pegas@@@std@@@4@$0A@@std@@@std@@_N@2@ABU?$pair@$$CBHPAVIGameObject@Pegas@@@2@@Z 00403a20 f i game_manager.obj
 0001:00002b20       ?erase@?$_Tree@V?$_Tmap_traits@HPAVIGameObject@Pegas@@U?$less@H@std@@V?$allocator@U?$pair@$$CBHPAVIGameObject@Pegas@@@std@@@4@$0A@@std@@@std@@QAEIABH@Z 00403b20 f i game_manager.obj
 0001:00002b90       ?count@?$_Tree@V?$_Tmap_traits@HPAVIGameObject@Pegas@@U?$less@H@std@@V?$allocator@U?$pair@$$CBHPAVIGameObject@Pegas@@@std@@@4@$0A@@std@@@std@@QBEIABH@Z 00403b90 f i game_manager.obj
 0001:00002be0       ??R?$less@H@std@@QBE_NABH0@Z 00403be0 f i game_manager.obj
 0001:00002c00       ?_Tidy@?$list@PAVIDrawable@Pegas@@V?$allocator@PAVIDrawable@Pegas@@@std@@@std@@IAEXXZ 00403c00 f i asteroids.obj
 0001:00002c00       ?_Tidy@?$list@U?$pair@HH@std@@V?$allocator@U?$pair@HH@std@@@2@@std@@IAEXXZ 00403c00 f i game_manager.obj
 0001:00002c50       ??0?$_Tree@V?$_Tmap_traits@HPAVIGameObject@Pegas@@U?$less@H@std@@V?$allocator@U?$pair@$$CBHPAVIGameObject@Pegas@@@std@@@4@$0A@@std@@@std@@QAE@ABU?$less@H@1@ABV?$allocator@U?$pair@$$CBHPAVIGameObject@Pegas@@@std@@@1@@Z 00403c50 f i game_manager.obj
 0001:00002cd0       ?insert@?$_Tree@V?$_Tmap_traits@HPAVIGameObject@Pegas@@U?$less@H@std@@V?$allocator@U?$pair@$$CBHPAVIGameObject@Pegas@@@std@@@4@$0A@@std@@@std@@QAE?AViterator@12@Vconst_iterator@12@ABU?$pair@$$CBHPAVIGameObject@Pegas@@@2@@Z 00403cd0 f i game_manager.obj
 0001:00002ea0       ?erase@?$_Tree@V?$_Tmap_traits@HPAVIGameObject@Pegas@@U?$less@H@std@@V?$allocator@U?$pair@$$CBHPAVIGameObject@Pegas@@@std@@@4@$0A@@std@@@std@@QAE?AViterator@12@Vconst_iterator@12@0@Z 00403ea0 f i game_manager.obj
 0001:00002f80       ?_Insert@?$_Tree@V?$_Tmap_traits@HPAVIGameObject@Pegas@@U?$less@H@std@@V?$allocator@U?$pair@$$CBHPAVIGameObject@Pegas@@@std@@@4@$0A@@std@@@std@@IAE?AViterator@12@_NPAU_Node@?$_Tree_nod@V?$_Tmap_traits@HPAVIGameObject@Pegas@@U?$less@H@std@@V?$allocator@U?$pair@$$CBHPAVIGameObject@Pegas@@@std@@@4@$0A@@std@@@2@ABU?$pair@$$CBHPAVIGameObject@Pegas@@@2@@Z 00403f80 f i game_manager.obj
 0001:000031d0       ?_Tidy@?$_Tree@V?$_Tmap_traits@HPAVIGameObject@Pegas@@U?$less@H@std@@V?$allocator@U?$pair@$$CBHPAVIGameObject@Pegas@@@std@@@4@$0A@@std@@@std@@IAEXXZ 004041d0 f i game_manager.obj
 0001:00003210       ??8const_iterator@?$_Tree@V?$_Tmap_traits@HPAVIGameObject@Pegas@@U?$less@H@std@@V?$allocator@U?$pair@$$CBHPAVIGameObject@Pegas@@@std@@@4@$0A@@std@@@std@@QBE_NABV012@@Z 00404210 f i game_manager.obj
 0001:00003210       ??8const_iterator@?$_Tree@V?$_Tset_traits@PAVIEventListener@Pegas@@U?$less@PAVIEventListener@Pegas@@@std@@V?$allocator@PAVIEventListener@Pegas@@@4@$0A@@std@@@std@@QBE_NABV012@@Z 00404210 f i asteroids.obj
 0001:00003210       ??8const_iterator@?$_Tree@V?$_Tmap_traits@HV?$ptr@VProcess@Pegas@@@Pegas@@U?$less@H@std@@V?$allocator@U?$pair@$$CBHV?$ptr@VProcess@Pegas@@@Pegas@@@std@@@4@$0A@@std@@@std@@QBE_NABV012@@Z 00404210 f i game_manager.obj
 0001:00003210       ??8const_iterator@?$_Tree@V?$_Tmap_traits@V?$basic_string@DU?$char_traits@D@std@@V?$allocator@D@2@@std@@V?$ptr@V?$set@PAVIEventListener@Pegas@@U?$less@PAVIEventListener@Pegas@@@std@@V?$allocator@PAVIEventListener@Pegas@@@4@@std@@@Pegas@@U?$less@V?$basic_string@DU?$char_traits@D@std@@V?$allocator@D@2@@std@@@2@V?$allocator@U?$pair@$$CBV?$basic_string@DU?$char_traits@D@std@@V?$allocator@D@2@@std@@V?$ptr@V?$set@PAVIEventListener@Pegas@@U?$less@PAVIEventListener@Pegas@@@std@@V?$allocator@PAVIEventListener@Pegas@@@4@@std@@@Pegas@@@std@@@2@$0A@@std@@@std@@QBE_NABV012@@Z 00404210 f i asteroids.obj
 0001:00003230       ??E?$_Const_iterator@$00@?$list@U?$pair@HH@std@@V?$allocator@U?$pair@HH@std@@@2@@std@@QAEAAV012@XZ 00404230 f i game_manager.obj
 0001:00003260       ?clear@?$list@U?$pair@HH@std@@V?$allocator@U?$pair@HH@std@@@2@@std@@QAEXXZ 00404260 f i game_manager.obj
 0001:000032a0       ?erase@?$_Tree@V?$_Tmap_traits@HPAVIGameObject@Pegas@@U?$less@H@std@@V?$allocator@U?$pair@$$CBHPAVIGameObject@Pegas@@@std@@@4@$0A@@std@@@std@@QAE?AViterator@12@Vconst_iterator@12@@Z 004042a0 f i game_manager.obj
 0001:00003570       ?_Eqrange@?$_Tree@V?$_Tmap_traits@HPAVIGameObject@Pegas@@U?$less@H@std@@V?$allocator@U?$pair@$$CBHPAVIGameObject@Pegas@@@std@@@4@$0A@@std@@@std@@IAE?AU?$pair@Viterator@?$_Tree@V?$_Tmap_traits@HPAVIGameObject@Pegas@@U?$less@H@std@@V?$allocator@U?$pair@$$CBHPAVIGameObject@Pegas@@@std@@@4@$0A@@std@@@std@@V123@@2@ABH@Z 00404570 f i game_manager.obj
 0001:00003570       ?_Eqrange@?$_Tree@V?$_Tmap_traits@HPAVIGameObject@Pegas@@U?$less@H@std@@V?$allocator@U?$pair@$$CBHPAVIGameObject@Pegas@@@std@@@4@$0A@@std@@@std@@IBE?AU?$pair@Vconst_iterator@?$_Tree@V?$_Tmap_traits@HPAVIGameObject@Pegas@@U?$less@H@std@@V?$allocator@U?$pair@$$CBHPAVIGameObject@Pegas@@@std@@@4@$0A@@std@@@std@@V123@@2@ABH@Z 00404570 f i game_manager.obj
 0001:00003600       ?_Lrotate@?$_Tree@V?$_Tmap_traits@HPAVIGameObject@Pegas@@U?$less@H@std@@V?$allocator@U?$pair@$$CBHPAVIGameObject@Pegas@@@std@@@4@$0A@@std@@@std@@IAEXPAU_Node@?$_Tree_nod@V?$_Tmap_traits@HPAVIGameObject@Pegas@@U?$less@H@std@@V?$allocator@U?$pair@$$CBHPAVIGameObject@Pegas@@@std@@@4@$0A@@std@@@2@@Z 00404600 f i game_manager.obj
 0001:00003650       ?_Rrotate@?$_Tree@V?$_Tmap_traits@HPAVIGameObject@Pegas@@U?$less@H@std@@V?$allocator@U?$pair@$$CBHPAVIGameObject@Pegas@@@std@@@4@$0A@@std@@@std@@IAEXPAU_Node@?$_Tree_nod@V?$_Tmap_traits@HPAVIGameObject@Pegas@@U?$less@H@std@@V?$allocator@U?$pair@$$CBHPAVIGameObject@Pegas@@@std@@@4@$0A@@std@@@2@@Z 00404650 f i game_manager.obj
 0001:000036a0       ?_Buynode@?$_Tree@V?$_Tmap_traits@HPAVIGameObject@Pegas@@U?$less@H@std@@V?$allocator@U?$pair@$$CBHPAVIGameObject@Pegas@@@std@@@4@$0A@@std@@@std@@IAEPAU_Node@?$_Tree_nod@V?$_Tmap_traits@HPAVIGameObject@Pegas@@U?$less@H@std@@V?$allocator@U?$pair@$$CBHPAVIGameObject@Pegas@@@std@@@4@$0A@@std@@@2@PAU342@00ABU?$pair@$$CBHPAVIGameObject@Pegas@@@2@D@Z 004046a0 f i game_manager.obj
 0001:000036e0       ?_Inc@const_iterator@?$_Tree@V?$_Tmap_traits@HPAVIGameObject@Pegas@@U?$less@H@std@@V?$allocator@U?$pair@$$CBHPAVIGameObject@Pegas@@@std@@@4@$0A@@std@@@std@@QAEXXZ 004046e0 f i game_manager.obj
 0001:00003750       ?_Max@?$_Tree@V?$_Tmap_traits@HPAVIGameObject@Pegas@@U?$less@H@std@@V?$allocator@U?$pair@$$CBHPAVIGameObject@Pegas@@@std@@@4@$0A@@std@@@std@@KAPAU_Node@?$_Tree_nod@V?$_Tmap_traits@HPAVIGameObject@Pegas@@U?$less@H@std@@V?$allocator@U?$pair@$$CBHPAVIGameObject@Pegas@@@std@@@4@$0A@@std@@@2@PAU342@@Z 00404750 f i game_manager.obj
 0001:00003770       ?_Buynode@?$_Tree@V?$_Tmap_traits@HPAVIGameObject@Pegas@@U?$less@H@std@@V?$allocator@U?$pair@$$CBHPAVIGameObject@Pegas@@@std@@@4@$0A@@std@@@std@@IAEPAU_Node@?$_Tree_nod@V?$_Tmap_traits@HPAVIGameObject@Pegas@@U?$less@H@std@@V?$allocator@U?$pair@$$CBHPAVIGameObject@Pegas@@@std@@@4@$0A@@std@@@2@XZ 00404770 f i game_manager.obj
 0001:000037b0       ?_Dec@const_iterator@?$_Tree@V?$_Tmap_traits@HPAVIGameObject@Pegas@@U?$less@H@std@@V?$allocator@U?$pair@$$CBHPAVIGameObject@Pegas@@@std@@@4@$0A@@std@@@std@@QAEXXZ 004047b0 f i game_manager.obj
 0001:00003830       ??$?8DU?$char_traits@D@std@@V?$allocator@D@1@@std@@YA_NABV?$basic_string@DU?$char_traits@D@std@@V?$allocator@D@2@@0@PBD@Z 00404830 f i game_manager.obj
 0001:00003860       ??$?8DU?$char_traits@D@std@@V?$allocator@D@1@@std@@YA_NABV?$basic_string@DU?$char_traits@D@std@@V?$allocator@D@2@@0@0@Z 00404860 f i game_manager.obj
 0001:00003890       ??$?0VWaiting@Pegas@@@?$ptr@VProcess@Pegas@@@Pegas@@QAE@PAVWaiting@1@PAUCounter@1@@Z 00404890 f i game_manager.obj
 0001:00003890       ??$?0UEvent_Actor_CreateShip@Pegas@@@?$ptr@UEvent@Pegas@@@Pegas@@QAE@PAUEvent_Actor_CreateShip@1@PAUCounter@1@@Z 00404890 f i game_manager.obj
 0001:00003890       ??$?0VExplosion@Pegas@@@?$ptr@VProcess@Pegas@@@Pegas@@QAE@PAVExplosion@1@PAUCounter@1@@Z 00404890 f i game_manager.obj
 0001:00003890       ??$?0VBullet@Pegas@@@?$ptr@VProcess@Pegas@@@Pegas@@QAE@PAVBullet@1@PAUCounter@1@@Z 00404890 f i game_manager.obj
 0001:00003890       ??$?0UEvent_Player_EnableGodMode@Pegas@@@?$ptr@UEvent@Pegas@@@Pegas@@QAE@PAUEvent_Player_EnableGodMode@1@PAUCounter@1@@Z 00404890 f i game_manager.obj
 0001:00003890       ??$?0UEvent_Player_DisableGodMode@Pegas@@@?$ptr@UEvent@Pegas@@@Pegas@@QAE@PAUEvent_Player_DisableGodMode@1@PAUCounter@1@@Z 00404890 f i game_manager.obj
 0001:000038d0       ??$_Distance@Vconst_iterator@?$_Tree@V?$_Tmap_traits@HPAVIGameObject@Pegas@@U?$less@H@std@@V?$allocator@U?$pair@$$CBHPAVIGameObject@Pegas@@@std@@@4@$0A@@std@@@std@@I@std@@YAXVconst_iterator@?$_Tree@V?$_Tmap_traits@HPAVIGameObject@Pegas@@U?$less@H@std@@V?$allocator@U?$pair@$$CBHPAVIGameObject@Pegas@@@std@@@4@$0A@@std@@@0@0AAI@Z 004048d0 f i game_manager.obj
 0001:000038d0       ??$_Distance@Viterator@?$_Tree@V?$_Tmap_traits@HPAVIGameObject@Pegas@@U?$less@H@std@@V?$allocator@U?$pair@$$CBHPAVIGameObject@Pegas@@@std@@@4@$0A@@std@@@std@@I@std@@YAXViterator@?$_Tree@V?$_Tmap_traits@HPAVIGameObject@Pegas@@U?$less@H@std@@V?$allocator@U?$pair@$$CBHPAVIGameObject@Pegas@@@std@@@4@$0A@@std@@@0@0AAI@Z 004048d0 f i game_manager.obj
 0001:00003920       ??$_Allocate@U_Node@?$_Tree_nod@V?$_Tmap_traits@HPAVIGameObject@Pegas@@U?$less@H@std@@V?$allocator@U?$pair@$$CBHPAVIGameObject@Pegas@@@std@@@4@$0A@@std@@@std@@@std@@YAPAU_Node@?$_Tree_nod@V?$_Tmap_traits@HPAVIGameObject@Pegas@@U?$less@H@std@@V?$allocator@U?$pair@$$CBHPAVIGameObject@Pegas@@@std@@@4@$0A@@std@@@0@IPAU120@@Z 00404920 f i game_manager.obj
 0001:00003980       ??$_Insert@V?$_Const_iterator@$00@?$list@U?$pair@HH@std@@V?$allocator@U?$pair@HH@std@@@2@@std@@@?$list@U?$pair@HH@std@@V?$allocator@U?$pair@HH@std@@@2@@std@@QAEXV?$_Const_iterator@$00@01@00Uforward_iterator_tag@1@@Z 00404980 f i game_manager.obj
 0001:00003ae0       ?_Insert@?$list@U?$pair@HH@std@@V?$allocator@U?$pair@HH@std@@@2@@std@@QAEXV?$_Const_iterator@$00@12@ABU?$pair@HH@2@@Z 00404ae0 f i game_manager.obj
 0001:00003b10       ?erase@?$list@U?$pair@HH@std@@V?$allocator@U?$pair@HH@std@@@2@@std@@QAE?AV?$_Iterator@$00@12@V?$_Const_iterator@$00@12@@Z 00404b10 f i game_manager.obj
 0001:00003b90       ?_Buynode@?$list@U?$pair@HH@std@@V?$allocator@U?$pair@HH@std@@@2@@std@@IAEPAU_Node@?$_List_nod@U?$pair@HH@std@@V?$allocator@U?$pair@HH@std@@@2@@2@PAU342@0ABU?$pair@HH@2@@Z 00404b90 f i game_manager.obj
 0001:00003bd0       ?_Incsize@?$list@U?$pair@HH@std@@V?$allocator@U?$pair@HH@std@@@2@@std@@IAEXI@Z 00404bd0 f i game_manager.obj
 0001:00003c70       ??_EGameManager@Pegas@@WDI@AEPAXI@Z 00404c70 f i game_manager.obj
 0001:00003c80       ??_EGameManager@Pegas@@WCM@AEPAXI@Z 00404c80 f i game_manager.obj
 0001:00003c90       ??_EGameManager@Pegas@@WDA@AEPAXI@Z 00404c90 f i game_manager.obj
 0001:00003ca0       ?compare@?$basic_string@DU?$char_traits@D@std@@V?$allocator@D@2@@std@@QBEHABV12@@Z 00404ca0 f i game_manager.obj
 0001:00003ce0       ?compare@?$char_traits@D@std@@SAHPBD0I@Z 00404ce0 f i game_manager.obj
 0001:00003d60       ?compare@?$basic_string@DU?$char_traits@D@std@@V?$allocator@D@2@@std@@QBEHIIPBDI@Z 00404d60 f i game_manager.obj
 0001:00003dd0       ?_Getmycont@_Iterator_base_aux@std@@QBEPBV_Container_base_aux@2@XZ 00404dd0 f i game_manager.obj
 0001:00003de0       ??1out_of_range@std@@UAE@XZ 00404de0 f i game_manager.obj
 0001:00003de0       ??1length_error@std@@UAE@XZ 00404de0 f i game_manager.obj
 0001:00003e20       ??0length_error@std@@QAE@ABV01@@Z 00404e20 f i game_manager.obj
 0001:00003e40       ??0length_error@std@@QAE@ABV?$basic_string@DU?$char_traits@D@std@@V?$allocator@D@2@@1@@Z 00404e40 f i game_manager.obj
 0001:00003e60       ??_ENullPointerException@Pegas@@UAEPAXI@Z 00404e60 f i  CIL library: CIL module
 0001:00003e60       ??_GNullPointerException@Pegas@@UAEPAXI@Z 00404e60 f i game_manager.obj
 0001:00003e90       ?what@NullPointerException@Pegas@@UBEPBDXZ 00404e90 f i game_manager.obj
 0001:00003ea0       ??0NullPointerException@Pegas@@QAE@XZ 00404ea0 f i game_manager.obj
 0001:00003ec0       ??HPegas@@YA?AVVector3@0@ABV10@0@Z 00404ec0 f i game_manager.obj
 0001:00003ee0       ??GPegas@@YA?AVVector3@0@ABV10@0@Z 00404ee0 f i game_manager.obj
 0001:00003f00       ?length@Vector3@Pegas@@QAEMXZ 00404f00 f i game_manager.obj
 0001:00003f30       ?normalize@Vector3@Pegas@@QAEAAV12@XZ 00404f30 f i game_manager.obj
 0001:00003f90       _sinf                      00404f90 f i game_manager.obj
 0001:00003fb0       _cosf                      00404fb0 f i game_manager.obj
 0001:00003fd0       ??1?$ptr@UEvent@Pegas@@@Pegas@@QAE@XZ 00404fd0 f i game_manager.obj
 0001:00003fd0       ?release@?$ptr@VProcess@Pegas@@@Pegas@@AAEXXZ 00404fd0 f i game_manager.obj
 0001:00003fd0       ??1?$ptr@VIGameState@Pegas@@@Pegas@@QAE@XZ 00404fd0 f i asteroids.obj
 0001:00003fd0       ??1?$ptr@VFile@Pegas@@@Pegas@@QAE@XZ 00404fd0 f i asteroids.obj
 0001:00003fd0       ??1?$ptr@VProcess@Pegas@@@Pegas@@QAE@XZ 00404fd0 f i game_manager.obj
 0001:00003fd0       ?release@?$ptr@VIGameState@Pegas@@@Pegas@@AAEXXZ 00404fd0 f i asteroids.obj
 0001:00004010       ??0Vector3@Pegas@@QAE@MMM@Z 00405010 f i game_manager.obj
 0001:00004030       ??1ProcessManager@Pegas@@UAE@XZ 00405030 f i game_manager.obj
 0001:000040d0       ??_GProcessManager@Pegas@@UAEPAXI@Z 004050d0 f i game_manager.obj
 0001:000040d0       ??_EProcessManager@Pegas@@UAEPAXI@Z 004050d0 f i  CIL library: CIL module
 0001:000040f0       ??$_Allocate@U_Node@?$_Tree_nod@V?$_Tmap_traits@HV?$ptr@VProcess@Pegas@@@Pegas@@U?$less@H@std@@V?$allocator@U?$pair@$$CBHV?$ptr@VProcess@Pegas@@@Pegas@@@std@@@4@$0A@@std@@@std@@@std@@YAPAU_Node@?$_Tree_nod@V?$_Tmap_traits@HV?$ptr@VProcess@Pegas@@@Pegas@@U?$less@H@std@@V?$allocator@U?$pair@$$CBHV?$ptr@VProcess@Pegas@@@Pegas@@@std@@@4@$0A@@std@@@0@IPAU120@@Z 004050f0 f i game_manager.obj
 0001:00004150       ?allocate@?$allocator@U_Node@?$_Tree_nod@V?$_Tmap_traits@HV?$ptr@VProcess@Pegas@@@Pegas@@U?$less@H@std@@V?$allocator@U?$pair@$$CBHV?$ptr@VProcess@Pegas@@@Pegas@@@std@@@4@$0A@@std@@@std@@@std@@QAEPAU_Node@?$_Tree_nod@V?$_Tmap_traits@HV?$ptr@VProcess@Pegas@@@Pegas@@U?$less@H@std@@V?$allocator@U?$pair@$$CBHV?$ptr@VProcess@Pegas@@@Pegas@@@std@@@4@$0A@@std@@@2@I@Z 00405150 f i game_manager.obj
 0001:00004160       ?_Buynode@?$_Tree@V?$_Tmap_traits@HV?$ptr@VProcess@Pegas@@@Pegas@@U?$less@H@std@@V?$allocator@U?$pair@$$CBHV?$ptr@VProcess@Pegas@@@Pegas@@@std@@@4@$0A@@std@@@std@@IAEPAU_Node@?$_Tree_nod@V?$_Tmap_traits@HV?$ptr@VProcess@Pegas@@@Pegas@@U?$less@H@std@@V?$allocator@U?$pair@$$CBHV?$ptr@VProcess@Pegas@@@Pegas@@@std@@@4@$0A@@std@@@2@XZ 00405160 f i game_manager.obj
 0001:00004160       ?_Buynode@?$_Tree@V?$_Tmap_traits@HV?$ptr@VIGameState@Pegas@@@Pegas@@U?$less@H@std@@V?$allocator@U?$pair@$$CBHV?$ptr@VIGameState@Pegas@@@Pegas@@@std@@@4@$0A@@std@@@std@@IAEPAU_Node@?$_Tree_nod@V?$_Tmap_traits@HV?$ptr@VIGameState@Pegas@@@Pegas@@U?$less@H@std@@V?$allocator@U?$pair@$$CBHV?$ptr@VIGameState@Pegas@@@Pegas@@@std@@@4@$0A@@std@@@2@XZ 00405160 f i game_application.obj
 0001:000041a0       ??0?$_Tree@V?$_Tmap_traits@HV?$ptr@VIGameState@Pegas@@@Pegas@@U?$less@H@std@@V?$allocator@U?$pair@$$CBHV?$ptr@VIGameState@Pegas@@@Pegas@@@std@@@4@$0A@@std@@@std@@QAE@ABU?$less@H@1@ABV?$allocator@U?$pair@$$CBHV?$ptr@VIGameState@Pegas@@@Pegas@@@std@@@1@@Z 004051a0 f i game_application.obj
 0001:000041a0       ??0?$_Tree@V?$_Tmap_traits@HV?$ptr@VProcess@Pegas@@@Pegas@@U?$less@H@std@@V?$allocator@U?$pair@$$CBHV?$ptr@VProcess@Pegas@@@Pegas@@@std@@@4@$0A@@std@@@std@@QAE@ABU?$less@H@1@ABV?$allocator@U?$pair@$$CBHV?$ptr@VProcess@Pegas@@@Pegas@@@std@@@1@@Z 004051a0 f i game_manager.obj
 0001:00004220       ?_Erase@?$_Tree@V?$_Tmap_traits@HV?$ptr@VIGameState@Pegas@@@Pegas@@U?$less@H@std@@V?$allocator@U?$pair@$$CBHV?$ptr@VIGameState@Pegas@@@Pegas@@@std@@@4@$0A@@std@@@std@@IAEXPAU_Node@?$_Tree_nod@V?$_Tmap_traits@HV?$ptr@VIGameState@Pegas@@@Pegas@@U?$less@H@std@@V?$allocator@U?$pair@$$CBHV?$ptr@VIGameState@Pegas@@@Pegas@@@std@@@4@$0A@@std@@@2@@Z 00405220 f i asteroids.obj
 0001:00004220       ?_Erase@?$_Tree@V?$_Tmap_traits@HV?$ptr@VProcess@Pegas@@@Pegas@@U?$less@H@std@@V?$allocator@U?$pair@$$CBHV?$ptr@VProcess@Pegas@@@Pegas@@@std@@@4@$0A@@std@@@std@@IAEXPAU_Node@?$_Tree_nod@V?$_Tmap_traits@HV?$ptr@VProcess@Pegas@@@Pegas@@U?$less@H@std@@V?$allocator@U?$pair@$$CBHV?$ptr@VProcess@Pegas@@@Pegas@@@std@@@4@$0A@@std@@@2@@Z 00405220 f i game_manager.obj
 0001:00004290       ?clear@?$_Tree@V?$_Tmap_traits@HV?$ptr@VProcess@Pegas@@@Pegas@@U?$less@H@std@@V?$allocator@U?$pair@$$CBHV?$ptr@VProcess@Pegas@@@Pegas@@@std@@@4@$0A@@std@@@std@@QAEXXZ 00405290 f i game_manager.obj
 0001:000042c0       ?_Same_container@_Iterator_base_aux@std@@QBE_NABV12@@Z 004052c0 f i game_manager.obj
 0001:000042e0       ??0logic_error@std@@QAE@ABV?$basic_string@DU?$char_traits@D@std@@V?$allocator@D@2@@1@@Z 004052e0 f i game_manager.obj
 0001:00004350       ??0out_of_range@std@@QAE@ABV?$basic_string@DU?$char_traits@D@std@@V?$allocator@D@2@@1@@Z 00405350 f i game_manager.obj
 0001:00004370       ??0out_of_range@std@@QAE@ABV01@@Z 00405370 f i game_manager.obj
 0001:00004390       ??_Glogic_error@std@@UAEPAXI@Z 00405390 f i game_manager.obj
 0001:00004390       ??_Gout_of_range@std@@UAEPAXI@Z 00405390 f i game_manager.obj
 0001:00004390       ??_Glength_error@std@@UAEPAXI@Z 00405390 f i game_manager.obj
 0001:00004390       ??_Elength_error@std@@UAEPAXI@Z 00405390 f i  CIL library: CIL module
 0001:00004390       ??_Elogic_error@std@@UAEPAXI@Z 00405390 f i  CIL library: CIL module
 0001:00004390       ??_Eout_of_range@std@@UAEPAXI@Z 00405390 f i  CIL library: CIL module
 0001:000043e0       ?c_str@?$basic_string@DU?$char_traits@D@std@@V?$allocator@D@2@@std@@QBEPBDXZ 004053e0 f i game_manager.obj
 0001:000043f0       ?what@logic_error@std@@UBEPBDXZ 004053f0 f i game_manager.obj
 0001:00004400       ??0logic_error@std@@QAE@ABV01@@Z 00405400 f i game_manager.obj
 0001:00004480       ?_Max@?$_Tree@V?$_Tmap_traits@HV?$ptr@VProcess@Pegas@@@Pegas@@U?$less@H@std@@V?$allocator@U?$pair@$$CBHV?$ptr@VProcess@Pegas@@@Pegas@@@std@@@4@$0A@@std@@@std@@KAPAU_Node@?$_Tree_nod@V?$_Tmap_traits@HV?$ptr@VProcess@Pegas@@@Pegas@@U?$less@H@std@@V?$allocator@U?$pair@$$CBHV?$ptr@VProcess@Pegas@@@Pegas@@@std@@@4@$0A@@std@@@2@PAU342@@Z 00405480 f i game_manager.obj
 0001:000044a0       ??$swap@D@std@@YAXAAD0@Z   004054a0 f i game_manager.obj
 0001:000044c0       ?_Lrotate@?$_Tree@V?$_Tmap_traits@HV?$ptr@VProcess@Pegas@@@Pegas@@U?$less@H@std@@V?$allocator@U?$pair@$$CBHV?$ptr@VProcess@Pegas@@@Pegas@@@std@@@4@$0A@@std@@@std@@IAEXPAU_Node@?$_Tree_nod@V?$_Tmap_traits@HV?$ptr@VProcess@Pegas@@@Pegas@@U?$less@H@std@@V?$allocator@U?$pair@$$CBHV?$ptr@VProcess@Pegas@@@Pegas@@@std@@@4@$0A@@std@@@2@@Z 004054c0 f i game_manager.obj
 0001:00004510       ?_Rrotate@?$_Tree@V?$_Tmap_traits@HV?$ptr@VProcess@Pegas@@@Pegas@@U?$less@H@std@@V?$allocator@U?$pair@$$CBHV?$ptr@VProcess@Pegas@@@Pegas@@@std@@@4@$0A@@std@@@std@@IAEXPAU_Node@?$_Tree_nod@V?$_Tmap_traits@HV?$ptr@VProcess@Pegas@@@Pegas@@U?$less@H@std@@V?$allocator@U?$pair@$$CBHV?$ptr@VProcess@Pegas@@@Pegas@@@std@@@4@$0A@@std@@@2@@Z 00405510 f i game_manager.obj
 0001:00004560       ?_Color@?$_Tree@V?$_Tmap_traits@HV?$ptr@VProcess@Pegas@@@Pegas@@U?$less@H@std@@V?$allocator@U?$pair@$$CBHV?$ptr@VProcess@Pegas@@@Pegas@@@std@@@4@$0A@@std@@@std@@KAAADPAU_Node@?$_Tree_nod@V?$_Tmap_traits@HV?$ptr@VProcess@Pegas@@@Pegas@@U?$less@H@std@@V?$allocator@U?$pair@$$CBHV?$ptr@VProcess@Pegas@@@Pegas@@@std@@@4@$0A@@std@@@2@@Z 00405560 f i game_manager.obj
 0001:00004570       ??1?$pair@$$CBHV?$ptr@VProcess@Pegas@@@Pegas@@@std@@QAE@XZ 00405570 f i game_manager.obj
 0001:000045b0       ?erase@?$_Tree@V?$_Tmap_traits@HV?$ptr@VProcess@Pegas@@@Pegas@@U?$less@H@std@@V?$allocator@U?$pair@$$CBHV?$ptr@VProcess@Pegas@@@Pegas@@@std@@@4@$0A@@std@@@std@@QAE?AViterator@12@Vconst_iterator@12@@Z 004055b0 f i game_manager.obj
 0001:000048d0       ?_Has_container@_Iterator_base_aux@std@@QBE_NXZ 004058d0 f i game_manager.obj
 0001:000048e0       ?_Isnil@?$_Tree@V?$_Tmap_traits@HV?$ptr@VProcess@Pegas@@@Pegas@@U?$less@H@std@@V?$allocator@U?$pair@$$CBHV?$ptr@VProcess@Pegas@@@Pegas@@@std@@@4@$0A@@std@@@std@@KAAADPAU_Node@?$_Tree_nod@V?$_Tmap_traits@HV?$ptr@VProcess@Pegas@@@Pegas@@U?$less@H@std@@V?$allocator@U?$pair@$$CBHV?$ptr@VProcess@Pegas@@@Pegas@@@std@@@4@$0A@@std@@@2@@Z 004058e0 f i game_manager.obj
 0001:000048f0       ?_Inc@const_iterator@?$_Tree@V?$_Tmap_traits@HV?$ptr@VProcess@Pegas@@@Pegas@@U?$less@H@std@@V?$allocator@U?$pair@$$CBHV?$ptr@VProcess@Pegas@@@Pegas@@@std@@@4@$0A@@std@@@std@@QAEXXZ 004058f0 f i game_manager.obj
 0001:00004960       ??Econst_iterator@?$_Tree@V?$_Tmap_traits@HV?$ptr@VProcess@Pegas@@@Pegas@@U?$less@H@std@@V?$allocator@U?$pair@$$CBHV?$ptr@VProcess@Pegas@@@Pegas@@@std@@@4@$0A@@std@@@std@@QAEAAV012@XZ 00405960 f i game_manager.obj
 0001:00004970       ?erase@?$_Tree@V?$_Tmap_traits@HV?$ptr@VProcess@Pegas@@@Pegas@@U?$less@H@std@@V?$allocator@U?$pair@$$CBHV?$ptr@VProcess@Pegas@@@Pegas@@@std@@@4@$0A@@std@@@std@@QAE?AViterator@12@Vconst_iterator@12@0@Z 00405970 f i game_manager.obj
 0001:00004a50       ?end@?$_Tree@V?$_Tset_traits@PAVIEventListener@Pegas@@U?$less@PAVIEventListener@Pegas@@@std@@V?$allocator@PAVIEventListener@Pegas@@@4@$0A@@std@@@std@@QAE?AViterator@12@XZ 00405a50 f i asteroids.obj
 0001:00004a50       ?end@?$_Tree@V?$_Tmap_traits@V?$basic_string@DU?$char_traits@D@std@@V?$allocator@D@2@@std@@V?$ptr@V?$set@PAVIEventListener@Pegas@@U?$less@PAVIEventListener@Pegas@@@std@@V?$allocator@PAVIEventListener@Pegas@@@4@@std@@@Pegas@@U?$less@V?$basic_string@DU?$char_traits@D@std@@V?$allocator@D@2@@std@@@2@V?$allocator@U?$pair@$$CBV?$basic_string@DU?$char_traits@D@std@@V?$allocator@D@2@@std@@V?$ptr@V?$set@PAVIEventListener@Pegas@@U?$less@PAVIEventListener@Pegas@@@std@@V?$allocator@PAVIEventListener@Pegas@@@4@@std@@@Pegas@@@std@@@2@$0A@@std@@@std@@QAE?AViterator@12@XZ 00405a50 f i asteroids.obj
 0001:00004a50       ?end@?$_Tree@V?$_Tmap_traits@HV?$ptr@VProcess@Pegas@@@Pegas@@U?$less@H@std@@V?$allocator@U?$pair@$$CBHV?$ptr@VProcess@Pegas@@@Pegas@@@std@@@4@$0A@@std@@@std@@QAE?AViterator@12@XZ 00405a50 f i game_manager.obj
 0001:00004a60       ??0?$_Bidit@U?$pair@$$CBHV?$ptr@VProcess@Pegas@@@Pegas@@@std@@HPBU12@ABU12@@std@@QAE@XZ 00405a60 f i game_manager.obj
 0001:00004a70       ?_Set_container@_Iterator_base_aux@std@@QAEXQBV_Container_base_aux@2@@Z 00405a70 f i game_manager.obj
 0001:00004a80       ??0?$allocator@V?$ptr@UEvent@Pegas@@@Pegas@@@std@@QAE@XZ 00405a80 f i game_application.obj
 0001:00004a80       ?destroy@?$allocator@PAU_Node@?$_List_nod@V?$ptr@VBaseScreenLayer@Pegas@@@Pegas@@V?$allocator@V?$ptr@VBaseScreenLayer@Pegas@@@Pegas@@@std@@@std@@@std@@QAEXPAPAU_Node@?$_List_nod@V?$ptr@VBaseScreenLayer@Pegas@@@Pegas@@V?$allocator@V?$ptr@VBaseScreenLayer@Pegas@@@Pegas@@@std@@@2@@Z 00405a80 f i game_application.obj
 0001:00004a80       ?render@GrafManager@Pegas@@UAEXXZ 00405a80 f i asteroids.obj
 0001:00004a80       ??0?$allocator@VVector3@Pegas@@@std@@QAE@XZ 00405a80 f i game_objects.obj
 0001:00004a80       ?_Nextnode@?$list@V?$ptr@VBaseScreenLayer@Pegas@@@Pegas@@V?$allocator@V?$ptr@VBaseScreenLayer@Pegas@@@Pegas@@@std@@@std@@KAAAPAU_Node@?$_List_nod@V?$ptr@VBaseScreenLayer@Pegas@@@Pegas@@V?$allocator@V?$ptr@VBaseScreenLayer@Pegas@@@Pegas@@@std@@@2@PAU342@@Z 00405a80 f i game_application.obj
 0001:00004a80       ??0?$allocator@VVector3@Pegas@@@std@@QAE@ABV01@@Z 00405a80 f i game_objects.obj
 0001:00004a80       ?destroy@?$allocator@H@std@@QAEXPAH@Z 00405a80 f i game_manager.obj
 0001:00004a80       ??1_Container_base_aux@std@@QAE@XZ 00405a80 f i game_manager.obj
 0001:00004a80       ??0?$allocator@V?$ptr@UEvent@Pegas@@@Pegas@@@std@@QAE@ABV01@@Z 00405a80 f i game_application.obj
 0001:00004a80       ?_Destroy@?$vector@VVector3@Pegas@@V?$allocator@VVector3@Pegas@@@std@@@std@@IAEXPAVVector3@Pegas@@0@Z 00405a80 f i game_objects.obj
 0001:00004a80       ?_Left@?$_Tree@V?$_Tmap_traits@V?$basic_string@DU?$char_traits@D@std@@V?$allocator@D@2@@std@@V?$ptr@V?$set@PAVIEventListener@Pegas@@U?$less@PAVIEventListener@Pegas@@@std@@V?$allocator@PAVIEventListener@Pegas@@@4@@std@@@Pegas@@U?$less@V?$basic_string@DU?$char_traits@D@std@@V?$allocator@D@2@@std@@@2@V?$allocator@U?$pair@$$CBV?$basic_string@DU?$char_traits@D@std@@V?$allocator@D@2@@std@@V?$ptr@V?$set@PAVIEventListener@Pegas@@U?$less@PAVIEventListener@Pegas@@@std@@V?$allocator@PAVIEventListener@Pegas@@@4@@std@@@Pegas@@@std@@@2@$0A@@std@@@std@@KAAAPAU_Node@?$_Tree_nod@V?$_Tmap_traits@V?$basic_string@DU?$char_traits@D@std@@V?$allocator@D@2@@std@@V?$ptr@V?$set@PAVIEventListener@Pegas@@U?$less@PAVIEventListener@Pegas@@@std@@V?$allocator@PAVIEventListener@Pegas@@@4@@std@@@Pegas@@U?$less@V?$basic_string@DU?$char_traits@D@std@@V?$allocator@D@2@@std@@@2@V?$allocator@U?$pair@$$CBV?$basic_string@DU?$char_traits@D@std@@V?$allocator@D@2@@std@@V?$ptr@V?$set@PAVIEventListener@Pegas@@U?$less@PAVIEventListener@Pegas@@@std@@V?$allocator@PAVIEventListener@Pegas@@@4@@std@@@Pegas@@@std@@@2@$0A@@std@@@2@PAU342@@Z 00405a80 f i asteroids.obj
 0001:00004a80       ??0?$allocator@U?$pair@HH@std@@@std@@QAE@XZ 00405a80 f i game_objects.obj
 0001:00004a80       ?_Left@?$_Tree@V?$_Tset_traits@PAVIEventListener@Pegas@@U?$less@PAVIEventListener@Pegas@@@std@@V?$allocator@PAVIEventListener@Pegas@@@4@$0A@@std@@@std@@KAAAPAU_Node@?$_Tree_nod@V?$_Tset_traits@PAVIEventListener@Pegas@@U?$less@PAVIEventListener@Pegas@@@std@@V?$allocator@PAVIEventListener@Pegas@@@4@$0A@@std@@@2@PAU342@@Z 00405a80 f i asteroids.obj
 0001:00004a80       ?destroy@?$allocator@VVector3@Pegas@@@std@@QAEXPAVVector3@Pegas@@@Z 00405a80 f i game_objects.obj
 0001:00004a80       ?destroy@?$allocator@PAU_Node@?$_Tree_nod@V?$_Tset_traits@PAVIEventListener@Pegas@@U?$less@PAVIEventListener@Pegas@@@std@@V?$allocator@PAVIEventListener@Pegas@@@4@$0A@@std@@@std@@@std@@QAEXPAPAU_Node@?$_Tree_nod@V?$_Tset_traits@PAVIEventListener@Pegas@@U?$less@PAVIEventListener@Pegas@@@std@@V?$allocator@PAVIEventListener@Pegas@@@4@$0A@@std@@@2@@Z 00405a80 f i asteroids.obj
 0001:00004a80       ??3@YAXPAX0@Z              00405a80 f i game_manager.obj
 0001:00004a80       ?_Left@?$_Tree@V?$_Tmap_traits@HV?$ptr@VProcess@Pegas@@@Pegas@@U?$less@H@std@@V?$allocator@U?$pair@$$CBHV?$ptr@VProcess@Pegas@@@Pegas@@@std@@@4@$0A@@std@@@std@@KAAAPAU_Node@?$_Tree_nod@V?$_Tmap_traits@HV?$ptr@VProcess@Pegas@@@Pegas@@U?$less@H@std@@V?$allocator@U?$pair@$$CBHV?$ptr@VProcess@Pegas@@@Pegas@@@std@@@4@$0A@@std@@@2@PAU342@@Z 00405a80 f i game_manager.obj
 0001:00004a90       ?_Parent@?$_Tree@V?$_Tset_traits@PAVIEventListener@Pegas@@U?$less@PAVIEventListener@Pegas@@@std@@V?$allocator@PAVIEventListener@Pegas@@@4@$0A@@std@@@std@@KAAAPAU_Node@?$_Tree_nod@V?$_Tset_traits@PAVIEventListener@Pegas@@U?$less@PAVIEventListener@Pegas@@@std@@V?$allocator@PAVIEventListener@Pegas@@@4@$0A@@std@@@2@PAU342@@Z 00405a90 f i asteroids.obj
 0001:00004a90       ?_Parent@?$_Tree@V?$_Tmap_traits@HV?$ptr@VProcess@Pegas@@@Pegas@@U?$less@H@std@@V?$allocator@U?$pair@$$CBHV?$ptr@VProcess@Pegas@@@Pegas@@@std@@@4@$0A@@std@@@std@@KAAAPAU_Node@?$_Tree_nod@V?$_Tmap_traits@HV?$ptr@VProcess@Pegas@@@Pegas@@U?$less@H@std@@V?$allocator@U?$pair@$$CBHV?$ptr@VProcess@Pegas@@@Pegas@@@std@@@4@$0A@@std@@@2@PAU342@@Z 00405a90 f i game_manager.obj
 0001:00004a90       ?_Parent@?$_Tree@V?$_Tmap_traits@V?$basic_string@DU?$char_traits@D@std@@V?$allocator@D@2@@std@@V?$ptr@V?$set@PAVIEventListener@Pegas@@U?$less@PAVIEventListener@Pegas@@@std@@V?$allocator@PAVIEventListener@Pegas@@@4@@std@@@Pegas@@U?$less@V?$basic_string@DU?$char_traits@D@std@@V?$allocator@D@2@@std@@@2@V?$allocator@U?$pair@$$CBV?$basic_string@DU?$char_traits@D@std@@V?$allocator@D@2@@std@@V?$ptr@V?$set@PAVIEventListener@Pegas@@U?$less@PAVIEventListener@Pegas@@@std@@V?$allocator@PAVIEventListener@Pegas@@@4@@std@@@Pegas@@@std@@@2@$0A@@std@@@std@@KAAAPAU_Node@?$_Tree_nod@V?$_Tmap_traits@V?$basic_string@DU?$char_traits@D@std@@V?$allocator@D@2@@std@@V?$ptr@V?$set@PAVIEventListener@Pegas@@U?$less@PAVIEventListener@Pegas@@@std@@V?$allocator@PAVIEventListener@Pegas@@@4@@std@@@Pegas@@U?$less@V?$basic_string@DU?$char_traits@D@std@@V?$allocator@D@2@@std@@@2@V?$allocator@U?$pair@$$CBV?$basic_string@DU?$char_traits@D@std@@V?$allocator@D@2@@std@@V?$ptr@V?$set@PAVIEventListener@Pegas@@U?$less@PAVIEventListener@Pegas@@@std@@V?$allocator@PAVIEventListener@Pegas@@@4@@std@@@Pegas@@@std@@@2@$0A@@std@@@2@PAU342@@Z 00405a90 f i asteroids.obj
 0001:00004a90       ?_Prevnode@?$list@V?$ptr@VBaseScreenLayer@Pegas@@@Pegas@@V?$allocator@V?$ptr@VBaseScreenLayer@Pegas@@@Pegas@@@std@@@std@@KAAAPAU_Node@?$_List_nod@V?$ptr@VBaseScreenLayer@Pegas@@@Pegas@@V?$allocator@V?$ptr@VBaseScreenLayer@Pegas@@@Pegas@@@std@@@2@PAU342@@Z 00405a90 f i game_application.obj
 0001:00004aa0       ?deallocate@?$allocator@U_Node@?$_Tree_nod@V?$_Tset_traits@PAVIEventListener@Pegas@@U?$less@PAVIEventListener@Pegas@@@std@@V?$allocator@PAVIEventListener@Pegas@@@4@$0A@@std@@@std@@@std@@QAEXPAU_Node@?$_Tree_nod@V?$_Tset_traits@PAVIEventListener@Pegas@@U?$less@PAVIEventListener@Pegas@@@std@@V?$allocator@PAVIEventListener@Pegas@@@4@$0A@@std@@@2@I@Z 00405aa0 f i asteroids.obj
 0001:00004aa0       ?deallocate@?$allocator@U_Node@?$_Tree_nod@V?$_Tmap_traits@HV?$ptr@VProcess@Pegas@@@Pegas@@U?$less@H@std@@V?$allocator@U?$pair@$$CBHV?$ptr@VProcess@Pegas@@@Pegas@@@std@@@4@$0A@@std@@@std@@@std@@QAEXPAU_Node@?$_Tree_nod@V?$_Tmap_traits@HV?$ptr@VProcess@Pegas@@@Pegas@@U?$less@H@std@@V?$allocator@U?$pair@$$CBHV?$ptr@VProcess@Pegas@@@Pegas@@@std@@@4@$0A@@std@@@2@I@Z 00405aa0 f i game_manager.obj
 0001:00004aa0       ?deallocate@?$allocator@U_Node@?$_List_nod@V?$ptr@VBaseScreenLayer@Pegas@@@Pegas@@V?$allocator@V?$ptr@VBaseScreenLayer@Pegas@@@Pegas@@@std@@@std@@@std@@QAEXPAU_Node@?$_List_nod@V?$ptr@VBaseScreenLayer@Pegas@@@Pegas@@V?$allocator@V?$ptr@VBaseScreenLayer@Pegas@@@Pegas@@@std@@@2@I@Z 00405aa0 f i game_application.obj
 0001:00004aa0       ?deallocate@?$allocator@U_Node@?$_Tree_nod@V?$_Tmap_traits@V?$basic_string@DU?$char_traits@D@std@@V?$allocator@D@2@@std@@V?$ptr@V?$set@PAVIEventListener@Pegas@@U?$less@PAVIEventListener@Pegas@@@std@@V?$allocator@PAVIEventListener@Pegas@@@4@@std@@@Pegas@@U?$less@V?$basic_string@DU?$char_traits@D@std@@V?$allocator@D@2@@std@@@2@V?$allocator@U?$pair@$$CBV?$basic_string@DU?$char_traits@D@std@@V?$allocator@D@2@@std@@V?$ptr@V?$set@PAVIEventListener@Pegas@@U?$less@PAVIEventListener@Pegas@@@std@@V?$allocator@PAVIEventListener@Pegas@@@4@@std@@@Pegas@@@std@@@2@$0A@@std@@@std@@@std@@QAEXPAU_Node@?$_Tree_nod@V?$_Tmap_traits@V?$basic_string@DU?$char_traits@D@std@@V?$allocator@D@2@@std@@V?$ptr@V?$set@PAVIEventListener@Pegas@@U?$less@PAVIEventListener@Pegas@@@std@@V?$allocator@PAVIEventListener@Pegas@@@4@@std@@@Pegas@@U?$less@V?$basic_string@DU?$char_traits@D@std@@V?$allocator@D@2@@std@@@2@V?$allocator@U?$pair@$$CBV?$basic_string@DU?$char_traits@D@std@@V?$allocator@D@2@@std@@V?$ptr@V?$set@PAVIEventListener@Pegas@@U?$less@PAVIEventListener@Pegas@@@std@@V?$allocator@PAVIEventListener@Pegas@@@4@@std@@@Pegas@@@std@@@2@$0A@@std@@@2@I@Z 00405aa0 f i asteroids.obj
 0001:00004aa0       ?deallocate@?$allocator@VVector3@Pegas@@@std@@QAEXPAVVector3@Pegas@@I@Z 00405aa0 f i game_objects.obj
 0001:00004aa0       ?deallocate@?$allocator@PAV?$ptr@UEvent@Pegas@@@Pegas@@@std@@QAEXPAPAV?$ptr@UEvent@Pegas@@@Pegas@@I@Z 00405aa0 f i asteroids.obj
 0001:00004aa0       ?deallocate@?$allocator@PAH@std@@QAEXPAPAHI@Z 00405aa0 f i game_manager.obj
 0001:00004ab0       ?_Tidy@?$_Tree@V?$_Tmap_traits@HV?$ptr@VProcess@Pegas@@@Pegas@@U?$less@H@std@@V?$allocator@U?$pair@$$CBHV?$ptr@VProcess@Pegas@@@Pegas@@@std@@@4@$0A@@std@@@std@@IAEXXZ 00405ab0 f i game_manager.obj
 0001:00004af0       ??1?$map@HV?$ptr@VProcess@Pegas@@@Pegas@@U?$less@H@std@@V?$allocator@U?$pair@$$CBHV?$ptr@VProcess@Pegas@@@Pegas@@@std@@@4@@std@@QAE@XZ 00405af0 f i game_manager.obj
 0001:00004b50       ??0_Container_base_aux@std@@QAE@XZ 00405b50 f i game_manager.obj
 0001:00004b50       ??0?$allocator@_W@std@@QAE@XZ 00405b50 f i game_manager.obj
 0001:00004b50       ??0?$allocator@H@std@@QAE@XZ 00405b50 f i game_manager.obj
 0001:00004b60       ??2@YAPAXIPAX@Z            00405b60 f i game_manager.obj
 0001:00004b70       ??$_Allocate@V_Aux_cont@std@@@std@@YAPAV_Aux_cont@0@IPAV10@@Z 00405b70 f i game_manager.obj
 0001:00004bd0       ?allocate@?$allocator@V_Aux_cont@std@@@std@@QAEPAV_Aux_cont@2@I@Z 00405bd0 f i game_manager.obj
 0001:00004bf0       ??0_Aux_cont@std@@QAE@QBV_Container_base_aux@1@@Z 00405bf0 f i game_manager.obj
 0001:00004bf0       ??0Counter@Pegas@@QAE@I@Z  00405bf0 f i game_manager.obj
 0001:00004c00       ??0?$_Container_base_aux_alloc_real@V?$allocator@H@std@@@std@@IAE@V?$allocator@H@1@@Z 00405c00 f i game_manager.obj
 0001:00004c30       ??0?$stack@V?$ptr@VIGameState@Pegas@@@Pegas@@V?$deque@V?$ptr@VIGameState@Pegas@@@Pegas@@V?$allocator@V?$ptr@VIGameState@Pegas@@@Pegas@@@std@@@std@@@std@@QAE@XZ 00405c30 f i game_application.obj
 0001:00004c30       ??0?$queue@V?$ptr@UEvent@Pegas@@@Pegas@@V?$deque@V?$ptr@UEvent@Pegas@@@Pegas@@V?$allocator@V?$ptr@UEvent@Pegas@@@Pegas@@@std@@@std@@@std@@QAE@XZ 00405c30 f i game_application.obj
 0001:00004c30       ??0?$queue@HV?$deque@HV?$allocator@H@std@@@std@@@std@@QAE@XZ 00405c30 f i game_manager.obj
 0001:00004c70       ?deallocate@?$allocator@PAV?$ptr@VIGameState@Pegas@@@Pegas@@@std@@QAEXPAPAV?$ptr@VIGameState@Pegas@@@Pegas@@I@Z 00405c70 f i asteroids.obj
 0001:00004c70       ?deallocate@?$allocator@U_Node@?$_Tree_nod@V?$_Tset_traits@PAVIMouseController@Pegas@@U?$less@PAVIMouseController@Pegas@@@std@@V?$allocator@PAVIMouseController@Pegas@@@4@$0A@@std@@@std@@@std@@QAEXPAU_Node@?$_Tree_nod@V?$_Tset_traits@PAVIMouseController@Pegas@@U?$less@PAVIMouseController@Pegas@@@std@@V?$allocator@PAVIMouseController@Pegas@@@4@$0A@@std@@@2@I@Z 00405c70 f i asteroids.obj
 0001:00004c70       ?deallocate@?$allocator@U_Node@?$_Tree_nod@V?$_Tset_traits@PAVIKeyboardController@Pegas@@U?$less@PAVIKeyboardController@Pegas@@@std@@V?$allocator@PAVIKeyboardController@Pegas@@@4@$0A@@std@@@std@@@std@@QAEXPAU_Node@?$_Tree_nod@V?$_Tset_traits@PAVIKeyboardController@Pegas@@U?$less@PAVIKeyboardController@Pegas@@@std@@V?$allocator@PAVIKeyboardController@Pegas@@@4@$0A@@std@@@2@I@Z 00405c70 f i asteroids.obj
 0001:00004c70       ?deallocate@?$allocator@U_Node@?$_Tree_nod@V?$_Tmap_traits@HV?$ptr@VIGameState@Pegas@@@Pegas@@U?$less@H@std@@V?$allocator@U?$pair@$$CBHV?$ptr@VIGameState@Pegas@@@Pegas@@@std@@@4@$0A@@std@@@std@@@std@@QAEXPAU_Node@?$_Tree_nod@V?$_Tmap_traits@HV?$ptr@VIGameState@Pegas@@@Pegas@@U?$less@H@std@@V?$allocator@U?$pair@$$CBHV?$ptr@VIGameState@Pegas@@@Pegas@@@std@@@4@$0A@@std@@@2@I@Z 00405c70 f i asteroids.obj
 0001:00004c70       ?deallocate@?$allocator@U_Node@?$_Tree_nod@V?$_Tmap_traits@HPAVSoundResource@Pegas@@U?$less@H@std@@V?$allocator@U?$pair@$$CBHPAVSoundResource@Pegas@@@std@@@4@$0A@@std@@@std@@@std@@QAEXPAU_Node@?$_Tree_nod@V?$_Tmap_traits@HPAVSoundResource@Pegas@@U?$less@H@std@@V?$allocator@U?$pair@$$CBHPAVSoundResource@Pegas@@@std@@@4@$0A@@std@@@2@I@Z 00405c70 f i asteroids.obj
 0001:00004c70       ?deallocate@?$allocator@V_Aux_cont@std@@@std@@QAEXPAV_Aux_cont@2@I@Z 00405c70 f i game_manager.obj
 0001:00004c70       ?deallocate@?$allocator@U_Node@?$_Tree_nod@V?$_Tmap_traits@HPAVStringResource@Pegas@@U?$less@H@std@@V?$allocator@U?$pair@$$CBHPAVStringResource@Pegas@@@std@@@4@$0A@@std@@@std@@@std@@QAEXPAU_Node@?$_Tree_nod@V?$_Tmap_traits@HPAVStringResource@Pegas@@U?$less@H@std@@V?$allocator@U?$pair@$$CBHPAVStringResource@Pegas@@@std@@@4@$0A@@std@@@2@I@Z 00405c70 f i asteroids.obj
 0001:00004c70       ?deallocate@?$allocator@U_Node@?$_Tree_nod@V?$_Tmap_traits@HPAVFontResource@Pegas@@U?$less@H@std@@V?$allocator@U?$pair@$$CBHPAVFontResource@Pegas@@@std@@@4@$0A@@std@@@std@@@std@@QAEXPAU_Node@?$_Tree_nod@V?$_Tmap_traits@HPAVFontResource@Pegas@@U?$less@H@std@@V?$allocator@U?$pair@$$CBHPAVFontResource@Pegas@@@std@@@4@$0A@@std@@@2@I@Z 00405c70 f i asteroids.obj
 0001:00004c70       ?deallocate@?$allocator@U_Node@?$_List_nod@V?$ptr@VFile@Pegas@@@Pegas@@V?$allocator@V?$ptr@VFile@Pegas@@@Pegas@@@std@@@std@@@std@@QAEXPAU_Node@?$_List_nod@V?$ptr@VFile@Pegas@@@Pegas@@V?$allocator@V?$ptr@VFile@Pegas@@@Pegas@@@std@@@2@I@Z 00405c70 f i asteroids.obj
 0001:00004c70       ?deallocate@?$allocator@U_Node@?$_Tree_nod@V?$_Tmap_traits@HPAVTextureResource@Pegas@@U?$less@H@std@@V?$allocator@U?$pair@$$CBHPAVTextureResource@Pegas@@@std@@@4@$0A@@std@@@std@@@std@@QAEXPAU_Node@?$_Tree_nod@V?$_Tmap_traits@HPAVTextureResource@Pegas@@U?$less@H@std@@V?$allocator@U?$pair@$$CBHPAVTextureResource@Pegas@@@std@@@4@$0A@@std@@@2@I@Z 00405c70 f i asteroids.obj
 0001:00004c80       ??1?$_Container_base_aux_alloc_real@V?$allocator@H@std@@@std@@IAE@XZ 00405c80 f i game_manager.obj
 0001:00004c80       ??1?$_Deque_val@V?$ptr@VIGameState@Pegas@@@Pegas@@V?$allocator@V?$ptr@VIGameState@Pegas@@@Pegas@@@std@@@std@@QAE@XZ 00405c80 f i asteroids.obj
 0001:00004c90       ?_Tidy@?$deque@HV?$allocator@H@std@@@std@@IAEXXZ 00405c90 f i game_manager.obj
 0001:00004cf0       ??1?$queue@HV?$deque@HV?$allocator@H@std@@@std@@@std@@QAE@XZ 00405cf0 f i game_manager.obj
 0001:00004d10       ??0ProcessManager@Pegas@@QAE@XZ 00405d10 f i game_manager.obj
 0001:00004da0       ??1IEventListener@Pegas@@UAE@XZ 00405da0 f i game_manager.obj
 0001:00004db0       ??_GIEventListener@Pegas@@UAEPAXI@Z 00405db0 f i game_manager.obj
 0001:00004db0       ??_EIEventListener@Pegas@@UAEPAXI@Z 00405db0 f i  CIL library: CIL module
 0001:00004dd0       ??0IEventListener@Pegas@@QAE@XZ 00405dd0 f i game_manager.obj
 0001:00004de0       ??1BaseScreenLayer@Pegas@@UAE@XZ 00405de0 f i game_manager.obj
 0001:00004e20       ??0?$_String_val@_WV?$allocator@_W@std@@@std@@IAE@V?$allocator@_W@1@@Z 00405e20 f i game_manager.obj
 0001:00004e20       ??0?$allocator@H@std@@QAE@ABV01@@Z 00405e20 f i game_manager.obj
 0001:00004e30       ?assign@?$basic_string@_WU?$char_traits@_W@std@@V?$allocator@_W@2@@std@@QAEAAV12@PB_WI@Z 00405e30 f i game_manager.obj
 0001:00004f20       ?length@?$char_traits@_W@std@@SAIPB_W@Z 00405f20 f i game_manager.obj
 0001:00004f40       ?assign@?$basic_string@_WU?$char_traits@_W@std@@V?$allocator@_W@2@@std@@QAEAAV12@PB_W@Z 00405f40 f i game_manager.obj
 0001:00004f70       ??0?$basic_string@_WU?$char_traits@_W@std@@V?$allocator@_W@2@@std@@QAE@PB_W@Z 00405f70 f i game_manager.obj
 0001:00004fb0       ?size@?$basic_string@_WU?$char_traits@_W@std@@V?$allocator@_W@2@@std@@QBEIXZ 00405fb0 f i game_manager.obj
 0001:00004fc0       ?erase@?$basic_string@_WU?$char_traits@_W@std@@V?$allocator@_W@2@@std@@QAEAAV12@II@Z 00405fc0 f i game_manager.obj
 0001:00005060       ??$_Allocate@_W@std@@YAPA_WIPA_W@Z 00406060 f i game_manager.obj
 0001:000050c0       ?_Copy@?$basic_string@_WU?$char_traits@_W@std@@V?$allocator@_W@2@@std@@IAEXII@Z 004060c0 f i game_manager.obj
 0001:00005210       ?_Grow@?$basic_string@_WU?$char_traits@_W@std@@V?$allocator@_W@2@@std@@IAE_NI_N@Z 00406210 f i game_manager.obj
 0001:000052e0       ?_Myptr@?$basic_string@_WU?$char_traits@_W@std@@V?$allocator@_W@2@@std@@IBEPB_WXZ 004062e0 f i game_manager.obj
 0001:000052e0       ?_Myptr@?$basic_string@_WU?$char_traits@_W@std@@V?$allocator@_W@2@@std@@IAEPA_WXZ 004062e0 f i game_manager.obj
 0001:000052f0       ?assign@?$basic_string@_WU?$char_traits@_W@std@@V?$allocator@_W@2@@std@@QAEAAV12@ABV12@II@Z 004062f0 f i game_manager.obj
 0001:000053f0       ??0?$basic_string@_WU?$char_traits@_W@std@@V?$allocator@_W@2@@std@@QAE@ABV01@@Z 004063f0 f i game_manager.obj
 0001:00005420       ??_GIScreenLayer@Pegas@@UAEPAXI@Z 00406420 f i game_manager.obj
 0001:00005420       ??_EIScreenLayer@Pegas@@UAEPAXI@Z 00406420 f i  CIL library: CIL module
 0001:00005470       ??$copy_s@U?$char_traits@_W@std@@@_Traits_helper@std@@YAPA_WPA_WIPB_WI@Z 00406470 f i game_manager.obj
 0001:000054a0       ?_Eos@?$basic_string@_WU?$char_traits@_W@std@@V?$allocator@_W@2@@std@@IAEXI@Z 004064a0 f i game_manager.obj
 0001:000054d0       ?_Tidy@?$basic_string@_WU?$char_traits@_W@std@@V?$allocator@_W@2@@std@@IAEX_NI@Z 004064d0 f i game_manager.obj
 0001:00005520       ??1?$basic_string@_WU?$char_traits@_W@std@@V?$allocator@_W@2@@std@@QAE@XZ 00406520 f i game_manager.obj
 0001:00005550       ??1IScreenLayer@Pegas@@UAE@XZ 00406550 f i game_manager.obj
 0001:00005590       ??_GIKeyboardController@Pegas@@UAEPAXI@Z 00406590 f i game_manager.obj
 0001:00005590       ??_EIKeyboardController@Pegas@@UAEPAXI@Z 00406590 f i  CIL library: CIL module
 0001:000055b0       ??1IKeyboardController@Pegas@@UAE@XZ 004065b0 f i game_manager.obj
 0001:000055c0       ??_GIMouseController@Pegas@@UAEPAXI@Z 004065c0 f i game_manager.obj
 0001:000055c0       ??_EIMouseController@Pegas@@UAEPAXI@Z 004065c0 f i  CIL library: CIL module
 0001:000055e0       ??1IMouseController@Pegas@@UAE@XZ 004065e0 f i game_manager.obj
 0001:000055f0       ?update@BaseScreenLayer@Pegas@@UAEXPAVIPlatformContext@2@HH@Z 004065f0 f i game_manager.obj
 0001:00005600       ?onCollisionEnter@Explosion@Pegas@@UAEXPAVIGameObject@2@@Z 00406600 f i game_objects.obj
 0001:00005600       ?destroy@BaseScreenLayer@Pegas@@UAEXPAVIPlatformContext@2@@Z 00406600 f i game_manager.obj
 0001:00005600       ?create@BaseScreenLayer@Pegas@@UAEXPAVIPlatformContext@2@@Z 00406600 f i game_manager.obj
 0001:00005600       ?onActivate@IScreenLayer@Pegas@@UAEX_N@Z 00406600 f i game_manager.obj
 0001:00005600       ?create@EllipseTexture@Pegas@@UAEXABUIntResourceCode@2@@Z 00406600 f i asteroids.obj
 0001:00005600       ?destroy@?$allocator@PAU_Node@?$_List_nod@V?$ptr@VFile@Pegas@@@Pegas@@V?$allocator@V?$ptr@VFile@Pegas@@@Pegas@@@std@@@std@@@std@@QAEXPAPAU_Node@?$_List_nod@V?$ptr@VFile@Pegas@@@Pegas@@V?$allocator@V?$ptr@VFile@Pegas@@@Pegas@@@std@@@2@@Z 00406600 f i asteroids.obj
 0001:00005600       ?render@BaseScreenLayer@Pegas@@UAEXPAVIPlatformContext@2@@Z 00406600 f i game_manager.obj
 0001:00005610       ??_EBaseScreenLayer@Pegas@@WCM@AEPAXI@Z 00406610 f i game_manager.obj
 0001:00005620       ??_GBaseScreenLayer@Pegas@@UAEPAXI@Z 00406620 f i game_manager.obj
 0001:00005620       ??_EBaseScreenLayer@Pegas@@UAEPAXI@Z 00406620 f i  CIL library: CIL module
 0001:00005680       ??_EBaseScreenLayer@Pegas@@WDA@AEPAXI@Z 00406680 f i game_manager.obj
 0001:00005690       ??0BaseScreenLayer@Pegas@@QAE@ABV?$basic_string@_WU?$char_traits@_W@std@@V?$allocator@_W@2@@std@@ABH_N@Z 00406690 f i game_manager.obj
 0001:00005740       ??0?$basic_string@DU?$char_traits@D@std@@V?$allocator@D@2@@std@@QAE@ABV01@@Z 00406740 f i game_manager.obj
 0001:00005770       ??0Vector3@Pegas@@QAE@XZ   00406770 f i game_manager.obj
 0001:00005780       ??1Event@Pegas@@UAE@XZ     00406780 f i game_manager.obj
 0001:00005790       ??0Event@Pegas@@QAE@XZ     00406790 f i game_manager.obj
 0001:000057a0       ??0Vector3@Pegas@@QAE@ABV01@@Z 004067a0 f i game_manager.obj
 0001:000057c0       ?getType@Asteroid@Pegas@@UAE?AV?$basic_string@DU?$char_traits@D@std@@V?$allocator@D@2@@std@@XZ 004067c0 f i game_objects.obj
 0001:000057c0       ?getListenerName@Asteroid@Pegas@@UAE?AV?$basic_string@DU?$char_traits@D@std@@V?$allocator@D@2@@std@@XZ 004067c0 f i game_objects.obj
 0001:000057f0       ?getPosition@Asteroid@Pegas@@UAE?AVVector3@2@XZ 004067f0 f i game_objects.obj
 0001:00005810       ?getListenerName@Shatter@Pegas@@UAE?AV?$basic_string@DU?$char_traits@D@std@@V?$allocator@D@2@@std@@XZ 00406810 f i game_objects.obj
 0001:00005810       ?getType@Shatter@Pegas@@UAE?AV?$basic_string@DU?$char_traits@D@std@@V?$allocator@D@2@@std@@XZ 00406810 f i game_objects.obj
 0001:00005840       ?getType@Bullet@Pegas@@UAE?AV?$basic_string@DU?$char_traits@D@std@@V?$allocator@D@2@@std@@XZ 00406840 f i game_objects.obj
 0001:00005870       ?getPosition@Ship@Pegas@@UAE?AVVector3@2@XZ 00406870 f i game_objects.obj
 0001:00005870       ?getPosition@Bullet@Pegas@@UAE?AVVector3@2@XZ 00406870 f i game_objects.obj
 0001:00005890       ?getListenerName@Ship@Pegas@@UAE?AV?$basic_string@DU?$char_traits@D@std@@V?$allocator@D@2@@std@@XZ 00406890 f i game_objects.obj
 0001:00005890       ?getType@Ship@Pegas@@UAE?AV?$basic_string@DU?$char_traits@D@std@@V?$allocator@D@2@@std@@XZ 00406890 f i game_objects.obj
 0001:000058c0       ?getType@Explosion@Pegas@@UAE?AV?$basic_string@DU?$char_traits@D@std@@V?$allocator@D@2@@std@@XZ 004068c0 f i game_objects.obj
 0001:000058f0       ?getPosition@Explosion@Pegas@@UAE?AVVector3@2@XZ 004068f0 f i game_objects.obj
 0001:00005910       ?getType@Event_Actor_CreateShatter@Pegas@@UBE?AV?$basic_string@DU?$char_traits@D@std@@V?$allocator@D@2@@std@@XZ 00406910 f i game_objects.obj
 0001:00005940       ??0Event_Actor_CreateBullet@Pegas@@QAE@ABVVector3@1@0@Z 00406940 f i game_objects.obj
 0001:00005980       ?getType@Event_Actor_CreateBullet@Pegas@@UBE?AV?$basic_string@DU?$char_traits@D@std@@V?$allocator@D@2@@std@@XZ 00406980 f i game_objects.obj
 0001:000059b0       ?getType@Event_Actor_CreateExplosion@Pegas@@UBE?AV?$basic_string@DU?$char_traits@D@std@@V?$allocator@D@2@@std@@XZ 004069b0 f i game_objects.obj
 0001:000059e0       ??0Asteroid@Pegas@@QAE@PAVCollisionManager@1@ABVVector3@1@1@Z 004069e0 f   game_objects.obj
 0001:00005ad0       ??_EShatter@Pegas@@UAEPAXI@Z 00406ad0 f i  CIL library: CIL module
 0001:00005ad0       ??_EAsteroid@Pegas@@UAEPAXI@Z 00406ad0 f i  CIL library: CIL module
 0001:00005ad0       ??_GShatter@Pegas@@UAEPAXI@Z 00406ad0 f i game_objects.obj
 0001:00005ad0       ??_GAsteroid@Pegas@@UAEPAXI@Z 00406ad0 f i game_objects.obj
 0001:00005af0       ??1Asteroid@Pegas@@UAE@XZ  00406af0 f i game_objects.obj
 0001:00005b80       ?generatePoints@Asteroid@Pegas@@IAEXHMAAV?$vector@VVector3@Pegas@@V?$allocator@VVector3@Pegas@@@std@@@std@@@Z 00406b80 f   game_objects.obj
 0001:00005c50       ?transformPoints@Asteroid@Pegas@@IAEXXZ 00406c50 f   game_objects.obj
 0001:00005e80       ?start@Asteroid@Pegas@@MAEXHPAVProcessManager@2@@Z 00406e80 f   game_objects.obj
 0001:00005f80       ?update@Asteroid@Pegas@@UAEXH@Z 00406f80 f   game_objects.obj
 0001:00006020       ?terminate@Asteroid@Pegas@@UAEXXZ 00407020 f   game_objects.obj
 0001:00006060       ?handleEvent@Asteroid@Pegas@@UAEXV?$ptr@UEvent@Pegas@@@2@@Z 00407060 f   game_objects.obj
 0001:000061e0       ?onCollisionEnter@Asteroid@Pegas@@UAEXPAVIGameObject@2@@Z 004071e0 f   game_objects.obj
 0001:00006330       ?onDraw@Asteroid@Pegas@@UAEXAAVGrafManager@2@@Z 00407330 f   game_objects.obj
 0001:00006550       ?createShatters@Asteroid@Pegas@@IAEXXZ 00407550 f   game_objects.obj
 0001:00006820       ?start@Shatter@Pegas@@MAEXHPAVProcessManager@2@@Z 00407820 f   game_objects.obj
 0001:00006920       ?onCollisionEnter@Shatter@Pegas@@UAEXPAVIGameObject@2@@Z 00407920 f   game_objects.obj
 0001:00006b40       ??0Bullet@Pegas@@QAE@PAVCollisionManager@1@ABVVector3@1@1@Z 00407b40 f   game_objects.obj
 0001:00006ba0       ??_EBullet@Pegas@@UAEPAXI@Z 00407ba0 f i  CIL library: CIL module
 0001:00006ba0       ??_EProcess@Pegas@@UAEPAXI@Z 00407ba0 f i  CIL library: CIL module
 0001:00006ba0       ??_GBullet@Pegas@@UAEPAXI@Z 00407ba0 f i game_objects.obj
 0001:00006ba0       ??_GProcess@Pegas@@UAEPAXI@Z 00407ba0 f i game_objects.obj
 0001:00006c00       ?onCollisionEnter@Bullet@Pegas@@UAEXPAVIGameObject@2@@Z 00407c00 f   game_objects.obj
 0001:00006d00       ?onDraw@Bullet@Pegas@@UAEXAAVGrafManager@2@@Z 00407d00 f   game_objects.obj
 0001:00006d70       ?start@Bullet@Pegas@@MAEXHPAVProcessManager@2@@Z 00407d70 f   game_objects.obj
 0001:00006da0       ?update@Bullet@Pegas@@UAEXH@Z 00407da0 f   game_objects.obj
 0001:00006e50       ?terminate@Bullet@Pegas@@UAEXXZ 00407e50 f   game_objects.obj
 0001:00006e70       ??0Ship@Pegas@@QAE@PAVCollisionManager@1@ABVVector3@1@1@Z 00407e70 f   game_objects.obj
 0001:00007000       ??_GShip@Pegas@@UAEPAXI@Z  00408000 f i game_objects.obj
 0001:00007000       ??_EShip@Pegas@@UAEPAXI@Z  00408000 f i  CIL library: CIL module
 0001:00007020       ??1Ship@Pegas@@UAE@XZ      00408020 f i game_objects.obj
 0001:00007150       ?transformPoints@Ship@Pegas@@IAEXXZ 00408150 f   game_objects.obj
 0001:00007410       ?start@Ship@Pegas@@MAEXHPAVProcessManager@2@@Z 00408410 f   game_objects.obj
 0001:00007e30       ?update@Ship@Pegas@@UAEXH@Z 00408e30 f   game_objects.obj
 0001:00008160       ?terminate@Ship@Pegas@@UAEXXZ 00409160 f   game_objects.obj
 0001:000081a0       ?handleEvent@Ship@Pegas@@UAEXV?$ptr@UEvent@Pegas@@@2@@Z 004091a0 f   game_objects.obj
 0001:00008730       ?onCollisionEnter@Ship@Pegas@@UAEXPAVIGameObject@2@@Z 00409730 f   game_objects.obj
 0001:000089f0       ?onDraw@Ship@Pegas@@UAEXAAVGrafManager@2@@Z 004099f0 f   game_objects.obj
 0001:00008d00       ??0Explosion@Pegas@@QAE@ABVVector3@1@@Z 00409d00 f   game_objects.obj
 0001:00008da0       ??_EExplosion@Pegas@@UAEPAXI@Z 00409da0 f i  CIL library: CIL module
 0001:00008da0       ??_GExplosion@Pegas@@UAEPAXI@Z 00409da0 f i game_objects.obj
 0001:00008dc0       ??1Explosion@Pegas@@UAE@XZ 00409dc0 f i game_objects.obj
 0001:00008e50       ?start@Explosion@Pegas@@MAEXHPAVProcessManager@2@@Z 00409e50 f   game_objects.obj
 0001:00008ff0       ?update@Explosion@Pegas@@UAEXH@Z 00409ff0 f   game_objects.obj
 0001:00009260       ?onDraw@Explosion@Pegas@@UAEXAAVGrafManager@2@@Z 0040a260 f   game_objects.obj
 0001:000093a0       ??0?$vector@VVector3@Pegas@@V?$allocator@VVector3@Pegas@@@std@@@std@@QAE@XZ 0040a3a0 f i game_objects.obj
 0001:00009400       ?reserve@?$vector@VVector3@Pegas@@V?$allocator@VVector3@Pegas@@@std@@@std@@QAEXI@Z 0040a400 f i game_objects.obj
 0001:00009520       ?begin@?$vector@VVector3@Pegas@@V?$allocator@VVector3@Pegas@@@std@@@std@@QAE?AV?$_Vector_iterator@VVector3@Pegas@@V?$allocator@VVector3@Pegas@@@std@@@2@XZ 0040a520 f i game_objects.obj
 0001:00009540       ??A?$vector@VVector3@Pegas@@V?$allocator@VVector3@Pegas@@@std@@@std@@QAEAAVVector3@Pegas@@I@Z 0040a540 f i game_objects.obj
 0001:00009570       ?push_back@?$vector@VVector3@Pegas@@V?$allocator@VVector3@Pegas@@@std@@@std@@QAEXABVVector3@Pegas@@@Z 0040a570 f i game_objects.obj
 0001:00009610       ??0?$vector@U?$pair@HH@std@@V?$allocator@U?$pair@HH@std@@@2@@std@@QAE@XZ 0040a610 f i game_objects.obj
 0001:00009670       ??1?$vector@U?$pair@HH@std@@V?$allocator@U?$pair@HH@std@@@2@@std@@QAE@XZ 0040a670 f i game_objects.obj
 0001:000096b0       ?capacity@?$vector@VVector3@Pegas@@V?$allocator@VVector3@Pegas@@@std@@@std@@QBEIXZ 0040a6b0 f i game_objects.obj
 0001:000096d0       ?insert@?$vector@VVector3@Pegas@@V?$allocator@VVector3@Pegas@@@std@@@std@@QAE?AV?$_Vector_iterator@VVector3@Pegas@@V?$allocator@VVector3@Pegas@@@std@@@2@V?$_Vector_const_iterator@VVector3@Pegas@@V?$allocator@VVector3@Pegas@@@std@@@2@ABVVector3@Pegas@@@Z 0040a6d0 f i game_objects.obj
 0001:000097a0       ?insert@?$vector@U?$pair@HH@std@@V?$allocator@U?$pair@HH@std@@@2@@std@@QAE?AV?$_Vector_iterator@U?$pair@HH@std@@V?$allocator@U?$pair@HH@std@@@2@@2@V?$_Vector_const_iterator@U?$pair@HH@std@@V?$allocator@U?$pair@HH@std@@@2@@2@ABU?$pair@HH@2@@Z 0040a7a0 f i game_objects.obj
 0001:00009850       ?allocate@?$allocator@U?$pair@HH@std@@@std@@QAEPAU?$pair@HH@2@I@Z 0040a850 f i game_objects.obj
 0001:000098b0       ?_Insert_n@?$vector@VVector3@Pegas@@V?$allocator@VVector3@Pegas@@@std@@@std@@IAEXV?$_Vector_const_iterator@VVector3@Pegas@@V?$allocator@VVector3@Pegas@@@std@@@2@IABVVector3@Pegas@@@Z 0040a8b0 f i game_objects.obj
 0001:00009b00       ??G?$_Vector_const_iterator@VVector3@Pegas@@V?$allocator@VVector3@Pegas@@@std@@@std@@QBEHABV01@@Z 0040ab00 f i game_objects.obj
 0001:00009b30       ?_Insert_n@?$vector@U?$pair@HH@std@@V?$allocator@U?$pair@HH@std@@@2@@std@@IAEXV?$_Vector_const_iterator@U?$pair@HH@std@@V?$allocator@U?$pair@HH@std@@@2@@2@IABU?$pair@HH@2@@Z 0040ab30 f i game_objects.obj
 0001:00009d60       ?_Xlen@?$vector@VVector3@Pegas@@V?$allocator@VVector3@Pegas@@@std@@@std@@KAXXZ 0040ad60 f i game_objects.obj
 0001:00009d60       ?_Xlen@?$vector@U?$pair@HH@std@@V?$allocator@U?$pair@HH@std@@@2@@std@@KAXXZ 0040ad60 f i game_objects.obj
 0001:00009de0       ??$?0V?$_Vector_iterator@VVector3@Pegas@@V?$allocator@VVector3@Pegas@@@std@@@std@@@?$vector@VVector3@Pegas@@V?$allocator@VVector3@Pegas@@@std@@@std@@QAE@V?$_Vector_iterator@VVector3@Pegas@@V?$allocator@VVector3@Pegas@@@std@@@1@0@Z 0040ade0 f i game_objects.obj
 0001:00009e60       ??$_Umove@PAVVector3@Pegas@@@?$vector@VVector3@Pegas@@V?$allocator@VVector3@Pegas@@@std@@@std@@IAEPAVVector3@Pegas@@PAV23@00@Z 0040ae60 f i game_objects.obj
 0001:00009e90       ??$fill@PAVVector3@Pegas@@V12@@std@@YAXPAVVector3@Pegas@@0ABV12@@Z 0040ae90 f i game_objects.obj
 0001:00009eb0       ??$_Umove@PAU?$pair@HH@std@@@?$vector@U?$pair@HH@std@@V?$allocator@U?$pair@HH@std@@@2@@std@@IAEPAU?$pair@HH@1@PAU21@00@Z 0040aeb0 f i game_objects.obj
 0001:00009ee0       ??$_Unchecked_move_backward@PAU?$pair@HH@std@@PAU12@@stdext@@YAPAU?$pair@HH@std@@PAU12@00@Z 0040aee0 f i game_objects.obj
 0001:00009f20       ??0?$pair@HH@std@@QAE@ABH0@Z 0040af20 f i game_objects.obj
 0001:00009f30       ??$_Insert@V?$_Vector_iterator@VVector3@Pegas@@V?$allocator@VVector3@Pegas@@@std@@@std@@@?$vector@VVector3@Pegas@@V?$allocator@VVector3@Pegas@@@std@@@std@@QAEXV?$_Vector_const_iterator@VVector3@Pegas@@V?$allocator@VVector3@Pegas@@@std@@@1@V?$_Vector_iterator@VVector3@Pegas@@V?$allocator@VVector3@Pegas@@@std@@@1@1Uforward_iterator_tag@1@@Z 0040af30 f i game_objects.obj
 0001:0000a130       ??$_Construct@V?$_Vector_iterator@VVector3@Pegas@@V?$allocator@VVector3@Pegas@@@std@@@std@@@?$vector@VVector3@Pegas@@V?$allocator@VVector3@Pegas@@@std@@@std@@QAEXV?$_Vector_iterator@VVector3@Pegas@@V?$allocator@VVector3@Pegas@@@std@@@1@0Uinput_iterator_tag@1@@Z 0040b130 f i game_objects.obj
 0001:0000a1b0       ??$_Uninit_fill_n@PAVVector3@Pegas@@IV12@V?$allocator@VVector3@Pegas@@@std@@@std@@YAXPAVVector3@Pegas@@IABV12@AAV?$allocator@VVector3@Pegas@@@0@U_Nonscalar_ptr_iterator_tag@0@U_Range_checked_iterator_tag@0@@Z 0040b1b0 f i game_objects.obj
 0001:0000a1e0       ??$_Uninit_fill_n@PAU?$pair@HH@std@@IU12@V?$allocator@U?$pair@HH@std@@@2@@std@@YAXPAU?$pair@HH@0@IABU10@AAV?$allocator@U?$pair@HH@std@@@0@U_Nonscalar_ptr_iterator_tag@0@U_Range_checked_iterator_tag@0@@Z 0040b1e0 f i game_objects.obj
 0001:0000a200       ?_Reverse@?$vector@VVector3@Pegas@@V?$allocator@VVector3@Pegas@@@std@@@std@@QAEXPAVVector3@Pegas@@0@Z 0040b200 f i game_objects.obj
 0001:0000a250       ??$_Copy_backward_opt@PAVVector3@Pegas@@PAV12@@std@@YAPAVVector3@Pegas@@PAV12@00Urandom_access_iterator_tag@0@U_Nonscalar_ptr_iterator_tag@0@U_Range_checked_iterator_tag@0@@Z 0040b250 f i game_objects.obj
 0001:0000a2a0       ??$_Uninit_copy@PAVVector3@Pegas@@PAV12@V?$allocator@VVector3@Pegas@@@std@@@std@@YAPAVVector3@Pegas@@PAV12@00AAV?$allocator@VVector3@Pegas@@@0@U_Nonscalar_ptr_iterator_tag@0@U_Range_checked_iterator_tag@0@@Z 0040b2a0 f i game_objects.obj
 0001:0000a2d0       ??$_Uninit_copy@PAU?$pair@HH@std@@PAU12@V?$allocator@U?$pair@HH@std@@@2@@std@@YAPAU?$pair@HH@0@PAU10@00AAV?$allocator@U?$pair@HH@std@@@0@U_Nonscalar_ptr_iterator_tag@0@U_Range_checked_iterator_tag@0@@Z 0040b2d0 f i game_objects.obj
 0001:0000a2f0       ??_EShatter@Pegas@@WBM@AEPAXI@Z 0040b2f0 f i game_objects.obj
 0001:0000a2f0       ??_EAsteroid@Pegas@@WBM@AEPAXI@Z 0040b2f0 f i game_objects.obj
 0001:0000a300       ??_EShip@Pegas@@WBI@AEPAXI@Z 0040b300 f i game_objects.obj
 0001:0000a310       ?construct@?$allocator@VVector3@Pegas@@@std@@QAEXPAVVector3@Pegas@@ABV34@@Z 0040b310 f i game_objects.obj
 0001:0000a330       ??0?$_Vector_const_iterator@VVector3@Pegas@@V?$allocator@VVector3@Pegas@@@std@@@std@@QAE@PAVVector3@Pegas@@PBV_Container_base_aux@1@@Z 0040b330 f i game_objects.obj
 0001:0000a360       ?max_size@?$vector@VVector3@Pegas@@V?$allocator@VVector3@Pegas@@@std@@@std@@QBEIXZ 0040b360 f i game_objects.obj
 0001:0000a370       ??$_Allocate@VVector3@Pegas@@@std@@YAPAVVector3@Pegas@@IPAV12@@Z 0040b370 f i game_objects.obj
 0001:0000a3d0       ?allocate@?$allocator@VVector3@Pegas@@@std@@QAEPAVVector3@Pegas@@I@Z 0040b3d0 f i game_objects.obj
 0001:0000a3e0       ?_Buy@?$vector@VVector3@Pegas@@V?$allocator@VVector3@Pegas@@@std@@@std@@IAE_NI@Z 0040b3e0 f i game_objects.obj
 0001:0000a420       ??0?$_List_val@U?$pair@HH@std@@V?$allocator@U?$pair@HH@std@@@2@@std@@QAE@V?$allocator@U?$pair@HH@std@@@1@@Z 0040b420 f i game_manager.obj
 0001:0000a420       ??0?$_Vector_val@VVector3@Pegas@@V?$allocator@VVector3@Pegas@@@std@@@std@@IAE@V?$allocator@VVector3@Pegas@@@1@@Z 0040b420 f i game_objects.obj
 0001:0000a420       ??0?$_Container_base_aux_alloc_real@V?$allocator@V?$ptr@UEvent@Pegas@@@Pegas@@@std@@@std@@IAE@V?$allocator@V?$ptr@UEvent@Pegas@@@Pegas@@@1@@Z 0040b420 f i game_application.obj
 0001:0000a440       ??DPegas@@YA?AVVector3@0@ABV10@ABVMatrix4x4@0@@Z 0040b440 f i game_objects.obj
 0001:0000a490       ?size@?$vector@VVector3@Pegas@@V?$allocator@VVector3@Pegas@@@std@@@std@@QBEIXZ 0040b490 f i game_objects.obj
 0001:0000a4b0       ??DPegas@@YA?AVMatrix4x4@0@ABV10@0@Z 0040b4b0 f i game_objects.obj
 0001:0000a6d0       ?rotateZ@Matrix4x4@Pegas@@QAEAAV12@M@Z 0040b6d0 f i game_objects.obj
 0001:0000a720       ?identity@Matrix4x4@Pegas@@QAEAAV12@XZ 0040b720 f i game_objects.obj
 0001:0000a740       ??0Matrix4x4@Pegas@@QAE@XZ 0040b740 f i game_objects.obj
 0001:0000a750       ?_Tidy@?$vector@VVector3@Pegas@@V?$allocator@VVector3@Pegas@@@std@@@std@@IAEXXZ 0040b750 f i game_objects.obj
 0001:0000a780       ??1?$vector@VVector3@Pegas@@V?$allocator@VVector3@Pegas@@@std@@@std@@QAE@XZ 0040b780 f i game_objects.obj
 0001:0000a7b0       ??1Process@Pegas@@UAE@XZ   0040b7b0 f i game_objects.obj
 0001:0000a7f0       _wWinMain@16               0040b7f0 f   asteroids.obj
 0001:0000a920       ?MyRegisterClass@@YAGPAUHINSTANCE__@@@Z 0040b920 f   asteroids.obj
 0001:0000a9b0       ?InitInstance@@YAHPAUHINSTANCE__@@H@Z 0040b9b0 f   asteroids.obj
 0001:0000aa90       ?WndProc@@YGJPAUHWND__@@IIJ@Z 0040ba90 f   asteroids.obj
 0001:0000acb0       ?About@@YGHPAUHWND__@@IIJ@Z 0040bcb0 f   asteroids.obj
 0001:0000acf0       ?getListenerName@BaseGameApplication@Pegas@@UAE?AV?$basic_string@DU?$char_traits@D@std@@V?$allocator@D@2@@std@@XZ 0040bcf0 f i asteroids.obj
 0001:0000ad20       ??1?$Singleton@VBaseGameApplication@Pegas@@@Pegas@@QAE@XZ 0040bd20 f i asteroids.obj
 0001:0000ad40       ??8const_iterator@?$_Tree@V?$_Tmap_traits@HPAVFontResource@Pegas@@U?$less@H@std@@V?$allocator@U?$pair@$$CBHPAVFontResource@Pegas@@@std@@@4@$0A@@std@@@std@@QBE_NABV012@@Z 0040bd40 f i asteroids.obj
 0001:0000ad40       ??8const_iterator@?$_Tree@V?$_Tmap_traits@HPAVStringResource@Pegas@@U?$less@H@std@@V?$allocator@U?$pair@$$CBHPAVStringResource@Pegas@@@std@@@4@$0A@@std@@@std@@QBE_NABV012@@Z 0040bd40 f i asteroids.obj
 0001:0000ad40       ??8const_iterator@?$_Tree@V?$_Tmap_traits@HPAVTextureResource@Pegas@@U?$less@H@std@@V?$allocator@U?$pair@$$CBHPAVTextureResource@Pegas@@@std@@@4@$0A@@std@@@std@@QBE_NABV012@@Z 0040bd40 f i asteroids.obj
 0001:0000ad40       ??8const_iterator@?$_Tree@V?$_Tset_traits@PAVIMouseController@Pegas@@U?$less@PAVIMouseController@Pegas@@@std@@V?$allocator@PAVIMouseController@Pegas@@@4@$0A@@std@@@std@@QBE_NABV012@@Z 0040bd40 f i asteroids.obj
 0001:0000ad40       ??8const_iterator@?$_Tree@V?$_Tmap_traits@HV?$ptr@VIGameState@Pegas@@@Pegas@@U?$less@H@std@@V?$allocator@U?$pair@$$CBHV?$ptr@VIGameState@Pegas@@@Pegas@@@std@@@4@$0A@@std@@@std@@QBE_NABV012@@Z 0040bd40 f i asteroids.obj
 0001:0000ad40       ??8const_iterator@?$_Tree@V?$_Tset_traits@PAVIKeyboardController@Pegas@@U?$less@PAVIKeyboardController@Pegas@@@std@@V?$allocator@PAVIKeyboardController@Pegas@@@4@$0A@@std@@@std@@QBE_NABV012@@Z 0040bd40 f i asteroids.obj
 0001:0000ad40       ??8const_iterator@?$_Tree@V?$_Tmap_traits@HPAVSoundResource@Pegas@@U?$less@H@std@@V?$allocator@U?$pair@$$CBHPAVSoundResource@Pegas@@@std@@@4@$0A@@std@@@std@@QBE_NABV012@@Z 0040bd40 f i asteroids.obj
 0001:0000ad70       ?_Rmost@?$_Tree@V?$_Tmap_traits@HV?$ptr@VIGameState@Pegas@@@Pegas@@U?$less@H@std@@V?$allocator@U?$pair@$$CBHV?$ptr@VIGameState@Pegas@@@Pegas@@@std@@@4@$0A@@std@@@std@@IBEAAPAU_Node@?$_Tree_nod@V?$_Tmap_traits@HV?$ptr@VIGameState@Pegas@@@Pegas@@U?$less@H@std@@V?$allocator@U?$pair@$$CBHV?$ptr@VIGameState@Pegas@@@Pegas@@@std@@@4@$0A@@std@@@2@XZ 0040bd70 f i asteroids.obj
 0001:0000ad70       ?_Rmost@?$_Tree@V?$_Tset_traits@PAVIKeyboardController@Pegas@@U?$less@PAVIKeyboardController@Pegas@@@std@@V?$allocator@PAVIKeyboardController@Pegas@@@4@$0A@@std@@@std@@IBEAAPAU_Node@?$_Tree_nod@V?$_Tset_traits@PAVIKeyboardController@Pegas@@U?$less@PAVIKeyboardController@Pegas@@@std@@V?$allocator@PAVIKeyboardController@Pegas@@@4@$0A@@std@@@2@XZ 0040bd70 f i asteroids.obj
 0001:0000ad70       ?_Rmost@?$_Tree@V?$_Tmap_traits@HPAVStringResource@Pegas@@U?$less@H@std@@V?$allocator@U?$pair@$$CBHPAVStringResource@Pegas@@@std@@@4@$0A@@std@@@std@@IBEAAPAU_Node@?$_Tree_nod@V?$_Tmap_traits@HPAVStringResource@Pegas@@U?$less@H@std@@V?$allocator@U?$pair@$$CBHPAVStringResource@Pegas@@@std@@@4@$0A@@std@@@2@XZ 0040bd70 f i asteroids.obj
 0001:0000ad70       ?_Rmost@?$_Tree@V?$_Tmap_traits@HPAVSoundResource@Pegas@@U?$less@H@std@@V?$allocator@U?$pair@$$CBHPAVSoundResource@Pegas@@@std@@@4@$0A@@std@@@std@@IBEAAPAU_Node@?$_Tree_nod@V?$_Tmap_traits@HPAVSoundResource@Pegas@@U?$less@H@std@@V?$allocator@U?$pair@$$CBHPAVSoundResource@Pegas@@@std@@@4@$0A@@std@@@2@XZ 0040bd70 f i asteroids.obj
 0001:0000ad70       ?_Rmost@?$_Tree@V?$_Tset_traits@PAVIMouseController@Pegas@@U?$less@PAVIMouseController@Pegas@@@std@@V?$allocator@PAVIMouseController@Pegas@@@4@$0A@@std@@@std@@IBEAAPAU_Node@?$_Tree_nod@V?$_Tset_traits@PAVIMouseController@Pegas@@U?$less@PAVIMouseController@Pegas@@@std@@V?$allocator@PAVIMouseController@Pegas@@@4@$0A@@std@@@2@XZ 0040bd70 f i asteroids.obj
 0001:0000ad70       ?_Rmost@?$_Tree@V?$_Tmap_traits@HPAVTextureResource@Pegas@@U?$less@H@std@@V?$allocator@U?$pair@$$CBHPAVTextureResource@Pegas@@@std@@@4@$0A@@std@@@std@@IBEAAPAU_Node@?$_Tree_nod@V?$_Tmap_traits@HPAVTextureResource@Pegas@@U?$less@H@std@@V?$allocator@U?$pair@$$CBHPAVTextureResource@Pegas@@@std@@@4@$0A@@std@@@2@XZ 0040bd70 f i asteroids.obj
 0001:0000ad70       ?_Rmost@?$_Tree@V?$_Tmap_traits@HPAVFontResource@Pegas@@U?$less@H@std@@V?$allocator@U?$pair@$$CBHPAVFontResource@Pegas@@@std@@@4@$0A@@std@@@std@@IBEAAPAU_Node@?$_Tree_nod@V?$_Tmap_traits@HPAVFontResource@Pegas@@U?$less@H@std@@V?$allocator@U?$pair@$$CBHPAVFontResource@Pegas@@@std@@@4@$0A@@std@@@2@XZ 0040bd70 f i asteroids.obj
 0001:0000ad80       ?_Max@?$_Tree@V?$_Tset_traits@PAVIMouseController@Pegas@@U?$less@PAVIMouseController@Pegas@@@std@@V?$allocator@PAVIMouseController@Pegas@@@4@$0A@@std@@@std@@KAPAU_Node@?$_Tree_nod@V?$_Tset_traits@PAVIMouseController@Pegas@@U?$less@PAVIMouseController@Pegas@@@std@@V?$allocator@PAVIMouseController@Pegas@@@4@$0A@@std@@@2@PAU342@@Z 0040bd80 f i asteroids.obj
 0001:0000ad80       ?_Max@?$_Tree@V?$_Tset_traits@PAVIKeyboardController@Pegas@@U?$less@PAVIKeyboardController@Pegas@@@std@@V?$allocator@PAVIKeyboardController@Pegas@@@4@$0A@@std@@@std@@KAPAU_Node@?$_Tree_nod@V?$_Tset_traits@PAVIKeyboardController@Pegas@@U?$less@PAVIKeyboardController@Pegas@@@std@@V?$allocator@PAVIKeyboardController@Pegas@@@4@$0A@@std@@@2@PAU342@@Z 0040bd80 f i asteroids.obj
 0001:0000ada0       ?_Lrotate@?$_Tree@V?$_Tset_traits@PAVIKeyboardController@Pegas@@U?$less@PAVIKeyboardController@Pegas@@@std@@V?$allocator@PAVIKeyboardController@Pegas@@@4@$0A@@std@@@std@@IAEXPAU_Node@?$_Tree_nod@V?$_Tset_traits@PAVIKeyboardController@Pegas@@U?$less@PAVIKeyboardController@Pegas@@@std@@V?$allocator@PAVIKeyboardController@Pegas@@@4@$0A@@std@@@2@@Z 0040bda0 f i asteroids.obj
 0001:0000ada0       ?_Lrotate@?$_Tree@V?$_Tset_traits@PAVIMouseController@Pegas@@U?$less@PAVIMouseController@Pegas@@@std@@V?$allocator@PAVIMouseController@Pegas@@@4@$0A@@std@@@std@@IAEXPAU_Node@?$_Tree_nod@V?$_Tset_traits@PAVIMouseController@Pegas@@U?$less@PAVIMouseController@Pegas@@@std@@V?$allocator@PAVIMouseController@Pegas@@@4@$0A@@std@@@2@@Z 0040bda0 f i asteroids.obj
 0001:0000adf0       ?_Rrotate@?$_Tree@V?$_Tset_traits@PAVIKeyboardController@Pegas@@U?$less@PAVIKeyboardController@Pegas@@@std@@V?$allocator@PAVIKeyboardController@Pegas@@@4@$0A@@std@@@std@@IAEXPAU_Node@?$_Tree_nod@V?$_Tset_traits@PAVIKeyboardController@Pegas@@U?$less@PAVIKeyboardController@Pegas@@@std@@V?$allocator@PAVIKeyboardController@Pegas@@@4@$0A@@std@@@2@@Z 0040bdf0 f i asteroids.obj
 0001:0000adf0       ?_Rrotate@?$_Tree@V?$_Tset_traits@PAVIMouseController@Pegas@@U?$less@PAVIMouseController@Pegas@@@std@@V?$allocator@PAVIMouseController@Pegas@@@4@$0A@@std@@@std@@IAEXPAU_Node@?$_Tree_nod@V?$_Tset_traits@PAVIMouseController@Pegas@@U?$less@PAVIMouseController@Pegas@@@std@@V?$allocator@PAVIMouseController@Pegas@@@4@$0A@@std@@@2@@Z 0040bdf0 f i asteroids.obj
 0001:0000ae50       ?_Color@?$_Tree@V?$_Tset_traits@PAVIKeyboardController@Pegas@@U?$less@PAVIKeyboardController@Pegas@@@std@@V?$allocator@PAVIKeyboardController@Pegas@@@4@$0A@@std@@@std@@KAAADPAU_Node@?$_Tree_nod@V?$_Tset_traits@PAVIKeyboardController@Pegas@@U?$less@PAVIKeyboardController@Pegas@@@std@@V?$allocator@PAVIKeyboardController@Pegas@@@4@$0A@@std@@@2@@Z 0040be50 f i asteroids.obj
 0001:0000ae50       ?_Color@?$_Tree@V?$_Tset_traits@PAVIMouseController@Pegas@@U?$less@PAVIMouseController@Pegas@@@std@@V?$allocator@PAVIMouseController@Pegas@@@4@$0A@@std@@@std@@KAAADPAU_Node@?$_Tree_nod@V?$_Tset_traits@PAVIMouseController@Pegas@@U?$less@PAVIMouseController@Pegas@@@std@@V?$allocator@PAVIMouseController@Pegas@@@4@$0A@@std@@@2@@Z 0040be50 f i asteroids.obj
 0001:0000ae60       ?erase@?$_Tree@V?$_Tset_traits@PAVIKeyboardController@Pegas@@U?$less@PAVIKeyboardController@Pegas@@@std@@V?$allocator@PAVIKeyboardController@Pegas@@@4@$0A@@std@@@std@@QAE?AViterator@12@Vconst_iterator@12@@Z 0040be60 f i asteroids.obj
 0001:0000ae60       ?erase@?$_Tree@V?$_Tset_traits@PAVIMouseController@Pegas@@U?$less@PAVIMouseController@Pegas@@@std@@V?$allocator@PAVIMouseController@Pegas@@@4@$0A@@std@@@std@@QAE?AViterator@12@Vconst_iterator@12@@Z 0040be60 f i asteroids.obj
 0001:0000b140       ?_Min@?$_Tree@V?$_Tset_traits@PAVIMouseController@Pegas@@U?$less@PAVIMouseController@Pegas@@@std@@V?$allocator@PAVIMouseController@Pegas@@@4@$0A@@std@@@std@@KAPAU_Node@?$_Tree_nod@V?$_Tset_traits@PAVIMouseController@Pegas@@U?$less@PAVIMouseController@Pegas@@@std@@V?$allocator@PAVIMouseController@Pegas@@@4@$0A@@std@@@2@PAU342@@Z 0040c140 f i asteroids.obj
 0001:0000b140       ?_Min@?$_Tree@V?$_Tset_traits@PAVIKeyboardController@Pegas@@U?$less@PAVIKeyboardController@Pegas@@@std@@V?$allocator@PAVIKeyboardController@Pegas@@@4@$0A@@std@@@std@@KAPAU_Node@?$_Tree_nod@V?$_Tset_traits@PAVIKeyboardController@Pegas@@U?$less@PAVIKeyboardController@Pegas@@@std@@V?$allocator@PAVIKeyboardController@Pegas@@@4@$0A@@std@@@2@PAU342@@Z 0040c140 f i asteroids.obj
 0001:0000b160       ?_Isnil@?$_Tree@V?$_Tset_traits@PAVIMouseController@Pegas@@U?$less@PAVIMouseController@Pegas@@@std@@V?$allocator@PAVIMouseController@Pegas@@@4@$0A@@std@@@std@@KAAADPAU_Node@?$_Tree_nod@V?$_Tset_traits@PAVIMouseController@Pegas@@U?$less@PAVIMouseController@Pegas@@@std@@V?$allocator@PAVIMouseController@Pegas@@@4@$0A@@std@@@2@@Z 0040c160 f i asteroids.obj
[...]
 0001:00047529       __ehhandler$??$make_pair@V?$basic_string@DU?$char_traits@D@std@@V?$allocator@D@2@@std@@V?$ptr@V?$set@PAVIEventListener@Pegas@@U?$less@PAVIEventListener@Pegas@@@std@@V?$allocator@PAVIEventListener@Pegas@@@4@@std@@@Pegas@@@std@@YA?AU?$pair@V?$basic_string@DU?$char_traits@D@std@@V?$allocator@D@2@@std@@V?$ptr@V?$set@PAVIEventListener@Pegas@@U?$less@PAVIEventListener@Pegas@@@std@@V?$allocator@PAVIEventListener@Pegas@@@4@@std@@@Pegas@@@0@V?$basic_string@DU?$char_traits@D@std@@V?$allocator@D@2@@0@V?$ptr@V?$set@PAVIEventListener@Pegas@@U?$less@PAVIEventListener@Pegas@@@std@@V?$allocator@PAVIEventListener@Pegas@@@4@@std@@@Pegas@@@Z 00448529 f    CIL library: CIL module
 0001:00047550       __unwindfunclet$?_Buynode@?$_Tree@V?$_Tmap_traits@V?$basic_string@DU?$char_traits@D@std@@V?$allocator@D@2@@std@@V?$ptr@V?$set@PAVIEventListener@Pegas@@U?$less@PAVIEventListener@Pegas@@@std@@V?$allocator@PAVIEventListener@Pegas@@@4@@std@@@Pegas@@U?$less@V?$basic_string@DU?$char_traits@D@std@@V?$allocator@D@2@@std@@@2@V?$allocator@U?$pair@$$CBV?$basic_string@DU?$char_traits@D@std@@V?$allocator@D@2@@std@@V?$ptr@V?$set@PAVIEventListener@Pegas@@U?$less@PAVIEventListener@Pegas@@@std@@V?$allocator@PAVIEventListener@Pegas@@@4@@std@@@Pegas@@@std@@@2@$0A@@std@@@std@@IAEPAU_Node@?$_Tree_nod@V?$_Tmap_traits@V?$basic_string@DU?$char_traits@D@std@@V?$allocator@D@2@@std@@V?$ptr@V?$set@PAVIEventListener@Pegas@@U?$less@PAVIEventListener@Pegas@@@std@@V?$allocator@PAVIEventListener@Pegas@@@4@@std@@@Pegas@@U?$less@V?$basic_string@DU?$char_traits@D@std@@V?$allocator@D@2@@std@@@2@V?$allocator@U?$pair@$$CBV?$basic_string@DU?$char_traits@D@std@@V?$allocator@D@2@@std@@V?$ptr@V?$set@PAVIEventListener@Pegas@@U?$less@PAVIEventListener@Pegas@@@std@@V?$allocator@PAVIEventListener@Pegas@@@4@@std@@@Pegas@@@std@@@2@$0A@@std@@@2@PAU342@00ABU?$pair@$$CBV?$basic_string@DU?$char_traits@D@std@@V?$allocator@D@2@@std@@V?$ptr@V?$set@PAVIEventListener@Pegas@@U?$less@PAVIEventListener@Pegas@@@std@@V?$allocator@PAVIEventListener@Pegas@@@4@@std@@@Pegas@@@2@D@Z$2 00448550 f    CIL library: CIL module
 0001:00047561       __ehhandler$?_Buynode@?$_Tree@V?$_Tmap_traits@V?$basic_string@DU?$char_traits@D@std@@V?$allocator@D@2@@std@@V?$ptr@V?$set@PAVIEventListener@Pegas@@U?$less@PAVIEventListener@Pegas@@@std@@V?$allocator@PAVIEventListener@Pegas@@@4@@std@@@Pegas@@U?$less@V?$basic_string@DU?$char_traits@D@std@@V?$allocator@D@2@@std@@@2@V?$allocator@U?$pair@$$CBV?$basic_string@DU?$char_traits@D@std@@V?$allocator@D@2@@std@@V?$ptr@V?$set@PAVIEventListener@Pegas@@U?$less@PAVIEventListener@Pegas@@@std@@V?$allocator@PAVIEventListener@Pegas@@@4@@std@@@Pegas@@@std@@@2@$0A@@std@@@std@@IAEPAU_Node@?$_Tree_nod@V?$_Tmap_traits@V?$basic_string@DU?$char_traits@D@std@@V?$allocator@D@2@@std@@V?$ptr@V?$set@PAVIEventListener@Pegas@@U?$less@PAVIEventListener@Pegas@@@std@@V?$allocator@PAVIEventListener@Pegas@@@4@@std@@@Pegas@@U?$less@V?$basic_string@DU?$char_traits@D@std@@V?$allocator@D@2@@std@@@2@V?$allocator@U?$pair@$$CBV?$basic_string@DU?$char_traits@D@std@@V?$allocator@D@2@@std@@V?$ptr@V?$set@PAVIEventListener@Pegas@@U?$less@PAVIEventListener@Pegas@@@std@@V?$allocator@PAVIEventListener@Pegas@@@4@@std@@@Pegas@@@std@@@2@$0A@@std@@@2@PAU342@00ABU?$pair@$$CBV?$basic_string@DU?$char_traits@D@std@@V?$allocator@D@2@@std@@V?$ptr@V?$set@PAVIEventListener@Pegas@@U?$less@PAVIEventListener@Pegas@@@std@@V?$allocator@PAVIEventListener@Pegas@@@4@@std@@@Pegas@@@2@D@Z 00448561 f    CIL library: CIL module
 0001:00047580       __unwindfunclet$?start@Ship@Pegas@@MAEXHPAVProcessManager@2@@Z$0 00448580 f    CIL library: CIL module
 0001:00047588       __ehhandler$?start@Ship@Pegas@@MAEXHPAVProcessManager@2@@Z 00448588 f    CIL library: CIL module
 0001:000475b0       __unwindfunclet$??0EventManager@Pegas@@QAE@XZ$0 004485b0 f    CIL library: CIL module
 0001:000475b5       __unwindfunclet$??0EventManager@Pegas@@QAE@XZ$1 004485b5 f    CIL library: CIL module
 0001:000475cb       __ehhandler$??0EventManager@Pegas@@QAE@XZ 004485cb f    CIL library: CIL module
 0001:000475f0       __unwindfunclet$??1EventManager@Pegas@@UAE@XZ$0 004485f0 f    CIL library: CIL module
 0001:000475f5       __unwindfunclet$??1EventManager@Pegas@@UAE@XZ$1 004485f5 f    CIL library: CIL module
 0001:0004760b       __unwindfunclet$??1EventManager@Pegas@@UAE@XZ$4 0044860b f    CIL library: CIL module
 0001:00047613       __ehhandler$??1EventManager@Pegas@@UAE@XZ 00448613 f    CIL library: CIL module
 0001:00047630       __unwindfunclet$??0BaseGameApplication@Pegas@@QAE@PAUHINSTANCE__@@@Z$0 00448630 f    CIL library: CIL module
 0001:00047635       __unwindfunclet$??0BaseGameApplication@Pegas@@QAE@PAUHINSTANCE__@@@Z$1 00448635 f    CIL library: CIL module
 0001:00047640       __unwindfunclet$??0BaseGameApplication@Pegas@@QAE@PAUHINSTANCE__@@@Z$2 00448640 f    CIL library: CIL module
 0001:0004764d       __unwindfunclet$??0BaseGameApplication@Pegas@@QAE@PAUHINSTANCE__@@@Z$3 0044864d f    CIL library: CIL module
 0001:0004765a       __unwindfunclet$??0BaseGameApplication@Pegas@@QAE@PAUHINSTANCE__@@@Z$4 0044865a f    CIL library: CIL module
 0001:00047667       __unwindfunclet$??0BaseGameApplication@Pegas@@QAE@PAUHINSTANCE__@@@Z$5 00448667 f    CIL library: CIL module
 0001:00047672       __unwindfunclet$??0BaseGameApplication@Pegas@@QAE@PAUHINSTANCE__@@@Z$6 00448672 f    CIL library: CIL module
 0001:00047681       __unwindfunclet$??0BaseGameApplication@Pegas@@QAE@PAUHINSTANCE__@@@Z$7 00448681 f    CIL library: CIL module
 0001:00047690       __unwindfunclet$??0BaseGameApplication@Pegas@@QAE@PAUHINSTANCE__@@@Z$8 00448690 f    CIL library: CIL module
 0001:0004769e       __unwindfunclet$??0BaseGameApplication@Pegas@@QAE@PAUHINSTANCE__@@@Z$9 0044869e f    CIL library: CIL module
 0001:000476ac       __unwindfunclet$??0BaseGameApplication@Pegas@@QAE@PAUHINSTANCE__@@@Z$10 004486ac f    CIL library: CIL module
 0001:000476ba       __unwindfunclet$??0BaseGameApplication@Pegas@@QAE@PAUHINSTANCE__@@@Z$11 004486ba f    CIL library: CIL module
 0001:000476c8       __unwindfunclet$??0BaseGameApplication@Pegas@@QAE@PAUHINSTANCE__@@@Z$12 004486c8 f    CIL library: CIL module
 0001:000476d6       __unwindfunclet$??0BaseGameApplication@Pegas@@QAE@PAUHINSTANCE__@@@Z$13 004486d6 f    CIL library: CIL module
 0001:000476e4       __unwindfunclet$??0BaseGameApplication@Pegas@@QAE@PAUHINSTANCE__@@@Z$14 004486e4 f    CIL library: CIL module
 0001:000476f2       __ehhandler$??0BaseGameApplication@Pegas@@QAE@PAUHINSTANCE__@@@Z 004486f2 f    CIL library: CIL module
 0001:00047710       __unwindfunclet$??1BaseGameApplication@Pegas@@UAE@XZ$0 00448710 f    CIL library: CIL module
 0001:00047715       __unwindfunclet$??1BaseGameApplication@Pegas@@UAE@XZ$1 00448715 f    CIL library: CIL module
 0001:00047720       __unwindfunclet$??1BaseGameApplication@Pegas@@UAE@XZ$2 00448720 f    CIL library: CIL module
 0001:0004772d       __unwindfunclet$??1BaseGameApplication@Pegas@@UAE@XZ$3 0044872d f    CIL library: CIL module
 0001:0004773a       __unwindfunclet$??1BaseGameApplication@Pegas@@UAE@XZ$4 0044873a f    CIL library: CIL module
 0001:00047747       __unwindfunclet$??1BaseGameApplication@Pegas@@UAE@XZ$5 00448747 f    CIL library: CIL module
 0001:00047752       __unwindfunclet$??1BaseGameApplication@Pegas@@UAE@XZ$6 00448752 f    CIL library: CIL module
 0001:00047761       __unwindfunclet$??1BaseGameApplication@Pegas@@UAE@XZ$7 00448761 f    CIL library: CIL module
 0001:00047770       __unwindfunclet$??1BaseGameApplication@Pegas@@UAE@XZ$8 00448770 f    CIL library: CIL module
 0001:0004777e       __unwindfunclet$??1BaseGameApplication@Pegas@@UAE@XZ$9 0044877e f    CIL library: CIL module
 0001:0004778c       __unwindfunclet$??1BaseGameApplication@Pegas@@UAE@XZ$10 0044878c f    CIL library: CIL module
 0001:0004779a       __unwindfunclet$??1BaseGameApplication@Pegas@@UAE@XZ$11 0044879a f    CIL library: CIL module
 0001:000477a8       __unwindfunclet$??1BaseGameApplication@Pegas@@UAE@XZ$12 004487a8 f    CIL library: CIL module
 0001:000477b6       __unwindfunclet$??1BaseGameApplication@Pegas@@UAE@XZ$13 004487b6 f    CIL library: CIL module
 0001:000477c4       __unwindfunclet$??1BaseGameApplication@Pegas@@UAE@XZ$14 004487c4 f    CIL library: CIL module
 0001:000477d2       __unwindfunclet$??1BaseGameApplication@Pegas@@UAE@XZ$21 004487d2 f    CIL library: CIL module
 0001:000477da       __unwindfunclet$??1BaseGameApplication@Pegas@@UAE@XZ$23 004487da f    CIL library: CIL module
 0001:000477e2       __unwindfunclet$??1BaseGameApplication@Pegas@@UAE@XZ$25 004487e2 f    CIL library: CIL module
 0001:000477ea       __unwindfunclet$??1BaseGameApplication@Pegas@@UAE@XZ$27 004487ea f    CIL library: CIL module
 0001:000477f2       __ehhandler$??1BaseGameApplication@Pegas@@UAE@XZ 004487f2 f    CIL library: CIL module
 0001:00047810       ??__E?k_type@Event_Actor_CreateAsteroid@Pegas@@2V?$basic_string@DU?$char_traits@D@std@@V?$allocator@D@2@@std@@B@@YAXXZ 00448810 f    CIL library: CIL module
 0001:00047830       ??__E?k_type@Event_Actor_CreateShatter@Pegas@@2V?$basic_string@DU?$char_traits@D@std@@V?$allocator@D@2@@std@@B@@YAXXZ 00448830 f    CIL library: CIL module
 0001:00047850       ??__E?k_type@Event_Actor_CreateBullet@Pegas@@2V?$basic_string@DU?$char_traits@D@std@@V?$allocator@D@2@@std@@B@@YAXXZ 00448850 f    CIL library: CIL module
 0001:00047870       ??__E?k_type@Event_Actor_CreateExplosion@Pegas@@2V?$basic_string@DU?$char_traits@D@std@@V?$allocator@D@2@@std@@B@@YAXXZ 00448870 f    CIL library: CIL module
 0001:00047890       ??__E?k_type@Event_Actor_CreateShip@Pegas@@2V?$basic_string@DU?$char_traits@D@std@@V?$allocator@D@2@@std@@B@@YAXXZ 00448890 f    CIL library: CIL module
 0001:000478b0       ??__E?k_type@Event_Actor_Destroy@Pegas@@2V?$basic_string@DU?$char_traits@D@std@@V?$allocator@D@2@@std@@B@@YAXXZ 004488b0 f    CIL library: CIL module
 0001:000478d0       ??__E?k_type@Event_Actor_SetPosition@Pegas@@2V?$basic_string@DU?$char_traits@D@std@@V?$allocator@D@2@@std@@B@@YAXXZ 004488d0 f    CIL library: CIL module
 0001:000478f0       ??__E?k_type@Event_Actor_Moved@Pegas@@2V?$basic_string@DU?$char_traits@D@std@@V?$allocator@D@2@@std@@B@@YAXXZ 004488f0 f    CIL library: CIL module
 0001:00047910       ??__E?k_type@Event_Player_EnableControl@Pegas@@2V?$basic_string@DU?$char_traits@D@std@@V?$allocator@D@2@@std@@B@@YAXXZ 00448910 f    CIL library: CIL module
 0001:00047930       ??__E?k_type@Event_Player_DisableControl@Pegas@@2V?$basic_string@DU?$char_traits@D@std@@V?$allocator@D@2@@std@@B@@YAXXZ 00448930 f    CIL library: CIL module
 0001:00047950       ??__E?k_type@Event_Player_RotateLeft@Pegas@@2V?$basic_string@DU?$char_traits@D@std@@V?$allocator@D@2@@std@@B@@YAXXZ 00448950 f    CIL library: CIL module
 0001:00047970       ??__E?k_type@Event_Player_RotateRight@Pegas@@2V?$basic_string@DU?$char_traits@D@std@@V?$allocator@D@2@@std@@B@@YAXXZ 00448970 f    CIL library: CIL module
 0001:00047990       ??__E?k_type@Event_Player_Thrust@Pegas@@2V?$basic_string@DU?$char_traits@D@std@@V?$allocator@D@2@@std@@B@@YAXXZ 00448990 f    CIL library: CIL module
 0001:000479b0       ??__E?k_type@Event_Player_Fire@Pegas@@2V?$basic_string@DU?$char_traits@D@std@@V?$allocator@D@2@@std@@B@@YAXXZ 004489b0 f    CIL library: CIL module
 0001:000479d0       ??__E?k_type@Event_Player_Stop_Thrust@Pegas@@2V?$basic_string@DU?$char_traits@D@std@@V?$allocator@D@2@@std@@B@@YAXXZ 004489d0 f    CIL library: CIL module
 0001:000479f0       ??__E?k_type@Event_Player_Stop_Fire@Pegas@@2V?$basic_string@DU?$char_traits@D@std@@V?$allocator@D@2@@std@@B@@YAXXZ 004489f0 f    CIL library: CIL module
 0001:00047a10       ??__E?k_type@Event_Player_Stop_Rotation@Pegas@@2V?$basic_string@DU?$char_traits@D@std@@V?$allocator@D@2@@std@@B@@YAXXZ 00448a10 f    CIL library: CIL module
 0001:00047a30       ??__E?k_type@Event_Player_EnableGodMode@Pegas@@2V?$basic_string@DU?$char_traits@D@std@@V?$allocator@D@2@@std@@B@@YAXXZ 00448a30 f    CIL library: CIL module
 0001:00047a50       ??__E?k_type@Event_Player_DisableGodMode@Pegas@@2V?$basic_string@DU?$char_traits@D@std@@V?$allocator@D@2@@std@@B@@YAXXZ 00448a50 f    CIL library: CIL module
 0001:00047a70       ??__E?k_type@Event_GUI_ButtonClick@Pegas@@2V?$basic_string@DU?$char_traits@D@std@@V?$allocator@D@2@@std@@B@@YAXXZ 00448a70 f    CIL library: CIL module
 0001:00047aa0       ??__E?k_type@Event_GUI_StartFadein@Pegas@@2V?$basic_string@DU?$char_traits@D@std@@V?$allocator@D@2@@std@@B@@YAXXZ 00448aa0 f    CIL library: CIL module
 0001:00047ad0       ??__E?k_type@Event_GUI_StartFadeout@Pegas@@2V?$basic_string@DU?$char_traits@D@std@@V?$allocator@D@2@@std@@B@@YAXXZ 00448ad0 f    CIL library: CIL module
 0001:00047b00       ??__E?k_type@Event_GUI_FadeinComplete@Pegas@@2V?$basic_string@DU?$char_traits@D@std@@V?$allocator@D@2@@std@@B@@YAXXZ 00448b00 f    CIL library: CIL module
 0001:00047b30       ??__E?k_type@Event_GUI_FadeoutComplete@Pegas@@2V?$basic_string@DU?$char_traits@D@std@@V?$allocator@D@2@@std@@B@@YAXXZ 00448b30 f    CIL library: CIL module
 0001:00047b60       ??__E?k_type@Event_GUI_FadeOn@Pegas@@2V?$basic_string@DU?$char_traits@D@std@@V?$allocator@D@2@@std@@B@@YAXXZ 00448b60 f    CIL library: CIL module
 0001:00047b90       ??__E?k_type@Event_GUI_FadeOff@Pegas@@2V?$basic_string@DU?$char_traits@D@std@@V?$allocator@D@2@@std@@B@@YAXXZ 00448b90 f    CIL library: CIL module
 0001:00047bc0       ??__E?k_type@Event_Game_ChangeState@Pegas@@2V?$basic_string@DU?$char_traits@D@std@@V?$allocator@D@2@@std@@B@@YAXXZ 00448bc0 f    CIL library: CIL module
 0001:00047bf0       ??__E?k_type@Event_Game_ForwardToState@Pegas@@2V?$basic_string@DU?$char_traits@D@std@@V?$allocator@D@2@@std@@B@@YAXXZ 00448bf0 f    CIL library: CIL module
 0001:00047c20       ??__E?k_type@Event_Game_BackwardToPreviousState@Pegas@@2V?$basic_string@DU?$char_traits@D@std@@V?$allocator@D@2@@std@@B@@YAXXZ 00448c20 f    CIL library: CIL module
 0001:00047c50       ??__E?k_type@Event_Game_Pause@Pegas@@2V?$basic_string@DU?$char_traits@D@std@@V?$allocator@D@2@@std@@B@@YAXXZ 00448c50 f    CIL library: CIL module
 0001:00047c80       ??__E?k_type@Event_Game_Resume@Pegas@@2V?$basic_string@DU?$char_traits@D@std@@V?$allocator@D@2@@std@@B@@YAXXZ 00448c80 f    CIL library: CIL module
 0001:00047cb0       ??__F?k_type@Event_Actor_CreateAsteroid@Pegas@@2V?$basic_string@DU?$char_traits@D@std@@V?$allocator@D@2@@std@@B@@YAXXZ 00448cb0 f    CIL library: CIL module
 0001:00047ce0       ??__F?k_type@Event_Actor_CreateShatter@Pegas@@2V?$basic_string@DU?$char_traits@D@std@@V?$allocator@D@2@@std@@B@@YAXXZ 00448ce0 f    CIL library: CIL module
 0001:00047d10       ??__F?k_type@Event_Actor_CreateBullet@Pegas@@2V?$basic_string@DU?$char_traits@D@std@@V?$allocator@D@2@@std@@B@@YAXXZ 00448d10 f    CIL library: CIL module
 0001:00047d40       ??__F?k_type@Event_Actor_CreateExplosion@Pegas@@2V?$basic_string@DU?$char_traits@D@std@@V?$allocator@D@2@@std@@B@@YAXXZ 00448d40 f    CIL library: CIL module
 0001:00047d70       ??__F?k_type@Event_Actor_CreateShip@Pegas@@2V?$basic_string@DU?$char_traits@D@std@@V?$allocator@D@2@@std@@B@@YAXXZ 00448d70 f    CIL library: CIL module
 0001:00047da0       ??__F?k_type@Event_Actor_Destroy@Pegas@@2V?$basic_string@DU?$char_traits@D@std@@V?$allocator@D@2@@std@@B@@YAXXZ 00448da0 f    CIL library: CIL module
 0001:00047dd0       ??__F?k_type@Event_Actor_SetPosition@Pegas@@2V?$basic_string@DU?$char_traits@D@std@@V?$allocator@D@2@@std@@B@@YAXXZ 00448dd0 f    CIL library: CIL module
 0001:00047e00       ??__F?k_type@Event_Actor_Moved@Pegas@@2V?$basic_string@DU?$char_traits@D@std@@V?$allocator@D@2@@std@@B@@YAXXZ 00448e00 f    CIL library: CIL module
 0001:00047e30       ??__F?k_type@Event_Player_EnableControl@Pegas@@2V?$basic_string@DU?$char_traits@D@std@@V?$allocator@D@2@@std@@B@@YAXXZ 00448e30 f    CIL library: CIL module
 0001:00047e60       ??__F?k_type@Event_Player_DisableControl@Pegas@@2V?$basic_string@DU?$char_traits@D@std@@V?$allocator@D@2@@std@@B@@YAXXZ 00448e60 f    CIL library: CIL module
 0001:00047e90       ??__F?k_type@Event_Player_RotateLeft@Pegas@@2V?$basic_string@DU?$char_traits@D@std@@V?$allocator@D@2@@std@@B@@YAXXZ 00448e90 f    CIL library: CIL module
 0001:00047ec0       ??__F?k_type@Event_Player_RotateRight@Pegas@@2V?$basic_string@DU?$char_traits@D@std@@V?$allocator@D@2@@std@@B@@YAXXZ 00448ec0 f    CIL library: CIL module
 0001:00047ef0       ??__F?k_type@Event_Player_Thrust@Pegas@@2V?$basic_string@DU?$char_traits@D@std@@V?$allocator@D@2@@std@@B@@YAXXZ 00448ef0 f    CIL library: CIL module
 0001:00047f20       ??__F?k_type@Event_Player_Fire@Pegas@@2V?$basic_string@DU?$char_traits@D@std@@V?$allocator@D@2@@std@@B@@YAXXZ 00448f20 f    CIL library: CIL module
 0001:00047f50       ??__F?k_type@Event_Player_Stop_Thrust@Pegas@@2V?$basic_string@DU?$char_traits@D@std@@V?$allocator@D@2@@std@@B@@YAXXZ 00448f50 f    CIL library: CIL module
 0001:00047f80       ??__F?k_type@Event_Player_Stop_Fire@Pegas@@2V?$basic_string@DU?$char_traits@D@std@@V?$allocator@D@2@@std@@B@@YAXXZ 00448f80 f    CIL library: CIL module
 0001:00047fb0       ??__F?k_type@Event_Player_Stop_Rotation@Pegas@@2V?$basic_string@DU?$char_traits@D@std@@V?$allocator@D@2@@std@@B@@YAXXZ 00448fb0 f    CIL library: CIL module
 0001:00047fe0       ??__F?k_type@Event_Player_EnableGodMode@Pegas@@2V?$basic_string@DU?$char_traits@D@std@@V?$allocator@D@2@@std@@B@@YAXXZ 00448fe0 f    CIL library: CIL module
 0001:00048010       ??__F?k_type@Event_Player_DisableGodMode@Pegas@@2V?$basic_string@DU?$char_traits@D@std@@V?$allocator@D@2@@std@@B@@YAXXZ 00449010 f    CIL library: CIL module
 0001:00048040       ??__F?k_type@Event_GUI_ButtonClick@Pegas@@2V?$basic_string@DU?$char_traits@D@std@@V?$allocator@D@2@@std@@B@@YAXXZ 00449040 f    CIL library: CIL module
 0001:00048060       ??__F?k_type@Event_GUI_StartFadein@Pegas@@2V?$basic_string@DU?$char_traits@D@std@@V?$allocator@D@2@@std@@B@@YAXXZ 00449060 f    CIL library: CIL module
 0001:00048080       ??__F?k_type@Event_GUI_StartFadeout@Pegas@@2V?$basic_string@DU?$char_traits@D@std@@V?$allocator@D@2@@std@@B@@YAXXZ 00449080 f    CIL library: CIL module
 0001:000480a0       ??__F?k_type@Event_GUI_FadeinComplete@Pegas@@2V?$basic_string@DU?$char_traits@D@std@@V?$allocator@D@2@@std@@B@@YAXXZ 004490a0 f    CIL library: CIL module
 0001:000480c0       ??__F?k_type@Event_GUI_FadeoutComplete@Pegas@@2V?$basic_string@DU?$char_traits@D@std@@V?$allocator@D@2@@std@@B@@YAXXZ 004490c0 f    CIL library: CIL module
 0001:000480e0       ??__F?k_type@Event_GUI_FadeOn@Pegas@@2V?$basic_string@DU?$char_traits@D@std@@V?$allocator@D@2@@std@@B@@YAXXZ 004490e0 f    CIL library: CIL module
 0001:00048100       ??__F?k_type@Event_GUI_FadeOff@Pegas@@2V?$basic_string@DU?$char_traits@D@std@@V?$allocator@D@2@@std@@B@@YAXXZ 00449100 f    CIL library: CIL module
 0001:00048120       ??__F?k_type@Event_Game_ChangeState@Pegas@@2V?$basic_string@DU?$char_traits@D@std@@V?$allocator@D@2@@std@@B@@YAXXZ 00449120 f    CIL library: CIL module
 0001:00048140       ??__F?k_type@Event_Game_ForwardToState@Pegas@@2V?$basic_string@DU?$char_traits@D@std@@V?$allocator@D@2@@std@@B@@YAXXZ 00449140 f    CIL library: CIL module
 0001:00048160       ??__F?k_type@Event_Game_BackwardToPreviousState@Pegas@@2V?$basic_string@DU?$char_traits@D@std@@V?$allocator@D@2@@std@@B@@YAXXZ 00449160 f    CIL library: CIL module
 0001:00048180       ??__F?k_type@Event_Game_Pause@Pegas@@2V?$basic_string@DU?$char_traits@D@std@@V?$allocator@D@2@@std@@B@@YAXXZ 00449180 f    CIL library: CIL module
 0001:000481a0       ??__F?k_type@Event_Game_Resume@Pegas@@2V?$basic_string@DU?$char_traits@D@std@@V?$allocator@D@2@@std@@B@@YAXXZ 004491a0 f    CIL library: CIL module
 0001:000481b4       ??__Fnomem@?5???2@YAPAXI@Z@YAXXZ 004491b4 f   LIBCMT:new.obj
