 pacman

 Timestamp is 541b22bc (Fri Sep 19 00:21:48 2014)

 Preferred load address is 00400000

 Start         Length     Name                   Class
 0001:00000000 00047834H .text                   CODE
 0001:00047840 000030cfH .text$x                 CODE
 0001:0004a910 00000636H .text$yc                CODE
 0001:0004af50 00000788H .text$yd                CODE
 0002:00000000 00000298H .idata$5                DATA
 0002:00000298 00000004H .CRT$XCA                DATA
 0002:0000029c 000000b0H .CRT$XCU                DATA
 0002:0000034c 00000004H .CRT$XCZ                DATA
 0002:00000350 00000004H .CRT$XIA                DATA
 0002:00000354 00000014H .CRT$XIC                DATA
 0002:00000368 00000004H .CRT$XIY                DATA
 0002:0000036c 00000004H .CRT$XIZ                DATA
 0002:00000370 00000004H .CRT$XPA                DATA
 0002:00000374 00000004H .CRT$XPX                DATA
 0002:00000378 00000004H .CRT$XPXA               DATA
 0002:0000037c 00000004H .CRT$XPZ                DATA
 0002:00000380 00000004H .CRT$XTA                DATA
 0002:00000384 00000004H .CRT$XTZ                DATA
 0002:00000390 00004f48H .rdata                  DATA
 0002:000052d8 0000005aH .rdata$debug            DATA
 0002:00005334 00002780H .rdata$r                DATA
 0002:00007ac0 00000320H .rdata$sxdata           DATA
 0002:00007de0 00000004H .rtc$IAA                DATA
 0002:00007de4 00000004H .rtc$IZZ                DATA
 0002:00007de8 00000004H .rtc$TAA                DATA
 0002:00007dec 00000004H .rtc$TZZ                DATA
 0002:00007df0 00003f3cH .xdata$x                DATA
 0002:0000bd2c 00000078H .idata$2                DATA
 0002:0000bda4 00000014H .idata$3                DATA
 0002:0000bdb8 00000298H .idata$4                DATA
 0002:0000c050 00000aa8H .idata$6                DATA
 0002:0000caf8 00000000H .edata                  DATA
 0003:00000000 00002ce8H .data                   DATA
 0003:00002d00 0000207cH .bss                    DATA
 0004:00000000 00000928H .rsrc$01                DATA
 0004:00000930 00059a70H .rsrc$02                DATA

  Address         Publics by Value              Rva+Base       Lib:Object

 0000:00000000       __except_list              00000000     <absolute>
 0000:000000c8       ___safe_se_handler_count   000000c8     <absolute>
 0000:00000000       ___ImageBase               00400000     <linker-defined>
 0001:00000000       ?init@GameApplication@Pegas@@QAEXPAUHWND__@@@Z 00401000 f   game_app.obj
 0001:00000270       ?run@GameApplication@Pegas@@QAE_NXZ 00401270 f   game_app.obj
 0001:00000330       ?cleanup@GameApplication@Pegas@@QAEXXZ 00401330 f   game_app.obj
 0001:000003a0       ?resize@GameApplication@Pegas@@QAEXHH@Z 004013a0 f   game_app.obj
 0001:000003d0       ?registerResources@GameApplication@Pegas@@AAEXXZ 004013d0 f   game_app.obj
 0001:000009c0       ?processInput@GameApplication@Pegas@@QAEXIIJ@Z 004019c0 f   game_app.obj
 0001:00000da0       ?addKeyboardController@GameApplication@Pegas@@UAEXPAVIKeyboardController@2@@Z 00401da0 f   game_app.obj
 0001:00000e10       ?removeKeyboardController@GameApplication@Pegas@@UAEXPAVIKeyboardController@2@@Z 00401e10 f   game_app.obj
 0001:00000e30       ?addMouseController@GameApplication@Pegas@@UAEXPAVIMouseController@2@@Z 00401e30 f   game_app.obj
 0001:00000ea0       ?removeMouseController@GameApplication@Pegas@@UAEXPAVIMouseController@2@@Z 00401ea0 f   game_app.obj
 0001:00000ec0       ?attachProcess@GameApplication@Pegas@@UAEHV?$ptr@VProcess@Pegas@@@2@@Z 00401ec0 f   game_app.obj
 0001:00000f60       ?terminateProcess@GameApplication@Pegas@@UAEXABH@Z 00401f60 f   game_app.obj
 0001:00000f70       ?addGameState@GameApplication@Pegas@@UAEXV?$ptr@VIGameState@Pegas@@@2@@Z 00401f70 f   game_app.obj
 0001:000010e0       ?removeState@GameApplication@Pegas@@UAEXH@Z 004020e0 f   game_app.obj
 0001:00001310       ?changeState@GameApplication@Pegas@@UAEXH@Z 00402310 f   game_app.obj
 0001:00001410       ?forwardToState@GameApplication@Pegas@@UAEXH@Z 00402410 f   game_app.obj
 0001:00001510       ?backwardToPreviousState@GameApplication@Pegas@@UAEXXZ 00402510 f   game_app.obj
 0001:00001610       ?handleEvent@GameApplication@Pegas@@UAEXV?$ptr@UEvent@Pegas@@@2@@Z 00402610 f   game_app.obj
 0001:000018b0       ?_changeState@GameApplication@Pegas@@AAEXH@Z 004028b0 f   game_app.obj
 0001:00001980       ?_forwardToState@GameApplication@Pegas@@AAEXH@Z 00402980 f   game_app.obj
 0001:00001a50       ?_backwardToPreviousState@GameApplication@Pegas@@AAEXXZ 00402a50 f   game_app.obj
 0001:00001b20       ?shutdownGame@GameApplication@Pegas@@UAEXXZ 00402b20 f   game_app.obj
 0001:00001b30       ?createFile@GameApplication@Pegas@@UAEPAVISerializer@2@ABV?$basic_string@_WU?$char_traits@_W@std@@V?$allocator@_W@2@@std@@@Z 00402b30 f   game_app.obj
 0001:00001d60       ?openFile@GameApplication@Pegas@@UAEPAVISerializer@2@ABV?$basic_string@_WU?$char_traits@_W@std@@V?$allocator@_W@2@@std@@I@Z 00402d60 f   game_app.obj
 0001:00001f90       ?closeFile@GameApplication@Pegas@@UAEXPAVISerializer@2@@Z 00402f90 f   game_app.obj
 0001:00002080       ??4?$basic_string@_WU?$char_traits@_W@std@@V?$allocator@_W@2@@std@@QAEAAV01@ABV01@@Z 00403080 f i game_app.obj
 0001:000020a0       ?getInstance@?$Singleton@VEventManager@Pegas@@@Pegas@@SAAAVEventManager@2@XZ 004030a0 f i game_app.obj
 0001:000020c0       ??0?$ptr@UEvent@Pegas@@@Pegas@@QAE@ABV01@@Z 004030c0 f i game_app.obj
 0001:000020c0       ??0?$ptr@VProcess@Pegas@@@Pegas@@QAE@ABV01@@Z 004030c0 f i game_app.obj
 0001:000020e0       ?insert@?$_Tree@V?$_Tset_traits@PAVIKeyboardController@Pegas@@U?$less@PAVIKeyboardController@Pegas@@@std@@V?$allocator@PAVIKeyboardController@Pegas@@@4@$0A@@std@@@std@@QAE?AU?$pair@Viterator@?$_Tree@V?$_Tset_traits@PAVIKeyboardController@Pegas@@U?$less@PAVIKeyboardController@Pegas@@@std@@V?$allocator@PAVIKeyboardController@Pegas@@@4@$0A@@std@@@std@@_N@2@ABQAVIKeyboardController@Pegas@@@Z 004030e0 f i game_app.obj
 0001:000020e0       ?insert@?$_Tree@V?$_Tset_traits@PAVIMouseController@Pegas@@U?$less@PAVIMouseController@Pegas@@@std@@V?$allocator@PAVIMouseController@Pegas@@@4@$0A@@std@@@std@@QAE?AU?$pair@Viterator@?$_Tree@V?$_Tset_traits@PAVIMouseController@Pegas@@U?$less@PAVIMouseController@Pegas@@@std@@V?$allocator@PAVIMouseController@Pegas@@@4@$0A@@std@@@std@@_N@2@ABQAVIMouseController@Pegas@@@Z 004030e0 f i game_app.obj
 0001:000021e0       ?erase@?$_Tree@V?$_Tset_traits@PAVIMouseController@Pegas@@U?$less@PAVIMouseController@Pegas@@@std@@V?$allocator@PAVIMouseController@Pegas@@@4@$0A@@std@@@std@@QAEIABQAVIMouseController@Pegas@@@Z 004031e0 f i game_app.obj
 0001:000021e0       ?erase@?$_Tree@V?$_Tset_traits@PAVIKeyboardController@Pegas@@U?$less@PAVIKeyboardController@Pegas@@@std@@V?$allocator@PAVIKeyboardController@Pegas@@@4@$0A@@std@@@std@@QAEIABQAVIKeyboardController@Pegas@@@Z 004031e0 f i game_app.obj
 0001:00002250       ??A?$map@HV?$ptr@VIGameState@Pegas@@@Pegas@@U?$less@H@std@@V?$allocator@U?$pair@$$CBHV?$ptr@VIGameState@Pegas@@@Pegas@@@std@@@4@@std@@QAEAAV?$ptr@VIGameState@Pegas@@@Pegas@@ABH@Z 00403250 f i game_app.obj
 0001:00002370       ?erase@?$_Tree@V?$_Tmap_traits@HV?$ptr@VIGameState@Pegas@@@Pegas@@U?$less@H@std@@V?$allocator@U?$pair@$$CBHV?$ptr@VIGameState@Pegas@@@Pegas@@@std@@@4@$0A@@std@@@std@@QAEIABH@Z 00403370 f i game_app.obj
 0001:000023d0       ?count@?$_Tree@V?$_Tmap_traits@HV?$ptr@VIGameState@Pegas@@@Pegas@@U?$less@H@std@@V?$allocator@U?$pair@$$CBHV?$ptr@VIGameState@Pegas@@@Pegas@@@std@@@4@$0A@@std@@@std@@QBEIABH@Z 004033d0 f i game_app.obj
 0001:00002420       ??4?$deque@V?$ptr@VIGameState@Pegas@@@Pegas@@V?$allocator@V?$ptr@VIGameState@Pegas@@@Pegas@@@std@@@std@@QAEAAV01@ABV01@@Z 00403420 f i game_app.obj
 0001:000025c0       ?erase@?$list@V?$ptr@VFile@Pegas@@@Pegas@@V?$allocator@V?$ptr@VFile@Pegas@@@Pegas@@@std@@@std@@QAE?AV?$_Iterator@$00@12@V?$_Const_iterator@$00@12@@Z 004035c0 f i game_app.obj
 0001:000025c0       ?erase@?$list@V?$ptr@VProcess@Pegas@@@Pegas@@V?$allocator@V?$ptr@VProcess@Pegas@@@Pegas@@@std@@@std@@QAE?AV?$_Iterator@$00@12@V?$_Const_iterator@$00@12@@Z 004035c0 f i game_screen.obj
 0001:00002680       ??Diterator@?$_Tree@V?$_Tset_traits@PAVIMouseController@Pegas@@U?$less@PAVIMouseController@Pegas@@@std@@V?$allocator@PAVIMouseController@Pegas@@@4@$0A@@std@@@std@@QBEAAPAVIMouseController@Pegas@@XZ 00403680 f i game_app.obj
 0001:000026b0       ?find@?$basic_string@_WU?$char_traits@_W@std@@V?$allocator@_W@2@@std@@QBEIPB_WII@Z 004036b0 f i game_app.obj
 0001:000027a0       ??R?$less@H@std@@QBE_NABH0@Z 004037a0 f i game_app.obj
 0001:000027c0       ?acquire@?$ptr@UEvent@Pegas@@@Pegas@@AAEXPAUCounter@2@@Z 004037c0 f i game_app.obj
 0001:000027c0       ?acquire@?$ptr@VWidget@Pegas@@@Pegas@@AAEXPAUCounter@2@@Z 004037c0 f i editor.obj
 0001:000027c0       ?acquire@?$ptr@VBaseScreenLayer@Pegas@@@Pegas@@AAEXPAUCounter@2@@Z 004037c0 f i editor.obj
 0001:000027d0       ?_Insert@?$_Tree@V?$_Tset_traits@PAVIMouseController@Pegas@@U?$less@PAVIMouseController@Pegas@@@std@@V?$allocator@PAVIMouseController@Pegas@@@4@$0A@@std@@@std@@IAE?AViterator@12@_NPAU_Node@?$_Tree_nod@V?$_Tset_traits@PAVIMouseController@Pegas@@U?$less@PAVIMouseController@Pegas@@@std@@V?$allocator@PAVIMouseController@Pegas@@@4@$0A@@std@@@2@ABQAVIMouseController@Pegas@@@Z 004037d0 f i game_app.obj
 0001:000027d0       ?_Insert@?$_Tree@V?$_Tset_traits@PAVIKeyboardController@Pegas@@U?$less@PAVIKeyboardController@Pegas@@@std@@V?$allocator@PAVIKeyboardController@Pegas@@@4@$0A@@std@@@std@@IAE?AViterator@12@_NPAU_Node@?$_Tree_nod@V?$_Tset_traits@PAVIKeyboardController@Pegas@@U?$less@PAVIKeyboardController@Pegas@@@std@@V?$allocator@PAVIKeyboardController@Pegas@@@4@$0A@@std@@@2@ABQAVIKeyboardController@Pegas@@@Z 004037d0 f i game_app.obj
 0001:00002a10       ?insert@?$_Tree@V?$_Tmap_traits@HV?$ptr@VIGameState@Pegas@@@Pegas@@U?$less@H@std@@V?$allocator@U?$pair@$$CBHV?$ptr@VIGameState@Pegas@@@Pegas@@@std@@@4@$0A@@std@@@std@@QAE?AViterator@12@Vconst_iterator@12@ABU?$pair@$$CBHV?$ptr@VIGameState@Pegas@@@Pegas@@@2@@Z 00403a10 f i game_app.obj
 0001:00002be0       ?back@?$deque@V?$ptr@VIGameState@Pegas@@@Pegas@@V?$allocator@V?$ptr@VIGameState@Pegas@@@Pegas@@@std@@@std@@QAEAAV?$ptr@VIGameState@Pegas@@@Pegas@@XZ 00403be0 f i game_app.obj
 0001:00002c50       ?push_back@?$deque@V?$ptr@VIGameState@Pegas@@@Pegas@@V?$allocator@V?$ptr@VIGameState@Pegas@@@Pegas@@@std@@@std@@QAEXABV?$ptr@VIGameState@Pegas@@@Pegas@@@Z 00403c50 f i game_app.obj
 0001:00002ce0       ?erase@?$deque@V?$ptr@VIGameState@Pegas@@@Pegas@@V?$allocator@V?$ptr@VIGameState@Pegas@@@Pegas@@@std@@@std@@QAE?AV?$_Deque_iterator@V?$ptr@VIGameState@Pegas@@@Pegas@@V?$allocator@V?$ptr@VIGameState@Pegas@@@Pegas@@@std@@$00@2@V?$_Deque_const_iterator@V?$ptr@VIGameState@Pegas@@@Pegas@@V?$allocator@V?$ptr@VIGameState@Pegas@@@Pegas@@@std@@$00@2@0@Z 00403ce0 f i game_app.obj
 0001:00002e90       ??H?$_Deque_const_iterator@V?$ptr@VIGameState@Pegas@@@Pegas@@V?$allocator@V?$ptr@VIGameState@Pegas@@@Pegas@@@std@@$00@std@@QBE?AV01@H@Z 00403e90 f i game_app.obj
 0001:00002ee0       ?_Eqrange@?$_Tree@V?$_Tset_traits@PAVIMouseController@Pegas@@U?$less@PAVIMouseController@Pegas@@@std@@V?$allocator@PAVIMouseController@Pegas@@@4@$0A@@std@@@std@@IAE?AU?$pair@Viterator@?$_Tree@V?$_Tset_traits@PAVIMouseController@Pegas@@U?$less@PAVIMouseController@Pegas@@@std@@V?$allocator@PAVIMouseController@Pegas@@@4@$0A@@std@@@std@@V123@@2@ABQAVIMouseController@Pegas@@@Z 00403ee0 f i game_app.obj
 0001:00002ee0       ?_Eqrange@?$_Tree@V?$_Tset_traits@PAVIKeyboardController@Pegas@@U?$less@PAVIKeyboardController@Pegas@@@std@@V?$allocator@PAVIKeyboardController@Pegas@@@4@$0A@@std@@@std@@IBE?AU?$pair@Vconst_iterator@?$_Tree@V?$_Tset_traits@PAVIKeyboardController@Pegas@@U?$less@PAVIKeyboardController@Pegas@@@std@@V?$allocator@PAVIKeyboardController@Pegas@@@4@$0A@@std@@@std@@V123@@2@ABQAVIKeyboardController@Pegas@@@Z 00403ee0 f i game_app.obj
 0001:00002ee0       ?_Eqrange@?$_Tree@V?$_Tset_traits@PAVIKeyboardController@Pegas@@U?$less@PAVIKeyboardController@Pegas@@@std@@V?$allocator@PAVIKeyboardController@Pegas@@@4@$0A@@std@@@std@@IAE?AU?$pair@Viterator@?$_Tree@V?$_Tset_traits@PAVIKeyboardController@Pegas@@U?$less@PAVIKeyboardController@Pegas@@@std@@V?$allocator@PAVIKeyboardController@Pegas@@@4@$0A@@std@@@std@@V123@@2@ABQAVIKeyboardController@Pegas@@@Z 00403ee0 f i game_app.obj
 0001:00002ee0       ?_Eqrange@?$_Tree@V?$_Tset_traits@PAVIMouseController@Pegas@@U?$less@PAVIMouseController@Pegas@@@std@@V?$allocator@PAVIMouseController@Pegas@@@4@$0A@@std@@@std@@IBE?AU?$pair@Vconst_iterator@?$_Tree@V?$_Tset_traits@PAVIMouseController@Pegas@@U?$less@PAVIMouseController@Pegas@@@std@@V?$allocator@PAVIMouseController@Pegas@@@4@$0A@@std@@@std@@V123@@2@ABQAVIMouseController@Pegas@@@Z 00403ee0 f i game_app.obj
 0001:00002f70       ?_Buynode@?$_Tree@V?$_Tset_traits@PAVIKeyboardController@Pegas@@U?$less@PAVIKeyboardController@Pegas@@@std@@V?$allocator@PAVIKeyboardController@Pegas@@@4@$0A@@std@@@std@@IAEPAU_Node@?$_Tree_nod@V?$_Tset_traits@PAVIKeyboardController@Pegas@@U?$less@PAVIKeyboardController@Pegas@@@std@@V?$allocator@PAVIKeyboardController@Pegas@@@4@$0A@@std@@@2@PAU342@00ABQAVIKeyboardController@Pegas@@D@Z 00403f70 f i game_app.obj
 0001:00002f70       ?_Buynode@?$_Tree@V?$_Tset_traits@PAVIMouseController@Pegas@@U?$less@PAVIMouseController@Pegas@@@std@@V?$allocator@PAVIMouseController@Pegas@@@4@$0A@@std@@@std@@IAEPAU_Node@?$_Tree_nod@V?$_Tset_traits@PAVIMouseController@Pegas@@U?$less@PAVIMouseController@Pegas@@@std@@V?$allocator@PAVIMouseController@Pegas@@@4@$0A@@std@@@2@PAU342@00ABQAVIMouseController@Pegas@@D@Z 00403f70 f i game_app.obj
 0001:00002fb0       ?insert@?$_Tree@V?$_Tmap_traits@HV?$ptr@VIGameState@Pegas@@@Pegas@@U?$less@H@std@@V?$allocator@U?$pair@$$CBHV?$ptr@VIGameState@Pegas@@@Pegas@@@std@@@4@$0A@@std@@@std@@QAE?AU?$pair@Viterator@?$_Tree@V?$_Tmap_traits@HV?$ptr@VIGameState@Pegas@@@Pegas@@U?$less@H@std@@V?$allocator@U?$pair@$$CBHV?$ptr@VIGameState@Pegas@@@Pegas@@@std@@@4@$0A@@std@@@std@@_N@2@ABU?$pair@$$CBHV?$ptr@VIGameState@Pegas@@@Pegas@@@2@@Z 00403fb0 f i game_app.obj
 0001:000030a0       ?_Eqrange@?$_Tree@V?$_Tmap_traits@HV?$ptr@VIGameState@Pegas@@@Pegas@@U?$less@H@std@@V?$allocator@U?$pair@$$CBHV?$ptr@VIGameState@Pegas@@@Pegas@@@std@@@4@$0A@@std@@@std@@IBE?AU?$pair@Vconst_iterator@?$_Tree@V?$_Tmap_traits@HV?$ptr@VIGameState@Pegas@@@Pegas@@U?$less@H@std@@V?$allocator@U?$pair@$$CBHV?$ptr@VIGameState@Pegas@@@Pegas@@@std@@@4@$0A@@std@@@std@@V123@@2@ABH@Z 004040a0 f i game_app.obj
 0001:000030a0       ?_Eqrange@?$_Tree@V?$_Tmap_traits@HV?$ptr@VIGameState@Pegas@@@Pegas@@U?$less@H@std@@V?$allocator@U?$pair@$$CBHV?$ptr@VIGameState@Pegas@@@Pegas@@@std@@@4@$0A@@std@@@std@@IAE?AU?$pair@Viterator@?$_Tree@V?$_Tmap_traits@HV?$ptr@VIGameState@Pegas@@@Pegas@@U?$less@H@std@@V?$allocator@U?$pair@$$CBHV?$ptr@VIGameState@Pegas@@@Pegas@@@std@@@4@$0A@@std@@@std@@V123@@2@ABH@Z 004040a0 f i game_app.obj
 0001:00003130       ?_Insert@?$_Tree@V?$_Tmap_traits@HV?$ptr@VIGameState@Pegas@@@Pegas@@U?$less@H@std@@V?$allocator@U?$pair@$$CBHV?$ptr@VIGameState@Pegas@@@Pegas@@@std@@@4@$0A@@std@@@std@@IAE?AViterator@12@_NPAU_Node@?$_Tree_nod@V?$_Tmap_traits@HV?$ptr@VIGameState@Pegas@@@Pegas@@U?$less@H@std@@V?$allocator@U?$pair@$$CBHV?$ptr@VIGameState@Pegas@@@Pegas@@@std@@@4@$0A@@std@@@2@ABU?$pair@$$CBHV?$ptr@VIGameState@Pegas@@@Pegas@@@2@@Z 00404130 f i game_app.obj
 0001:00003380       ?pop_front@?$deque@V?$ptr@VIGameState@Pegas@@@Pegas@@V?$allocator@V?$ptr@VIGameState@Pegas@@@Pegas@@@std@@@std@@QAEXXZ 00404380 f i game_app.obj
 0001:00003400       ?_Growmap@?$deque@V?$ptr@VIGameState@Pegas@@@Pegas@@V?$allocator@V?$ptr@VIGameState@Pegas@@@Pegas@@@std@@@std@@IAEXI@Z 00404400 f i game_app.obj
 0001:00003560       ?_Incsize@?$list@V?$ptr@VFile@Pegas@@@Pegas@@V?$allocator@V?$ptr@VFile@Pegas@@@Pegas@@@std@@@std@@IAEXI@Z 00404560 f i game_app.obj
 0001:00003560       ?_Incsize@?$list@V?$ptr@VProcess@Pegas@@@Pegas@@V?$allocator@V?$ptr@VProcess@Pegas@@@Pegas@@@std@@@std@@IAEXI@Z 00404560 f i game_screen.obj
 0001:00003600       ?_Buynode@?$_Tree@V?$_Tmap_traits@HV?$ptr@VIGameState@Pegas@@@Pegas@@U?$less@H@std@@V?$allocator@U?$pair@$$CBHV?$ptr@VIGameState@Pegas@@@Pegas@@@std@@@4@$0A@@std@@@std@@IAEPAU_Node@?$_Tree_nod@V?$_Tmap_traits@HV?$ptr@VIGameState@Pegas@@@Pegas@@U?$less@H@std@@V?$allocator@U?$pair@$$CBHV?$ptr@VIGameState@Pegas@@@Pegas@@@std@@@4@$0A@@std@@@2@PAU342@00ABU?$pair@$$CBHV?$ptr@VIGameState@Pegas@@@Pegas@@@2@D@Z 00404600 f i game_app.obj
 0001:00003650       ?_Xlen@?$deque@V?$ptr@VIGameState@Pegas@@@Pegas@@V?$allocator@V?$ptr@VIGameState@Pegas@@@Pegas@@@std@@@std@@KAXXZ 00404650 f i game_app.obj
 0001:000036d0       ?allocate@?$allocator@PAV?$ptr@VIGameState@Pegas@@@Pegas@@@std@@QAEPAPAV?$ptr@VIGameState@Pegas@@@Pegas@@I@Z 004046d0 f i game_app.obj
 0001:000036d0       ??$_Allocate@H@std@@YAPAHIPAH@Z 004046d0 f i game_ai.obj
 0001:00003730       ?_Dec@const_iterator@?$_Tree@V?$_Tset_traits@PAVIMouseController@Pegas@@U?$less@PAVIMouseController@Pegas@@@std@@V?$allocator@PAVIMouseController@Pegas@@@4@$0A@@std@@@std@@QAEXXZ 00404730 f i game_app.obj
 0001:00003730       ?_Dec@const_iterator@?$_Tree@V?$_Tset_traits@PAVIKeyboardController@Pegas@@U?$less@PAVIKeyboardController@Pegas@@@std@@V?$allocator@PAVIKeyboardController@Pegas@@@4@$0A@@std@@@std@@QAEXXZ 00404730 f i game_app.obj
 0001:000037b0       ?_Dec@const_iterator@?$_Tree@V?$_Tmap_traits@HV?$ptr@VIGameState@Pegas@@@Pegas@@U?$less@H@std@@V?$allocator@U?$pair@$$CBHV?$ptr@VIGameState@Pegas@@@Pegas@@@std@@@4@$0A@@std@@@std@@QAEXXZ 004047b0 f i game_app.obj
 0001:00003830       ?registerResource@?$ResourceManager@VTextureResource@Pegas@@UIntResourceCode@2@@Pegas@@QAEPAVTextureResource@2@HABUIntResourceCode@2@@Z 00404830 f i game_app.obj
 0001:00003960       ?registerResource@?$ResourceManager@VFontResource@Pegas@@UFontResourceCode@2@@Pegas@@QAEPAVFontResource@2@HABUFontResourceCode@2@@Z 00404960 f i game_app.obj
 0001:00003a90       ??$?8DU?$char_traits@D@std@@V?$allocator@D@1@@std@@YA_NABV?$basic_string@DU?$char_traits@D@std@@V?$allocator@D@2@@0@0@Z 00404a90 f i game_app.obj
 0001:00003af0       ??$?H_WU?$char_traits@_W@std@@V?$allocator@_W@1@@std@@YA?AV?$basic_string@_WU?$char_traits@_W@std@@V?$allocator@_W@2@@0@PB_WABV10@@Z 00404af0 f i game_app.obj
 0001:00003bb0       ??$_Distance@Vconst_iterator@?$_Tree@V?$_Tset_traits@PAVIMouseController@Pegas@@U?$less@PAVIMouseController@Pegas@@@std@@V?$allocator@PAVIMouseController@Pegas@@@4@$0A@@std@@@std@@I@std@@YAXVconst_iterator@?$_Tree@V?$_Tset_traits@PAVIMouseController@Pegas@@U?$less@PAVIMouseController@Pegas@@@std@@V?$allocator@PAVIMouseController@Pegas@@@4@$0A@@std@@@0@0AAI@Z 00404bb0 f i game_app.obj
 0001:00003bb0       ??$_Distance@Viterator@?$_Tree@V?$_Tset_traits@PAVIMouseController@Pegas@@U?$less@PAVIMouseController@Pegas@@@std@@V?$allocator@PAVIMouseController@Pegas@@@4@$0A@@std@@@std@@I@std@@YAXViterator@?$_Tree@V?$_Tset_traits@PAVIMouseController@Pegas@@U?$less@PAVIMouseController@Pegas@@@std@@V?$allocator@PAVIMouseController@Pegas@@@4@$0A@@std@@@0@0AAI@Z 00404bb0 f i game_app.obj
 0001:00003bb0       ??$_Distance@Viterator@?$_Tree@V?$_Tset_traits@PAVIKeyboardController@Pegas@@U?$less@PAVIKeyboardController@Pegas@@@std@@V?$allocator@PAVIKeyboardController@Pegas@@@4@$0A@@std@@@std@@I@std@@YAXViterator@?$_Tree@V?$_Tset_traits@PAVIKeyboardController@Pegas@@U?$less@PAVIKeyboardController@Pegas@@@std@@V?$allocator@PAVIKeyboardController@Pegas@@@4@$0A@@std@@@0@0AAI@Z 00404bb0 f i game_app.obj
 0001:00003bb0       ??$_Distance@Vconst_iterator@?$_Tree@V?$_Tset_traits@PAVIKeyboardController@Pegas@@U?$less@PAVIKeyboardController@Pegas@@@std@@V?$allocator@PAVIKeyboardController@Pegas@@@4@$0A@@std@@@std@@I@std@@YAXVconst_iterator@?$_Tree@V?$_Tset_traits@PAVIKeyboardController@Pegas@@U?$less@PAVIKeyboardController@Pegas@@@std@@V?$allocator@PAVIKeyboardController@Pegas@@@4@$0A@@std@@@0@0AAI@Z 00404bb0 f i game_app.obj
 0001:00003c00       ??$_Distance@Vconst_iterator@?$_Tree@V?$_Tmap_traits@HV?$ptr@VIGameState@Pegas@@@Pegas@@U?$less@H@std@@V?$allocator@U?$pair@$$CBHV?$ptr@VIGameState@Pegas@@@Pegas@@@std@@@4@$0A@@std@@@std@@I@std@@YAXVconst_iterator@?$_Tree@V?$_Tmap_traits@HV?$ptr@VIGameState@Pegas@@@Pegas@@U?$less@H@std@@V?$allocator@U?$pair@$$CBHV?$ptr@VIGameState@Pegas@@@Pegas@@@std@@@4@$0A@@std@@@0@0AAI@Z 00404c00 f i game_app.obj
 0001:00003c00       ??$_Distance@Viterator@?$_Tree@V?$_Tmap_traits@HV?$ptr@VIGameState@Pegas@@@Pegas@@U?$less@H@std@@V?$allocator@U?$pair@$$CBHV?$ptr@VIGameState@Pegas@@@Pegas@@@std@@@4@$0A@@std@@@std@@I@std@@YAXViterator@?$_Tree@V?$_Tmap_traits@HV?$ptr@VIGameState@Pegas@@@Pegas@@U?$less@H@std@@V?$allocator@U?$pair@$$CBHV?$ptr@VIGameState@Pegas@@@Pegas@@@std@@@4@$0A@@std@@@0@0AAI@Z 00404c00 f i game_app.obj
 0001:00003c50       ??$copy@V?$_Deque_const_iterator@V?$ptr@VIGameState@Pegas@@@Pegas@@V?$allocator@V?$ptr@VIGameState@Pegas@@@Pegas@@@std@@$00@std@@V?$_Deque_iterator@V?$ptr@VIGameState@Pegas@@@Pegas@@V?$allocator@V?$ptr@VIGameState@Pegas@@@Pegas@@@std@@$00@2@@std@@YA?AV?$_Deque_iterator@V?$ptr@VIGameState@Pegas@@@Pegas@@V?$allocator@V?$ptr@VIGameState@Pegas@@@Pegas@@@std@@$00@0@V?$_Deque_const_iterator@V?$ptr@VIGameState@Pegas@@@Pegas@@V?$allocator@V?$ptr@VIGameState@Pegas@@@Pegas@@@std@@$00@0@0V10@@Z 00404c50 f i game_app.obj
 0001:00003cb0       ??$copy_backward@V?$_Deque_iterator@V?$ptr@VIGameState@Pegas@@@Pegas@@V?$allocator@V?$ptr@VIGameState@Pegas@@@Pegas@@@std@@$00@std@@V12@@std@@YA?AV?$_Deque_iterator@V?$ptr@VIGameState@Pegas@@@Pegas@@V?$allocator@V?$ptr@VIGameState@Pegas@@@Pegas@@@std@@$00@0@V10@00@Z 00404cb0 f i game_app.obj
 0001:00003d10       ??$copy@V?$_Deque_iterator@V?$ptr@VIGameState@Pegas@@@Pegas@@V?$allocator@V?$ptr@VIGameState@Pegas@@@Pegas@@@std@@$00@std@@V12@@std@@YA?AV?$_Deque_iterator@V?$ptr@VIGameState@Pegas@@@Pegas@@V?$allocator@V?$ptr@VIGameState@Pegas@@@Pegas@@@std@@$00@0@V10@00@Z 00404d10 f i game_app.obj
 0001:00003d70       ?insert@?$_Tree@V?$_Tmap_traits@HPAVTextureResource@Pegas@@U?$less@H@std@@V?$allocator@U?$pair@$$CBHPAVTextureResource@Pegas@@@std@@@4@$0A@@std@@@std@@QAE?AU?$pair@Viterator@?$_Tree@V?$_Tmap_traits@HPAVTextureResource@Pegas@@U?$less@H@std@@V?$allocator@U?$pair@$$CBHPAVTextureResource@Pegas@@@std@@@4@$0A@@std@@@std@@_N@2@ABU?$pair@$$CBHPAVTextureResource@Pegas@@@2@@Z 00404d70 f i game_app.obj
 0001:00003d70       ?insert@?$_Tree@V?$_Tmap_traits@HPAVFontResource@Pegas@@U?$less@H@std@@V?$allocator@U?$pair@$$CBHPAVFontResource@Pegas@@@std@@@4@$0A@@std@@@std@@QAE?AU?$pair@Viterator@?$_Tree@V?$_Tmap_traits@HPAVFontResource@Pegas@@U?$less@H@std@@V?$allocator@U?$pair@$$CBHPAVFontResource@Pegas@@@std@@@4@$0A@@std@@@std@@_N@2@ABU?$pair@$$CBHPAVFontResource@Pegas@@@2@@Z 00404d70 f i game_app.obj
 0001:00003e70       ?count@?$_Tree@V?$_Tmap_traits@HPAVFontResource@Pegas@@U?$less@H@std@@V?$allocator@U?$pair@$$CBHPAVFontResource@Pegas@@@std@@@4@$0A@@std@@@std@@QBEIABH@Z 00404e70 f i game_app.obj
 0001:00003ec0       ?_Insert@?$_Tree@V?$_Tmap_traits@HPAVFontResource@Pegas@@U?$less@H@std@@V?$allocator@U?$pair@$$CBHPAVFontResource@Pegas@@@std@@@4@$0A@@std@@@std@@IAE?AViterator@12@_NPAU_Node@?$_Tree_nod@V?$_Tmap_traits@HPAVFontResource@Pegas@@U?$less@H@std@@V?$allocator@U?$pair@$$CBHPAVFontResource@Pegas@@@std@@@4@$0A@@std@@@2@ABU?$pair@$$CBHPAVFontResource@Pegas@@@2@@Z 00404ec0 f i game_app.obj
 0001:00003ec0       ?_Insert@?$_Tree@V?$_Tmap_traits@HPAVTextureResource@Pegas@@U?$less@H@std@@V?$allocator@U?$pair@$$CBHPAVTextureResource@Pegas@@@std@@@4@$0A@@std@@@std@@IAE?AViterator@12@_NPAU_Node@?$_Tree_nod@V?$_Tmap_traits@HPAVTextureResource@Pegas@@U?$less@H@std@@V?$allocator@U?$pair@$$CBHPAVTextureResource@Pegas@@@std@@@4@$0A@@std@@@2@ABU?$pair@$$CBHPAVTextureResource@Pegas@@@2@@Z 00404ec0 f i game_app.obj
 0001:00004110       ?_Myval@?$_Tree@V?$_Tmap_traits@HPAVSoundResource@Pegas@@U?$less@H@std@@V?$allocator@U?$pair@$$CBHPAVSoundResource@Pegas@@@std@@@4@$0A@@std@@@std@@KAAAU?$pair@$$CBHPAVSoundResource@Pegas@@@2@PAU_Node@?$_Tree_nod@V?$_Tmap_traits@HPAVSoundResource@Pegas@@U?$less@H@std@@V?$allocator@U?$pair@$$CBHPAVSoundResource@Pegas@@@std@@@4@$0A@@std@@@2@@Z 00405110 f i game_app.obj
 0001:00004110       ?_Key@?$_Tree@V?$_Tmap_traits@HPAVFontResource@Pegas@@U?$less@H@std@@V?$allocator@U?$pair@$$CBHPAVFontResource@Pegas@@@std@@@4@$0A@@std@@@std@@KAABHPAU_Node@?$_Tree_nod@V?$_Tmap_traits@HPAVFontResource@Pegas@@U?$less@H@std@@V?$allocator@U?$pair@$$CBHPAVFontResource@Pegas@@@std@@@4@$0A@@std@@@2@@Z 00405110 f i game_app.obj
 0001:00004110       ?_Myval@?$_Tree@V?$_Tmap_traits@HPAVStringResource@Pegas@@U?$less@H@std@@V?$allocator@U?$pair@$$CBHPAVStringResource@Pegas@@@std@@@4@$0A@@std@@@std@@KAAAU?$pair@$$CBHPAVStringResource@Pegas@@@2@PAU_Node@?$_Tree_nod@V?$_Tmap_traits@HPAVStringResource@Pegas@@U?$less@H@std@@V?$allocator@U?$pair@$$CBHPAVStringResource@Pegas@@@std@@@4@$0A@@std@@@2@@Z 00405110 f i game_app.obj
 0001:00004110       ?_Key@?$_Tree@V?$_Tset_traits@HU?$less@H@std@@V?$allocator@H@2@$0A@@std@@@std@@KAABHPAU_Node@?$_Tree_nod@V?$_Tset_traits@HU?$less@H@std@@V?$allocator@H@2@$0A@@std@@@2@@Z 00405110 f i tile_grid.obj
 0001:00004120       ?append@?$basic_string@_WU?$char_traits@_W@std@@V?$allocator@_W@2@@std@@QAEAAV12@ABV12@II@Z 00405120 f i game_app.obj
 0001:00004230       ?_Buynode@?$_Tree@V?$_Tmap_traits@HPAVFontResource@Pegas@@U?$less@H@std@@V?$allocator@U?$pair@$$CBHPAVFontResource@Pegas@@@std@@@4@$0A@@std@@@std@@IAEPAU_Node@?$_Tree_nod@V?$_Tmap_traits@HPAVFontResource@Pegas@@U?$less@H@std@@V?$allocator@U?$pair@$$CBHPAVFontResource@Pegas@@@std@@@4@$0A@@std@@@2@PAU342@00ABU?$pair@$$CBHPAVFontResource@Pegas@@@2@D@Z 00405230 f i game_app.obj
 0001:00004230       ?_Buynode@?$_Tree@V?$_Tmap_traits@HPAVTextureResource@Pegas@@U?$less@H@std@@V?$allocator@U?$pair@$$CBHPAVTextureResource@Pegas@@@std@@@4@$0A@@std@@@std@@IAEPAU_Node@?$_Tree_nod@V?$_Tmap_traits@HPAVTextureResource@Pegas@@U?$less@H@std@@V?$allocator@U?$pair@$$CBHPAVTextureResource@Pegas@@@std@@@4@$0A@@std@@@2@PAU342@00ABU?$pair@$$CBHPAVTextureResource@Pegas@@@2@D@Z 00405230 f i game_app.obj
 0001:00004270       ?_Eqrange@?$_Tree@V?$_Tmap_traits@HPAVFontResource@Pegas@@U?$less@H@std@@V?$allocator@U?$pair@$$CBHPAVFontResource@Pegas@@@std@@@4@$0A@@std@@@std@@IBE?AU?$pair@Vconst_iterator@?$_Tree@V?$_Tmap_traits@HPAVFontResource@Pegas@@U?$less@H@std@@V?$allocator@U?$pair@$$CBHPAVFontResource@Pegas@@@std@@@4@$0A@@std@@@std@@V123@@2@ABH@Z 00405270 f i game_app.obj
 0001:00004270       ?_Eqrange@?$_Tree@V?$_Tmap_traits@HPAVTextureResource@Pegas@@U?$less@H@std@@V?$allocator@U?$pair@$$CBHPAVTextureResource@Pegas@@@std@@@4@$0A@@std@@@std@@IBE?AU?$pair@Vconst_iterator@?$_Tree@V?$_Tmap_traits@HPAVTextureResource@Pegas@@U?$less@H@std@@V?$allocator@U?$pair@$$CBHPAVTextureResource@Pegas@@@std@@@4@$0A@@std@@@std@@V123@@2@ABH@Z 00405270 f i game_app.obj
 0001:00004300       ??Fconst_iterator@?$_Tree@V?$_Tmap_traits@HPAVFontResource@Pegas@@U?$less@H@std@@V?$allocator@U?$pair@$$CBHPAVFontResource@Pegas@@@std@@@4@$0A@@std@@@std@@QAEAAV012@XZ 00405300 f i game_app.obj
 0001:00004310       ?_Dec@const_iterator@?$_Tree@V?$_Tmap_traits@HPAVFontResource@Pegas@@U?$less@H@std@@V?$allocator@U?$pair@$$CBHPAVFontResource@Pegas@@@std@@@4@$0A@@std@@@std@@QAEXXZ 00405310 f i game_app.obj
 0001:00004310       ?_Dec@const_iterator@?$_Tree@V?$_Tmap_traits@HPAVTextureResource@Pegas@@U?$less@H@std@@V?$allocator@U?$pair@$$CBHPAVTextureResource@Pegas@@@std@@@4@$0A@@std@@@std@@QAEXXZ 00405310 f i game_app.obj
 0001:000043a0       ??$_Copy_opt@V?$_Deque_const_iterator@V?$ptr@VIGameState@Pegas@@@Pegas@@V?$allocator@V?$ptr@VIGameState@Pegas@@@Pegas@@@std@@$0A@@std@@V?$_Deque_iterator@V?$ptr@VIGameState@Pegas@@@Pegas@@V?$allocator@V?$ptr@VIGameState@Pegas@@@Pegas@@@std@@$00@2@@std@@YA?AV?$_Deque_iterator@V?$ptr@VIGameState@Pegas@@@Pegas@@V?$allocator@V?$ptr@VIGameState@Pegas@@@Pegas@@@std@@$00@0@V?$_Deque_const_iterator@V?$ptr@VIGameState@Pegas@@@Pegas@@V?$allocator@V?$ptr@VIGameState@Pegas@@@Pegas@@@std@@$0A@@0@0V10@Urandom_access_iterator_tag@0@U_Nonscalar_ptr_iterator_tag@0@U_Range_checked_iterator_tag@0@@Z 004053a0 f i game_app.obj
 0001:00004460       ??$_Insert@V?$_Deque_const_iterator@V?$ptr@VIGameState@Pegas@@@Pegas@@V?$allocator@V?$ptr@VIGameState@Pegas@@@Pegas@@@std@@$00@std@@@?$deque@V?$ptr@VIGameState@Pegas@@@Pegas@@V?$allocator@V?$ptr@VIGameState@Pegas@@@Pegas@@@std@@@std@@QAEXV?$_Deque_const_iterator@V?$ptr@VIGameState@Pegas@@@Pegas@@V?$allocator@V?$ptr@VIGameState@Pegas@@@Pegas@@@std@@$00@1@00Uinput_iterator_tag@1@@Z 00405460 f i game_app.obj
 0001:00004710       ??$_Copy_backward_opt@V?$_Deque_iterator@V?$ptr@VIGameState@Pegas@@@Pegas@@V?$allocator@V?$ptr@VIGameState@Pegas@@@Pegas@@@std@@$0A@@std@@V?$_Deque_iterator@V?$ptr@VIGameState@Pegas@@@Pegas@@V?$allocator@V?$ptr@VIGameState@Pegas@@@Pegas@@@std@@$00@2@@std@@YA?AV?$_Deque_iterator@V?$ptr@VIGameState@Pegas@@@Pegas@@V?$allocator@V?$ptr@VIGameState@Pegas@@@Pegas@@@std@@$00@0@V?$_Deque_iterator@V?$ptr@VIGameState@Pegas@@@Pegas@@V?$allocator@V?$ptr@VIGameState@Pegas@@@Pegas@@@std@@$0A@@0@0V10@Urandom_access_iterator_tag@0@U_Nonscalar_ptr_iterator_tag@0@U_Range_checked_iterator_tag@0@@Z 00405710 f i game_app.obj
 0001:000047d0       ??$_Copy_opt@V?$_Deque_iterator@V?$ptr@VIGameState@Pegas@@@Pegas@@V?$allocator@V?$ptr@VIGameState@Pegas@@@Pegas@@@std@@$0A@@std@@V?$_Deque_iterator@V?$ptr@VIGameState@Pegas@@@Pegas@@V?$allocator@V?$ptr@VIGameState@Pegas@@@Pegas@@@std@@$00@2@@std@@YA?AV?$_Deque_iterator@V?$ptr@VIGameState@Pegas@@@Pegas@@V?$allocator@V?$ptr@VIGameState@Pegas@@@Pegas@@@std@@$00@0@V?$_Deque_iterator@V?$ptr@VIGameState@Pegas@@@Pegas@@V?$allocator@V?$ptr@VIGameState@Pegas@@@Pegas@@@std@@$0A@@0@0V10@Urandom_access_iterator_tag@0@U_Nonscalar_ptr_iterator_tag@0@U_Range_checked_iterator_tag@0@@Z 004057d0 f i game_app.obj
 0001:00004890       ?push_front@?$deque@V?$ptr@VIGameState@Pegas@@@Pegas@@V?$allocator@V?$ptr@VIGameState@Pegas@@@Pegas@@@std@@@std@@QAEXABV?$ptr@VIGameState@Pegas@@@Pegas@@@Z 00405890 f i game_app.obj
 0001:00004910       ?_Reverse@?$deque@V?$ptr@VIGameState@Pegas@@@Pegas@@V?$allocator@V?$ptr@VIGameState@Pegas@@@Pegas@@@std@@@std@@QAEXII@Z 00405910 f i game_app.obj
 0001:00004bc0       ??$_Copy_opt@V?$_Deque_const_iterator@V?$ptr@VIGameState@Pegas@@@Pegas@@V?$allocator@V?$ptr@VIGameState@Pegas@@@Pegas@@@std@@$0A@@std@@V?$_Deque_iterator@V?$ptr@VIGameState@Pegas@@@Pegas@@V?$allocator@V?$ptr@VIGameState@Pegas@@@Pegas@@@std@@$0A@@2@Uforward_iterator_tag@2@@std@@YA?AV?$_Deque_iterator@V?$ptr@VIGameState@Pegas@@@Pegas@@V?$allocator@V?$ptr@VIGameState@Pegas@@@Pegas@@@std@@$0A@@0@V?$_Deque_const_iterator@V?$ptr@VIGameState@Pegas@@@Pegas@@V?$allocator@V?$ptr@VIGameState@Pegas@@@Pegas@@@std@@$0A@@0@0V10@Uforward_iterator_tag@0@U_Nonscalar_ptr_iterator_tag@0@U_Range_checked_iterator_tag@0@@Z 00405bc0 f i game_app.obj
 0001:00004c60       ??$_Copy_backward_opt@V?$_Deque_iterator@V?$ptr@VIGameState@Pegas@@@Pegas@@V?$allocator@V?$ptr@VIGameState@Pegas@@@Pegas@@@std@@$0A@@std@@V12@Uforward_iterator_tag@2@@std@@YA?AV?$_Deque_iterator@V?$ptr@VIGameState@Pegas@@@Pegas@@V?$allocator@V?$ptr@VIGameState@Pegas@@@Pegas@@@std@@$0A@@0@V10@00Uforward_iterator_tag@0@U_Nonscalar_ptr_iterator_tag@0@U_Range_checked_iterator_tag@0@@Z 00405c60 f i game_app.obj
 0001:00004d00       ??$_Copy_opt@V?$_Deque_iterator@V?$ptr@VIGameState@Pegas@@@Pegas@@V?$allocator@V?$ptr@VIGameState@Pegas@@@Pegas@@@std@@$0A@@std@@V12@Uforward_iterator_tag@2@@std@@YA?AV?$_Deque_iterator@V?$ptr@VIGameState@Pegas@@@Pegas@@V?$allocator@V?$ptr@VIGameState@Pegas@@@Pegas@@@std@@$0A@@0@V10@00Uforward_iterator_tag@0@U_Nonscalar_ptr_iterator_tag@0@U_Range_checked_iterator_tag@0@@Z 00405d00 f i game_app.obj
 0001:00004da0       ??$_Distance2@Vconst_iterator@?$_Tree@V?$_Tmap_traits@HPAVTextureResource@Pegas@@U?$less@H@std@@V?$allocator@U?$pair@$$CBHPAVTextureResource@Pegas@@@std@@@4@$0A@@std@@@std@@I@std@@YAXVconst_iterator@?$_Tree@V?$_Tmap_traits@HPAVTextureResource@Pegas@@U?$less@H@std@@V?$allocator@U?$pair@$$CBHPAVTextureResource@Pegas@@@std@@@4@$0A@@std@@@0@0AAIUbidirectional_iterator_tag@0@@Z 00405da0 f i game_app.obj
 0001:00004da0       ??$_Distance2@Vconst_iterator@?$_Tree@V?$_Tmap_traits@HPAVFontResource@Pegas@@U?$less@H@std@@V?$allocator@U?$pair@$$CBHPAVFontResource@Pegas@@@std@@@4@$0A@@std@@@std@@I@std@@YAXVconst_iterator@?$_Tree@V?$_Tmap_traits@HPAVFontResource@Pegas@@U?$less@H@std@@V?$allocator@U?$pair@$$CBHPAVFontResource@Pegas@@@std@@@4@$0A@@std@@@0@0AAIUbidirectional_iterator_tag@0@@Z 00405da0 f i game_app.obj
 0001:00004de0       ??D?$_Deque_const_iterator@V?$ptr@VIGameState@Pegas@@@Pegas@@V?$allocator@V?$ptr@VIGameState@Pegas@@@Pegas@@@std@@$0A@@std@@QBEABV?$ptr@VIGameState@Pegas@@@Pegas@@XZ 00405de0 f i game_app.obj
 0001:00004de0       ??D?$_Deque_const_iterator@V?$ptr@VIGameState@Pegas@@@Pegas@@V?$allocator@V?$ptr@VIGameState@Pegas@@@Pegas@@@std@@$00@std@@QBEABV?$ptr@VIGameState@Pegas@@@Pegas@@XZ 00405de0 f i game_app.obj
 0001:00004e70       ?compare@?$char_traits@D@std@@SAHPBD0I@Z 00405e70 f i game_app.obj
 0001:00004ef0       ?compare@?$basic_string@DU?$char_traits@D@std@@V?$allocator@D@2@@std@@QBEHABV12@@Z 00405ef0 f i game_app.obj
 0001:00004f40       ??1out_of_range@std@@UAE@XZ 00405f40 f i game_app.obj
 0001:00004f40       ??1length_error@std@@UAE@XZ 00405f40 f i game_app.obj
 0001:00004f80       ??0length_error@std@@QAE@ABV01@@Z 00405f80 f i game_app.obj
 0001:00004fa0       ??_Gout_of_range@std@@UAEPAXI@Z 00405fa0 f i game_app.obj
 0001:00004fa0       ??_Elogic_error@std@@UAEPAXI@Z 00405fa0 f i  CIL library: CIL module
 0001:00004fa0       ??_Glength_error@std@@UAEPAXI@Z 00405fa0 f i game_app.obj
 0001:00004fa0       ??_Elength_error@std@@UAEPAXI@Z 00405fa0 f i  CIL library: CIL module
 0001:00004fa0       ??_Glogic_error@std@@UAEPAXI@Z 00405fa0 f i game_app.obj
 0001:00004fa0       ??_Eout_of_range@std@@UAEPAXI@Z 00405fa0 f i  CIL library: CIL module
 0001:00005000       ??0length_error@std@@QAE@ABV?$basic_string@DU?$char_traits@D@std@@V?$allocator@D@2@@1@@Z 00406000 f i game_app.obj
 0001:00005020       ??_GNullPointerException@Pegas@@UAEPAXI@Z 00406020 f i game_app.obj
 0001:00005020       ??_ENullPointerException@Pegas@@UAEPAXI@Z 00406020 f i  CIL library: CIL module
 0001:00005050       ?what@NullPointerException@Pegas@@UBEPBDXZ 00406050 f i game_app.obj
 0001:00005060       ??0NullPointerException@Pegas@@QAE@XZ 00406060 f i game_app.obj
 0001:00005070       ??0Counter@Pegas@@QAE@I@Z  00406070 f i game_app.obj
 0001:00005080       ??0?$basic_string@_WU?$char_traits@_W@std@@V?$allocator@_W@2@@std@@QAE@XZ 00406080 f i game_app.obj
 0001:000050a0       ??0File@Pegas@@QAE@XZ      004060a0 f i game_app.obj
 0001:00005110       ?getType@Event_Game_BackwardToPreviousState@Pegas@@UBE?AV?$basic_string@DU?$char_traits@D@std@@V?$allocator@D@2@@std@@XZ 00406110 f i game_app.obj
 0001:00005140       ??0Event_Game_BackwardToPreviousState@Pegas@@QAE@XZ 00406140 f i game_app.obj
 0001:000051b0       ?getType@Event_Game_ForwardToState@Pegas@@UBE?AV?$basic_string@DU?$char_traits@D@std@@V?$allocator@D@2@@std@@XZ 004061b0 f i game_app.obj
 0001:000051e0       ??0Event_Game_ForwardToState@Pegas@@QAE@ABH@Z 004061e0 f i game_app.obj
 0001:00005250       ?getType@Event_Game_ChangeState@Pegas@@UBE?AV?$basic_string@DU?$char_traits@D@std@@V?$allocator@D@2@@std@@XZ 00406250 f i game_app.obj
 0001:00005280       ??0Event_Game_ChangeState@Pegas@@QAE@ABH@Z 00406280 f i game_app.obj
 0001:000052f0       ?assign@?$basic_string@_WU?$char_traits@_W@std@@V?$allocator@_W@2@@std@@QAEAAV12@PB_WI@Z 004062f0 f i game_app.obj
 0001:000053e0       ??0?$basic_string@_WU?$char_traits@_W@std@@V?$allocator@_W@2@@std@@QAE@PB_W@Z 004063e0 f i game_app.obj
 0001:00005420       ?size@?$basic_string@_WU?$char_traits@_W@std@@V?$allocator@_W@2@@std@@QBEIXZ 00406420 f i game_app.obj
 0001:00005430       ?erase@?$basic_string@_WU?$char_traits@_W@std@@V?$allocator@_W@2@@std@@QAEAAV12@II@Z 00406430 f i game_app.obj
 0001:000054d0       ??$_Allocate@_W@std@@YAPA_WIPA_W@Z 004064d0 f i game_app.obj
 0001:00005530       ?_Copy@?$basic_string@_WU?$char_traits@_W@std@@V?$allocator@_W@2@@std@@IAEXII@Z 00406530 f i game_app.obj
 0001:00005680       ?_Myptr@?$basic_string@_WU?$char_traits@_W@std@@V?$allocator@_W@2@@std@@IBEPB_WXZ 00406680 f i game_app.obj
 0001:00005690       ?assign@?$basic_string@_WU?$char_traits@_W@std@@V?$allocator@_W@2@@std@@QAEAAV12@ABV12@II@Z 00406690 f i game_app.obj
 0001:00005790       ?getInstance@?$Singleton@VOSUtils@Pegas@@@Pegas@@SAAAVOSUtils@2@XZ 00406790 f i game_app.obj
 0001:000057b0       ??0Event@Pegas@@QAE@XZ     004067b0 f i game_app.obj
 0001:000057c0       ??1?$ptr@VProcess@Pegas@@@Pegas@@QAE@XZ 004067c0 f i game_app.obj
 0001:00005800       ??1Event@Pegas@@UAE@XZ     00406800 f i game_app.obj
 0001:00005810       ?_Inc@const_iterator@?$_Tree@V?$_Tmap_traits@HPAVSoundResource@Pegas@@U?$less@H@std@@V?$allocator@U?$pair@$$CBHPAVSoundResource@Pegas@@@std@@@4@$0A@@std@@@std@@QAEXXZ 00406810 f i game_app.obj
 0001:00005810       ?_Inc@const_iterator@?$_Tree@V?$_Tmap_traits@HPAVTextureResource@Pegas@@U?$less@H@std@@V?$allocator@U?$pair@$$CBHPAVTextureResource@Pegas@@@std@@@4@$0A@@std@@@std@@QAEXXZ 00406810 f i game_app.obj
 0001:00005810       ?_Inc@const_iterator@?$_Tree@V?$_Tmap_traits@HPAVStringResource@Pegas@@U?$less@H@std@@V?$allocator@U?$pair@$$CBHPAVStringResource@Pegas@@@std@@@4@$0A@@std@@@std@@QAEXXZ 00406810 f i game_app.obj
 0001:00005810       ?_Inc@const_iterator@?$_Tree@V?$_Tmap_traits@HPAVFontResource@Pegas@@U?$less@H@std@@V?$allocator@U?$pair@$$CBHPAVFontResource@Pegas@@@std@@@4@$0A@@std@@@std@@QAEXXZ 00406810 f i game_app.obj
 0001:00005880       ??Econst_iterator@?$_Tree@V?$_Tmap_traits@HPAVStringResource@Pegas@@U?$less@H@std@@V?$allocator@U?$pair@$$CBHPAVStringResource@Pegas@@@std@@@4@$0A@@std@@@std@@QAEAAV012@XZ 00406880 f i game_app.obj
 0001:00005880       ??Eiterator@?$_Tree@V?$_Tmap_traits@HPAVFontResource@Pegas@@U?$less@H@std@@V?$allocator@U?$pair@$$CBHPAVFontResource@Pegas@@@std@@@4@$0A@@std@@@std@@QAEAAV012@XZ 00406880 f i game_app.obj
 0001:00005880       ??Econst_iterator@?$_Tree@V?$_Tmap_traits@HPAVSoundResource@Pegas@@U?$less@H@std@@V?$allocator@U?$pair@$$CBHPAVSoundResource@Pegas@@@std@@@4@$0A@@std@@@std@@QAEAAV012@XZ 00406880 f i game_app.obj
 0001:00005880       ??Econst_iterator@?$_Tree@V?$_Tmap_traits@HPAVFontResource@Pegas@@U?$less@H@std@@V?$allocator@U?$pair@$$CBHPAVFontResource@Pegas@@@std@@@4@$0A@@std@@@std@@QAEAAV012@XZ 00406880 f i game_app.obj
 0001:00005880       ??Eiterator@?$_Tree@V?$_Tmap_traits@HPAVTextureResource@Pegas@@U?$less@H@std@@V?$allocator@U?$pair@$$CBHPAVTextureResource@Pegas@@@std@@@4@$0A@@std@@@std@@QAEAAV012@XZ 00406880 f i game_app.obj
 0001:00005890       ?_Left@?$_Tree@V?$_Tmap_traits@HPAVFontResource@Pegas@@U?$less@H@std@@V?$allocator@U?$pair@$$CBHPAVFontResource@Pegas@@@std@@@4@$0A@@std@@@std@@KAAAPAU_Node@?$_Tree_nod@V?$_Tmap_traits@HPAVFontResource@Pegas@@U?$less@H@std@@V?$allocator@U?$pair@$$CBHPAVFontResource@Pegas@@@std@@@4@$0A@@std@@@2@PAU342@@Z 00406890 f i game_app.obj
 0001:00005890       ?_Kfn@?$_Tmap_traits@HPAVFontResource@Pegas@@U?$less@H@std@@V?$allocator@U?$pair@$$CBHPAVFontResource@Pegas@@@std@@@4@$0A@@std@@SAABHABU?$pair@$$CBHPAVFontResource@Pegas@@@2@@Z 00406890 f i game_app.obj
 0001:00005890       ?_Left@?$_Tree@V?$_Tset_traits@HU?$less@H@std@@V?$allocator@H@2@$0A@@std@@@std@@KAAAPAU_Node@?$_Tree_nod@V?$_Tset_traits@HU?$less@H@std@@V?$allocator@H@2@$0A@@std@@@2@PAU342@@Z 00406890 f i tile_grid.obj
 0001:00005890       ?_Nextnode@?$list@PAVIDrawable@Pegas@@V?$allocator@PAVIDrawable@Pegas@@@std@@@std@@KAAAPAU_Node@?$_List_nod@PAVIDrawable@Pegas@@V?$allocator@PAVIDrawable@Pegas@@@std@@@2@PAU342@@Z 00406890 f i pacman.obj
 0001:00005890       ?_Left@?$_Tree@V?$_Tmap_traits@HPAVSoundResource@Pegas@@U?$less@H@std@@V?$allocator@U?$pair@$$CBHPAVSoundResource@Pegas@@@std@@@4@$0A@@std@@@std@@KAAAPAU_Node@?$_Tree_nod@V?$_Tmap_traits@HPAVSoundResource@Pegas@@U?$less@H@std@@V?$allocator@U?$pair@$$CBHPAVSoundResource@Pegas@@@std@@@4@$0A@@std@@@2@PAU342@@Z 00406890 f i game_app.obj
 0001:00005890       ?_Left@?$_Tree@V?$_Tmap_traits@HPAVStringResource@Pegas@@U?$less@H@std@@V?$allocator@U?$pair@$$CBHPAVStringResource@Pegas@@@std@@@4@$0A@@std@@@std@@KAAAPAU_Node@?$_Tree_nod@V?$_Tmap_traits@HPAVStringResource@Pegas@@U?$less@H@std@@V?$allocator@U?$pair@$$CBHPAVStringResource@Pegas@@@std@@@4@$0A@@std@@@2@PAU342@@Z 00406890 f i game_app.obj
 0001:000058a0       ?_Parent@?$_Tree@V?$_Tmap_traits@HPAVStringResource@Pegas@@U?$less@H@std@@V?$allocator@U?$pair@$$CBHPAVStringResource@Pegas@@@std@@@4@$0A@@std@@@std@@KAAAPAU_Node@?$_Tree_nod@V?$_Tmap_traits@HPAVStringResource@Pegas@@U?$less@H@std@@V?$allocator@U?$pair@$$CBHPAVStringResource@Pegas@@@std@@@4@$0A@@std@@@2@PAU342@@Z 004068a0 f i game_app.obj
 0001:000058a0       ?_Parent@?$_Tree@V?$_Tmap_traits@HPAVSoundResource@Pegas@@U?$less@H@std@@V?$allocator@U?$pair@$$CBHPAVSoundResource@Pegas@@@std@@@4@$0A@@std@@@std@@KAAAPAU_Node@?$_Tree_nod@V?$_Tmap_traits@HPAVSoundResource@Pegas@@U?$less@H@std@@V?$allocator@U?$pair@$$CBHPAVSoundResource@Pegas@@@std@@@4@$0A@@std@@@2@PAU342@@Z 004068a0 f i game_app.obj
 0001:000058b0       ?_Right@?$_Tree@V?$_Tmap_traits@HPAVStringResource@Pegas@@U?$less@H@std@@V?$allocator@U?$pair@$$CBHPAVStringResource@Pegas@@@std@@@4@$0A@@std@@@std@@KAAAPAU_Node@?$_Tree_nod@V?$_Tmap_traits@HPAVStringResource@Pegas@@U?$less@H@std@@V?$allocator@U?$pair@$$CBHPAVStringResource@Pegas@@@std@@@4@$0A@@std@@@2@PAU342@@Z 004068b0 f i game_app.obj
 0001:000058b0       ?_Right@?$_Tree@V?$_Tmap_traits@HPAVSoundResource@Pegas@@U?$less@H@std@@V?$allocator@U?$pair@$$CBHPAVSoundResource@Pegas@@@std@@@4@$0A@@std@@@std@@KAAAPAU_Node@?$_Tree_nod@V?$_Tmap_traits@HPAVSoundResource@Pegas@@U?$less@H@std@@V?$allocator@U?$pair@$$CBHPAVSoundResource@Pegas@@@std@@@4@$0A@@std@@@2@PAU342@@Z 004068b0 f i game_app.obj
 0001:000058b0       ?_Right@?$_Tree@V?$_Tset_traits@HU?$less@H@std@@V?$allocator@H@2@$0A@@std@@@std@@KAAAPAU_Node@?$_Tree_nod@V?$_Tset_traits@HU?$less@H@std@@V?$allocator@H@2@$0A@@std@@@2@PAU342@@Z 004068b0 f i tile_grid.obj
 0001:000058b0       ?_Right@?$_Tree@V?$_Tmap_traits@HPAVFontResource@Pegas@@U?$less@H@std@@V?$allocator@U?$pair@$$CBHPAVFontResource@Pegas@@@std@@@4@$0A@@std@@@std@@KAAAPAU_Node@?$_Tree_nod@V?$_Tmap_traits@HPAVFontResource@Pegas@@U?$less@H@std@@V?$allocator@U?$pair@$$CBHPAVFontResource@Pegas@@@std@@@4@$0A@@std@@@2@PAU342@@Z 004068b0 f i game_app.obj
 0001:000058c0       ??Diterator@?$_Tree@V?$_Tmap_traits@HPAVStringResource@Pegas@@U?$less@H@std@@V?$allocator@U?$pair@$$CBHPAVStringResource@Pegas@@@std@@@4@$0A@@std@@@std@@QBEAAU?$pair@$$CBHPAVStringResource@Pegas@@@2@XZ 004068c0 f i game_app.obj
 0001:000058c0       ??Diterator@?$_Tree@V?$_Tmap_traits@HPAVFontResource@Pegas@@U?$less@H@std@@V?$allocator@U?$pair@$$CBHPAVFontResource@Pegas@@@std@@@4@$0A@@std@@@std@@QBEAAU?$pair@$$CBHPAVFontResource@Pegas@@@2@XZ 004068c0 f i game_app.obj
 0001:000058c0       ??Diterator@?$_Tree@V?$_Tset_traits@HU?$less@H@std@@V?$allocator@H@2@$0A@@std@@@std@@QBEAAHXZ 004068c0 f i tile_grid.obj
 0001:000058c0       ??Citerator@?$_Tree@V?$_Tmap_traits@HPAVTextureResource@Pegas@@U?$less@H@std@@V?$allocator@U?$pair@$$CBHPAVTextureResource@Pegas@@@std@@@4@$0A@@std@@@std@@QBEPAU?$pair@$$CBHPAVTextureResource@Pegas@@@2@XZ 004068c0 f i game_app.obj
 0001:000058c0       ??Diterator@?$_Tree@V?$_Tmap_traits@HPAVSoundResource@Pegas@@U?$less@H@std@@V?$allocator@U?$pair@$$CBHPAVSoundResource@Pegas@@@std@@@4@$0A@@std@@@std@@QBEAAU?$pair@$$CBHPAVSoundResource@Pegas@@@2@XZ 004068c0 f i game_app.obj
 0001:000058c0       ??Citerator@?$_Tree@V?$_Tmap_traits@HPAVFontResource@Pegas@@U?$less@H@std@@V?$allocator@U?$pair@$$CBHPAVFontResource@Pegas@@@std@@@4@$0A@@std@@@std@@QBEPAU?$pair@$$CBHPAVFontResource@Pegas@@@2@XZ 004068c0 f i game_app.obj
 0001:000058f0       ?_Erase@?$_Tree@V?$_Tmap_traits@HPAVStringResource@Pegas@@U?$less@H@std@@V?$allocator@U?$pair@$$CBHPAVStringResource@Pegas@@@std@@@4@$0A@@std@@@std@@IAEXPAU_Node@?$_Tree_nod@V?$_Tmap_traits@HPAVStringResource@Pegas@@U?$less@H@std@@V?$allocator@U?$pair@$$CBHPAVStringResource@Pegas@@@std@@@4@$0A@@std@@@2@@Z 004068f0 f i game_app.obj
 0001:000058f0       ?_Erase@?$_Tree@V?$_Tmap_traits@HPAVTextureResource@Pegas@@U?$less@H@std@@V?$allocator@U?$pair@$$CBHPAVTextureResource@Pegas@@@std@@@4@$0A@@std@@@std@@IAEXPAU_Node@?$_Tree_nod@V?$_Tmap_traits@HPAVTextureResource@Pegas@@U?$less@H@std@@V?$allocator@U?$pair@$$CBHPAVTextureResource@Pegas@@@std@@@4@$0A@@std@@@2@@Z 004068f0 f i game_app.obj
 0001:000058f0       ?_Erase@?$_Tree@V?$_Tmap_traits@HPAVFontResource@Pegas@@U?$less@H@std@@V?$allocator@U?$pair@$$CBHPAVFontResource@Pegas@@@std@@@4@$0A@@std@@@std@@IAEXPAU_Node@?$_Tree_nod@V?$_Tmap_traits@HPAVFontResource@Pegas@@U?$less@H@std@@V?$allocator@U?$pair@$$CBHPAVFontResource@Pegas@@@std@@@4@$0A@@std@@@2@@Z 004068f0 f i game_app.obj
 0001:000058f0       ?_Erase@?$_Tree@V?$_Tmap_traits@HPAVSoundResource@Pegas@@U?$less@H@std@@V?$allocator@U?$pair@$$CBHPAVSoundResource@Pegas@@@std@@@4@$0A@@std@@@std@@IAEXPAU_Node@?$_Tree_nod@V?$_Tmap_traits@HPAVSoundResource@Pegas@@U?$less@H@std@@V?$allocator@U?$pair@$$CBHPAVSoundResource@Pegas@@@std@@@4@$0A@@std@@@2@@Z 004068f0 f i game_app.obj
 0001:00005930       ??9const_iterator@?$_Tree@V?$_Tmap_traits@HPAVTextureResource@Pegas@@U?$less@H@std@@V?$allocator@U?$pair@$$CBHPAVTextureResource@Pegas@@@std@@@4@$0A@@std@@@std@@QBE_NABV012@@Z 00406930 f i game_app.obj
 0001:00005930       ??9const_iterator@?$_Tree@V?$_Tset_traits@HU?$less@H@std@@V?$allocator@H@2@$0A@@std@@@std@@QBE_NABV012@@Z 00406930 f i tile_grid.obj
 0001:00005930       ??9const_iterator@?$_Tree@V?$_Tmap_traits@HPAVFontResource@Pegas@@U?$less@H@std@@V?$allocator@U?$pair@$$CBHPAVFontResource@Pegas@@@std@@@4@$0A@@std@@@std@@QBE_NABV012@@Z 00406930 f i game_app.obj
 0001:00005930       ??9const_iterator@?$_Tree@V?$_Tmap_traits@HPAVStringResource@Pegas@@U?$less@H@std@@V?$allocator@U?$pair@$$CBHPAVStringResource@Pegas@@@std@@@4@$0A@@std@@@std@@QBE_NABV012@@Z 00406930 f i game_app.obj
 0001:00005930       ??9const_iterator@?$_Tree@V?$_Tmap_traits@HPAVSoundResource@Pegas@@U?$less@H@std@@V?$allocator@U?$pair@$$CBHPAVSoundResource@Pegas@@@std@@@4@$0A@@std@@@std@@QBE_NABV012@@Z 00406930 f i game_app.obj
 0001:00005960       ?_Mynode@const_iterator@?$_Tree@V?$_Tmap_traits@HPAVFontResource@Pegas@@U?$less@H@std@@V?$allocator@U?$pair@$$CBHPAVFontResource@Pegas@@@std@@@4@$0A@@std@@@std@@QBEPAU_Node@?$_Tree_nod@V?$_Tmap_traits@HPAVFontResource@Pegas@@U?$less@H@std@@V?$allocator@U?$pair@$$CBHPAVFontResource@Pegas@@@std@@@4@$0A@@std@@@3@XZ 00406960 f i game_app.obj
 0001:00005960       ?_Mynode@const_iterator@?$_Tree@V?$_Tmap_traits@HPAVStringResource@Pegas@@U?$less@H@std@@V?$allocator@U?$pair@$$CBHPAVStringResource@Pegas@@@std@@@4@$0A@@std@@@std@@QBEPAU_Node@?$_Tree_nod@V?$_Tmap_traits@HPAVStringResource@Pegas@@U?$less@H@std@@V?$allocator@U?$pair@$$CBHPAVStringResource@Pegas@@@std@@@4@$0A@@std@@@3@XZ 00406960 f i pacman.obj
 0001:00005960       ?_Mynode@const_iterator@?$_Tree@V?$_Tmap_traits@HPAVSoundResource@Pegas@@U?$less@H@std@@V?$allocator@U?$pair@$$CBHPAVSoundResource@Pegas@@@std@@@4@$0A@@std@@@std@@QBEPAU_Node@?$_Tree_nod@V?$_Tmap_traits@HPAVSoundResource@Pegas@@U?$less@H@std@@V?$allocator@U?$pair@$$CBHPAVSoundResource@Pegas@@@std@@@4@$0A@@std@@@3@XZ 00406960 f i pacman.obj
 0001:00005970       ?_Rmost@?$_Tree@V?$_Tmap_traits@HPAVFontResource@Pegas@@U?$less@H@std@@V?$allocator@U?$pair@$$CBHPAVFontResource@Pegas@@@std@@@4@$0A@@std@@@std@@IBEAAPAU_Node@?$_Tree_nod@V?$_Tmap_traits@HPAVFontResource@Pegas@@U?$less@H@std@@V?$allocator@U?$pair@$$CBHPAVFontResource@Pegas@@@std@@@4@$0A@@std@@@2@XZ 00406970 f i game_app.obj
 0001:00005970       ?_Rmost@?$_Tree@V?$_Tmap_traits@HPAVSoundResource@Pegas@@U?$less@H@std@@V?$allocator@U?$pair@$$CBHPAVSoundResource@Pegas@@@std@@@4@$0A@@std@@@std@@IBEAAPAU_Node@?$_Tree_nod@V?$_Tmap_traits@HPAVSoundResource@Pegas@@U?$less@H@std@@V?$allocator@U?$pair@$$CBHPAVSoundResource@Pegas@@@std@@@4@$0A@@std@@@2@XZ 00406970 f i game_app.obj
 0001:00005970       ?_Rmost@?$_Tree@V?$_Tmap_traits@HPAVStringResource@Pegas@@U?$less@H@std@@V?$allocator@U?$pair@$$CBHPAVStringResource@Pegas@@@std@@@4@$0A@@std@@@std@@IBEAAPAU_Node@?$_Tree_nod@V?$_Tmap_traits@HPAVStringResource@Pegas@@U?$less@H@std@@V?$allocator@U?$pair@$$CBHPAVStringResource@Pegas@@@std@@@4@$0A@@std@@@2@XZ 00406970 f i game_app.obj
 0001:00005980       ?_Max@?$_Tree@V?$_Tmap_traits@HPAVSoundResource@Pegas@@U?$less@H@std@@V?$allocator@U?$pair@$$CBHPAVSoundResource@Pegas@@@std@@@4@$0A@@std@@@std@@KAPAU_Node@?$_Tree_nod@V?$_Tmap_traits@HPAVSoundResource@Pegas@@U?$less@H@std@@V?$allocator@U?$pair@$$CBHPAVSoundResource@Pegas@@@std@@@4@$0A@@std@@@2@PAU342@@Z 00406980 f i pacman.obj
 0001:00005980       ?_Max@?$_Tree@V?$_Tmap_traits@HPAVFontResource@Pegas@@U?$less@H@std@@V?$allocator@U?$pair@$$CBHPAVFontResource@Pegas@@@std@@@4@$0A@@std@@@std@@KAPAU_Node@?$_Tree_nod@V?$_Tmap_traits@HPAVFontResource@Pegas@@U?$less@H@std@@V?$allocator@U?$pair@$$CBHPAVFontResource@Pegas@@@std@@@4@$0A@@std@@@2@PAU342@@Z 00406980 f i game_app.obj
 0001:00005980       ?_Max@?$_Tree@V?$_Tmap_traits@HPAVTextureResource@Pegas@@U?$less@H@std@@V?$allocator@U?$pair@$$CBHPAVTextureResource@Pegas@@@std@@@4@$0A@@std@@@std@@KAPAU_Node@?$_Tree_nod@V?$_Tmap_traits@HPAVTextureResource@Pegas@@U?$less@H@std@@V?$allocator@U?$pair@$$CBHPAVTextureResource@Pegas@@@std@@@4@$0A@@std@@@2@PAU342@@Z 00406980 f i game_app.obj
 0001:00005980       ?_Max@?$_Tree@V?$_Tmap_traits@HPAVStringResource@Pegas@@U?$less@H@std@@V?$allocator@U?$pair@$$CBHPAVStringResource@Pegas@@@std@@@4@$0A@@std@@@std@@KAPAU_Node@?$_Tree_nod@V?$_Tmap_traits@HPAVStringResource@Pegas@@U?$less@H@std@@V?$allocator@U?$pair@$$CBHPAVStringResource@Pegas@@@std@@@4@$0A@@std@@@2@PAU342@@Z 00406980 f i pacman.obj
 0001:000059a0       ?_Lrotate@?$_Tree@V?$_Tmap_traits@HPAVStringResource@Pegas@@U?$less@H@std@@V?$allocator@U?$pair@$$CBHPAVStringResource@Pegas@@@std@@@4@$0A@@std@@@std@@IAEXPAU_Node@?$_Tree_nod@V?$_Tmap_traits@HPAVStringResource@Pegas@@U?$less@H@std@@V?$allocator@U?$pair@$$CBHPAVStringResource@Pegas@@@std@@@4@$0A@@std@@@2@@Z 004069a0 f i pacman.obj
 0001:000059a0       ?_Lrotate@?$_Tree@V?$_Tmap_traits@HPAVSoundResource@Pegas@@U?$less@H@std@@V?$allocator@U?$pair@$$CBHPAVSoundResource@Pegas@@@std@@@4@$0A@@std@@@std@@IAEXPAU_Node@?$_Tree_nod@V?$_Tmap_traits@HPAVSoundResource@Pegas@@U?$less@H@std@@V?$allocator@U?$pair@$$CBHPAVSoundResource@Pegas@@@std@@@4@$0A@@std@@@2@@Z 004069a0 f i pacman.obj
 0001:000059a0       ?_Lrotate@?$_Tree@V?$_Tmap_traits@HPAVFontResource@Pegas@@U?$less@H@std@@V?$allocator@U?$pair@$$CBHPAVFontResource@Pegas@@@std@@@4@$0A@@std@@@std@@IAEXPAU_Node@?$_Tree_nod@V?$_Tmap_traits@HPAVFontResource@Pegas@@U?$less@H@std@@V?$allocator@U?$pair@$$CBHPAVFontResource@Pegas@@@std@@@4@$0A@@std@@@2@@Z 004069a0 f i game_app.obj
 0001:000059a0       ?_Lrotate@?$_Tree@V?$_Tmap_traits@HPAVTextureResource@Pegas@@U?$less@H@std@@V?$allocator@U?$pair@$$CBHPAVTextureResource@Pegas@@@std@@@4@$0A@@std@@@std@@IAEXPAU_Node@?$_Tree_nod@V?$_Tmap_traits@HPAVTextureResource@Pegas@@U?$less@H@std@@V?$allocator@U?$pair@$$CBHPAVTextureResource@Pegas@@@std@@@4@$0A@@std@@@2@@Z 004069a0 f i game_app.obj
 0001:000059f0       ?_Root@?$_Tree@V?$_Tmap_traits@HPAVFontResource@Pegas@@U?$less@H@std@@V?$allocator@U?$pair@$$CBHPAVFontResource@Pegas@@@std@@@4@$0A@@std@@@std@@IBEAAPAU_Node@?$_Tree_nod@V?$_Tmap_traits@HPAVFontResource@Pegas@@U?$less@H@std@@V?$allocator@U?$pair@$$CBHPAVFontResource@Pegas@@@std@@@4@$0A@@std@@@2@XZ 004069f0 f i game_app.obj
 0001:000059f0       ?_Root@?$_Tree@V?$_Tmap_traits@HPAVSoundResource@Pegas@@U?$less@H@std@@V?$allocator@U?$pair@$$CBHPAVSoundResource@Pegas@@@std@@@4@$0A@@std@@@std@@IBEAAPAU_Node@?$_Tree_nod@V?$_Tmap_traits@HPAVSoundResource@Pegas@@U?$less@H@std@@V?$allocator@U?$pair@$$CBHPAVSoundResource@Pegas@@@std@@@4@$0A@@std@@@2@XZ 004069f0 f i game_app.obj
 0001:000059f0       ?_Root@?$_Tree@V?$_Tmap_traits@HPAVStringResource@Pegas@@U?$less@H@std@@V?$allocator@U?$pair@$$CBHPAVStringResource@Pegas@@@std@@@4@$0A@@std@@@std@@IBEAAPAU_Node@?$_Tree_nod@V?$_Tmap_traits@HPAVStringResource@Pegas@@U?$less@H@std@@V?$allocator@U?$pair@$$CBHPAVStringResource@Pegas@@@std@@@4@$0A@@std@@@2@XZ 004069f0 f i game_app.obj
 0001:000059f0       ?_Root@?$_Tree@V?$_Tset_traits@HU?$less@H@std@@V?$allocator@H@2@$0A@@std@@@std@@IBEAAPAU_Node@?$_Tree_nod@V?$_Tset_traits@HU?$less@H@std@@V?$allocator@H@2@$0A@@std@@@2@XZ 004069f0 f i tile_grid.obj
 0001:00005a00       ?_Rrotate@?$_Tree@V?$_Tmap_traits@HPAVSoundResource@Pegas@@U?$less@H@std@@V?$allocator@U?$pair@$$CBHPAVSoundResource@Pegas@@@std@@@4@$0A@@std@@@std@@IAEXPAU_Node@?$_Tree_nod@V?$_Tmap_traits@HPAVSoundResource@Pegas@@U?$less@H@std@@V?$allocator@U?$pair@$$CBHPAVSoundResource@Pegas@@@std@@@4@$0A@@std@@@2@@Z 00406a00 f i pacman.obj
 0001:00005a00       ?_Rrotate@?$_Tree@V?$_Tmap_traits@HPAVTextureResource@Pegas@@U?$less@H@std@@V?$allocator@U?$pair@$$CBHPAVTextureResource@Pegas@@@std@@@4@$0A@@std@@@std@@IAEXPAU_Node@?$_Tree_nod@V?$_Tmap_traits@HPAVTextureResource@Pegas@@U?$less@H@std@@V?$allocator@U?$pair@$$CBHPAVTextureResource@Pegas@@@std@@@4@$0A@@std@@@2@@Z 00406a00 f i game_app.obj
 0001:00005a00       ?_Rrotate@?$_Tree@V?$_Tmap_traits@HPAVFontResource@Pegas@@U?$less@H@std@@V?$allocator@U?$pair@$$CBHPAVFontResource@Pegas@@@std@@@4@$0A@@std@@@std@@IAEXPAU_Node@?$_Tree_nod@V?$_Tmap_traits@HPAVFontResource@Pegas@@U?$less@H@std@@V?$allocator@U?$pair@$$CBHPAVFontResource@Pegas@@@std@@@4@$0A@@std@@@2@@Z 00406a00 f i game_app.obj
 0001:00005a00       ?_Rrotate@?$_Tree@V?$_Tmap_traits@HPAVStringResource@Pegas@@U?$less@H@std@@V?$allocator@U?$pair@$$CBHPAVStringResource@Pegas@@@std@@@4@$0A@@std@@@std@@IAEXPAU_Node@?$_Tree_nod@V?$_Tmap_traits@HPAVStringResource@Pegas@@U?$less@H@std@@V?$allocator@U?$pair@$$CBHPAVStringResource@Pegas@@@std@@@4@$0A@@std@@@2@@Z 00406a00 f i pacman.obj
 0001:00005a60       ?_Isnil@?$_Tree@V?$_Tmap_traits@HPAVStringResource@Pegas@@U?$less@H@std@@V?$allocator@U?$pair@$$CBHPAVStringResource@Pegas@@@std@@@4@$0A@@std@@@std@@KAAADPAU_Node@?$_Tree_nod@V?$_Tmap_traits@HPAVStringResource@Pegas@@U?$less@H@std@@V?$allocator@U?$pair@$$CBHPAVStringResource@Pegas@@@std@@@4@$0A@@std@@@2@@Z 00406a60 f i game_app.obj
 0001:00005a60       ?_Isnil@?$_Tree@V?$_Tmap_traits@HPAVSoundResource@Pegas@@U?$less@H@std@@V?$allocator@U?$pair@$$CBHPAVSoundResource@Pegas@@@std@@@4@$0A@@std@@@std@@KAAADPAU_Node@?$_Tree_nod@V?$_Tmap_traits@HPAVSoundResource@Pegas@@U?$less@H@std@@V?$allocator@U?$pair@$$CBHPAVSoundResource@Pegas@@@std@@@4@$0A@@std@@@2@@Z 00406a60 f i game_app.obj
 0001:00005a60       ?_Isnil@?$_Tree@V?$_Tmap_traits@HPAVFontResource@Pegas@@U?$less@H@std@@V?$allocator@U?$pair@$$CBHPAVFontResource@Pegas@@@std@@@4@$0A@@std@@@std@@KAAADPAU_Node@?$_Tree_nod@V?$_Tmap_traits@HPAVFontResource@Pegas@@U?$less@H@std@@V?$allocator@U?$pair@$$CBHPAVFontResource@Pegas@@@std@@@4@$0A@@std@@@2@@Z 00406a60 f i game_app.obj
 0001:00005a70       ?_Min@?$_Tree@V?$_Tmap_traits@HPAVStringResource@Pegas@@U?$less@H@std@@V?$allocator@U?$pair@$$CBHPAVStringResource@Pegas@@@std@@@4@$0A@@std@@@std@@KAPAU_Node@?$_Tree_nod@V?$_Tmap_traits@HPAVStringResource@Pegas@@U?$less@H@std@@V?$allocator@U?$pair@$$CBHPAVStringResource@Pegas@@@std@@@4@$0A@@std@@@2@PAU342@@Z 00406a70 f i game_app.obj
 0001:00005a70       ?_Min@?$_Tree@V?$_Tmap_traits@HPAVFontResource@Pegas@@U?$less@H@std@@V?$allocator@U?$pair@$$CBHPAVFontResource@Pegas@@@std@@@4@$0A@@std@@@std@@KAPAU_Node@?$_Tree_nod@V?$_Tmap_traits@HPAVFontResource@Pegas@@U?$less@H@std@@V?$allocator@U?$pair@$$CBHPAVFontResource@Pegas@@@std@@@4@$0A@@std@@@2@PAU342@@Z 00406a70 f i game_app.obj
 0001:00005a70       ?_Min@?$_Tree@V?$_Tmap_traits@HPAVSoundResource@Pegas@@U?$less@H@std@@V?$allocator@U?$pair@$$CBHPAVSoundResource@Pegas@@@std@@@4@$0A@@std@@@std@@KAPAU_Node@?$_Tree_nod@V?$_Tmap_traits@HPAVSoundResource@Pegas@@U?$less@H@std@@V?$allocator@U?$pair@$$CBHPAVSoundResource@Pegas@@@std@@@4@$0A@@std@@@2@PAU342@@Z 00406a70 f i game_app.obj
 0001:00005a70       ?_Min@?$_Tree@V?$_Tmap_traits@HPAVTextureResource@Pegas@@U?$less@H@std@@V?$allocator@U?$pair@$$CBHPAVTextureResource@Pegas@@@std@@@4@$0A@@std@@@std@@KAPAU_Node@?$_Tree_nod@V?$_Tmap_traits@HPAVTextureResource@Pegas@@U?$less@H@std@@V?$allocator@U?$pair@$$CBHPAVTextureResource@Pegas@@@std@@@4@$0A@@std@@@2@PAU342@@Z 00406a70 f i game_app.obj
 0001:00005a90       ?_Getmycont@_Iterator_base_aux@std@@QBEPBV_Container_base_aux@2@XZ 00406a90 f i game_app.obj
 0001:00005aa0       ?destroyAll@?$ResourceManager@VSoundResource@Pegas@@UIntResourceCode@2@@Pegas@@QAEXXZ 00406aa0 f i game_app.obj
 0001:00005aa0       ?destroyAll@?$ResourceManager@VTextureResource@Pegas@@UIntResourceCode@2@@Pegas@@QAEXXZ 00406aa0 f i game_app.obj
 0001:00005aa0       ?destroyAll@?$ResourceManager@VStringResource@Pegas@@UIntResourceCode@2@@Pegas@@QAEXXZ 00406aa0 f i game_app.obj
 0001:00005aa0       ?destroyAll@?$ResourceManager@VFontResource@Pegas@@UFontResourceCode@2@@Pegas@@QAEXXZ 00406aa0 f i game_app.obj
 0001:00005b60       ??8const_iterator@?$_Tree@V?$_Tmap_traits@HPAVFontResource@Pegas@@U?$less@H@std@@V?$allocator@U?$pair@$$CBHPAVFontResource@Pegas@@@std@@@4@$0A@@std@@@std@@QBE_NABV012@@Z 00406b60 f i game_app.obj
 0001:00005b60       ??8const_iterator@?$_Tree@V?$_Tmap_traits@HPAVStringResource@Pegas@@U?$less@H@std@@V?$allocator@U?$pair@$$CBHPAVStringResource@Pegas@@@std@@@4@$0A@@std@@@std@@QBE_NABV012@@Z 00406b60 f i game_app.obj
 0001:00005b60       ??8const_iterator@?$_Tree@V?$_Tmap_traits@HPAVTextureResource@Pegas@@U?$less@H@std@@V?$allocator@U?$pair@$$CBHPAVTextureResource@Pegas@@@std@@@4@$0A@@std@@@std@@QBE_NABV012@@Z 00406b60 f i game_app.obj
 0001:00005b60       ??8const_iterator@?$_Tree@V?$_Tmap_traits@HPAVSoundResource@Pegas@@U?$less@H@std@@V?$allocator@U?$pair@$$CBHPAVSoundResource@Pegas@@@std@@@4@$0A@@std@@@std@@QBE_NABV012@@Z 00406b60 f i game_app.obj
 0001:00005b90       ??0?$_Bidit@U?$pair@$$CBHPAVFontResource@Pegas@@@std@@HPBU12@ABU12@@std@@QAE@XZ 00406b90 f i game_app.obj
 0001:00005b90       ??0_Iterator_base_aux@std@@QAE@XZ 00406b90 f i game_app.obj
 0001:00005b90       ??0?$_Bidit@U?$pair@$$CBHPAVSoundResource@Pegas@@@std@@HPBU12@ABU12@@std@@QAE@XZ 00406b90 f i game_app.obj
 0001:00005b90       ??0?$_Bidit@U?$pair@$$CBHPAVStringResource@Pegas@@@std@@HPBU12@ABU12@@std@@QAE@XZ 00406b90 f i game_app.obj
 0001:00005b90       ??0?$_Bidit@HHPBHABH@std@@QAE@XZ 00406b90 f i tile_grid.obj
 0001:00005ba0       ??0iterator@?$_Tree@V?$_Tmap_traits@HPAVSoundResource@Pegas@@U?$less@H@std@@V?$allocator@U?$pair@$$CBHPAVSoundResource@Pegas@@@std@@@4@$0A@@std@@@std@@QAE@PAU_Node@?$_Tree_nod@V?$_Tmap_traits@HPAVSoundResource@Pegas@@U?$less@H@std@@V?$allocator@U?$pair@$$CBHPAVSoundResource@Pegas@@@std@@@4@$0A@@std@@@2@PBV12@@Z 00406ba0 f i game_app.obj
 0001:00005ba0       ??0const_iterator@?$_Tree@V?$_Tmap_traits@HPAVStringResource@Pegas@@U?$less@H@std@@V?$allocator@U?$pair@$$CBHPAVStringResource@Pegas@@@std@@@4@$0A@@std@@@std@@QAE@PAU_Node@?$_Tree_nod@V?$_Tmap_traits@HPAVStringResource@Pegas@@U?$less@H@std@@V?$allocator@U?$pair@$$CBHPAVStringResource@Pegas@@@std@@@4@$0A@@std@@@2@PBV12@@Z 00406ba0 f i game_app.obj
 0001:00005ba0       ??0iterator@?$_Tree@V?$_Tmap_traits@HPAVFontResource@Pegas@@U?$less@H@std@@V?$allocator@U?$pair@$$CBHPAVFontResource@Pegas@@@std@@@4@$0A@@std@@@std@@QAE@PAU_Node@?$_Tree_nod@V?$_Tmap_traits@HPAVFontResource@Pegas@@U?$less@H@std@@V?$allocator@U?$pair@$$CBHPAVFontResource@Pegas@@@std@@@4@$0A@@std@@@2@PBV12@@Z 00406ba0 f i game_app.obj
 0001:00005ba0       ??0iterator@?$_Tree@V?$_Tmap_traits@HPAVStringResource@Pegas@@U?$less@H@std@@V?$allocator@U?$pair@$$CBHPAVStringResource@Pegas@@@std@@@4@$0A@@std@@@std@@QAE@PAU_Node@?$_Tree_nod@V?$_Tmap_traits@HPAVStringResource@Pegas@@U?$less@H@std@@V?$allocator@U?$pair@$$CBHPAVStringResource@Pegas@@@std@@@4@$0A@@std@@@2@PBV12@@Z 00406ba0 f i game_app.obj
 0001:00005ba0       ??0const_iterator@?$_Tree@V?$_Tmap_traits@HPAVSoundResource@Pegas@@U?$less@H@std@@V?$allocator@U?$pair@$$CBHPAVSoundResource@Pegas@@@std@@@4@$0A@@std@@@std@@QAE@PAU_Node@?$_Tree_nod@V?$_Tmap_traits@HPAVSoundResource@Pegas@@U?$less@H@std@@V?$allocator@U?$pair@$$CBHPAVSoundResource@Pegas@@@std@@@4@$0A@@std@@@2@PBV12@@Z 00406ba0 f i game_app.obj
 0001:00005ba0       ??0const_iterator@?$_Tree@V?$_Tset_traits@HU?$less@H@std@@V?$allocator@H@2@$0A@@std@@@std@@QAE@PAU_Node@?$_Tree_nod@V?$_Tset_traits@HU?$less@H@std@@V?$allocator@H@2@$0A@@std@@@2@PBV12@@Z 00406ba0 f i tile_grid.obj
 0001:00005bd0       ?_Lmost@?$_Tree@V?$_Tmap_traits@HPAVStringResource@Pegas@@U?$less@H@std@@V?$allocator@U?$pair@$$CBHPAVStringResource@Pegas@@@std@@@4@$0A@@std@@@std@@IBEAAPAU_Node@?$_Tree_nod@V?$_Tmap_traits@HPAVStringResource@Pegas@@U?$less@H@std@@V?$allocator@U?$pair@$$CBHPAVStringResource@Pegas@@@std@@@4@$0A@@std@@@2@XZ 00406bd0 f i game_app.obj
 0001:00005bd0       ?_Lmost@?$_Tree@V?$_Tmap_traits@HPAVSoundResource@Pegas@@U?$less@H@std@@V?$allocator@U?$pair@$$CBHPAVSoundResource@Pegas@@@std@@@4@$0A@@std@@@std@@IBEAAPAU_Node@?$_Tree_nod@V?$_Tmap_traits@HPAVSoundResource@Pegas@@U?$less@H@std@@V?$allocator@U?$pair@$$CBHPAVSoundResource@Pegas@@@std@@@4@$0A@@std@@@2@XZ 00406bd0 f i game_app.obj
 0001:00005be0       ?begin@?$_Tree@V?$_Tmap_traits@HPAVStringResource@Pegas@@U?$less@H@std@@V?$allocator@U?$pair@$$CBHPAVStringResource@Pegas@@@std@@@4@$0A@@std@@@std@@QAE?AViterator@12@XZ 00406be0 f i game_app.obj
 0001:00005be0       ?begin@?$_Tree@V?$_Tset_traits@HU?$less@H@std@@V?$allocator@H@2@$0A@@std@@@std@@QAE?AViterator@12@XZ 00406be0 f i tile_grid.obj
 0001:00005be0       ?begin@?$_Tree@V?$_Tmap_traits@HPAVFontResource@Pegas@@U?$less@H@std@@V?$allocator@U?$pair@$$CBHPAVFontResource@Pegas@@@std@@@4@$0A@@std@@@std@@QAE?AViterator@12@XZ 00406be0 f i game_app.obj
 0001:00005be0       ?begin@?$_Tree@V?$_Tmap_traits@HPAVSoundResource@Pegas@@U?$less@H@std@@V?$allocator@U?$pair@$$CBHPAVSoundResource@Pegas@@@std@@@4@$0A@@std@@@std@@QAE?AViterator@12@XZ 00406be0 f i game_app.obj
 0001:00005be0       ?begin@?$_Tree@V?$_Tmap_traits@HPAVTextureResource@Pegas@@U?$less@H@std@@V?$allocator@U?$pair@$$CBHPAVTextureResource@Pegas@@@std@@@4@$0A@@std@@@std@@QAE?AViterator@12@XZ 00406be0 f i game_app.obj
 0001:00005c00       ?deallocate@?$allocator@U_Node@?$_Tree_nod@V?$_Tmap_traits@HPAVStringResource@Pegas@@U?$less@H@std@@V?$allocator@U?$pair@$$CBHPAVStringResource@Pegas@@@std@@@4@$0A@@std@@@std@@@std@@QAEXPAU_Node@?$_Tree_nod@V?$_Tmap_traits@HPAVStringResource@Pegas@@U?$less@H@std@@V?$allocator@U?$pair@$$CBHPAVStringResource@Pegas@@@std@@@4@$0A@@std@@@2@I@Z 00406c00 f i game_app.obj
 0001:00005c00       ?deallocate@?$allocator@U_Node@?$_Tree_nod@V?$_Tmap_traits@HPAVSoundResource@Pegas@@U?$less@H@std@@V?$allocator@U?$pair@$$CBHPAVSoundResource@Pegas@@@std@@@4@$0A@@std@@@std@@@std@@QAEXPAU_Node@?$_Tree_nod@V?$_Tmap_traits@HPAVSoundResource@Pegas@@U?$less@H@std@@V?$allocator@U?$pair@$$CBHPAVSoundResource@Pegas@@@std@@@4@$0A@@std@@@2@I@Z 00406c00 f i game_app.obj
 0001:00005c00       ?deallocate@?$allocator@V_Aux_cont@std@@@std@@QAEXPAV_Aux_cont@2@I@Z 00406c00 f i game_app.obj
 0001:00005c10       ??_GFile@Pegas@@UAEPAXI@Z  00406c10 f i game_app.obj
 0001:00005c10       ??_EFile@Pegas@@UAEPAXI@Z  00406c10 f i  CIL library: CIL module
 0001:00005c30       ??5File@Pegas@@UAEAAVISerializer@1@AAV?$basic_string@_WU?$char_traits@_W@std@@V?$allocator@_W@2@@std@@@Z 00406c30 f i game_app.obj
 0001:00005c50       ??5File@Pegas@@UAEAAVISerializer@1@AAM@Z 00406c50 f i game_app.obj
 0001:00005c50       ??5File@Pegas@@UAEAAVISerializer@1@AAI@Z 00406c50 f i game_app.obj
 0001:00005c50       ??5File@Pegas@@UAEAAVISerializer@1@AAH@Z 00406c50 f i game_app.obj
 0001:00005c70       ??5File@Pegas@@UAEAAVISerializer@1@AAG@Z 00406c70 f i game_app.obj
 0001:00005c70       ??5File@Pegas@@UAEAAVISerializer@1@AAF@Z 00406c70 f i game_app.obj
 0001:00005c90       ??5File@Pegas@@UAEAAVISerializer@1@AAC@Z 00406c90 f i game_app.obj
 0001:00005c90       ??5File@Pegas@@UAEAAVISerializer@1@AAE@Z 00406c90 f i game_app.obj
 0001:00005c90       ??5File@Pegas@@UAEAAVISerializer@1@AA_N@Z 00406c90 f i game_app.obj
 0001:00005cb0       ??6File@Pegas@@UAEAAVISerializer@1@AAV?$basic_string@_WU?$char_traits@_W@std@@V?$allocator@_W@2@@std@@@Z 00406cb0 f i game_app.obj
 0001:00005cd0       ??6File@Pegas@@UAEAAVISerializer@1@M@Z 00406cd0 f i game_app.obj
 0001:00005cd0       ??6File@Pegas@@UAEAAVISerializer@1@H@Z 00406cd0 f i game_app.obj
 0001:00005cd0       ??6File@Pegas@@UAEAAVISerializer@1@I@Z 00406cd0 f i game_app.obj
 0001:00005cf0       ??6File@Pegas@@UAEAAVISerializer@1@F@Z 00406cf0 f i game_app.obj
 0001:00005cf0       ??6File@Pegas@@UAEAAVISerializer@1@G@Z 00406cf0 f i game_app.obj
 0001:00005d10       ??6File@Pegas@@UAEAAVISerializer@1@C@Z 00406d10 f i game_app.obj
 0001:00005d10       ??6File@Pegas@@UAEAAVISerializer@1@E@Z 00406d10 f i game_app.obj
 0001:00005d10       ??6File@Pegas@@UAEAAVISerializer@1@_N@Z 00406d10 f i game_app.obj
 0001:00005d30       ??_GISerializer@Pegas@@UAEPAXI@Z 00406d30 f i game_app.obj
 0001:00005d30       ??_EISerializer@Pegas@@UAEPAXI@Z 00406d30 f i  CIL library: CIL module
 0001:00005d50       ??1ISerializer@Pegas@@UAE@XZ 00406d50 f i game_app.obj
 0001:00005d60       ??1?$basic_string@_WU?$char_traits@_W@std@@V?$allocator@_W@2@@std@@QAE@XZ 00406d60 f i game_app.obj
 0001:00005d60       ??1FontResourceCode@Pegas@@QAE@XZ 00406d60 f i game_app.obj
 0001:00005d90       ??1File@Pegas@@UAE@XZ      00406d90 f i game_app.obj
 0001:00005e10       ?clear@?$list@V?$ptr@VFile@Pegas@@@Pegas@@V?$allocator@V?$ptr@VFile@Pegas@@@Pegas@@@std@@@std@@QAEXXZ 00406e10 f i game_app.obj
 0001:00005e10       ?clear@?$list@V?$ptr@VBaseScreenLayer@Pegas@@@Pegas@@V?$allocator@V?$ptr@VBaseScreenLayer@Pegas@@@Pegas@@@std@@@std@@QAEXXZ 00406e10 f i editor.obj
 0001:00005e10       ?clear@?$list@V?$ptr@VProcess@Pegas@@@Pegas@@V?$allocator@V?$ptr@VProcess@Pegas@@@Pegas@@@std@@@std@@QAEXXZ 00406e10 f i game_screen.obj
 0001:00005e80       ??1?$stack@V?$ptr@VIGameState@Pegas@@@Pegas@@V?$deque@V?$ptr@VIGameState@Pegas@@@Pegas@@V?$allocator@V?$ptr@VIGameState@Pegas@@@Pegas@@@std@@@std@@@std@@QAE@XZ 00406e80 f i game_app.obj
 0001:00005ed0       ?pop_back@?$deque@V?$ptr@VIGameState@Pegas@@@Pegas@@V?$allocator@V?$ptr@VIGameState@Pegas@@@Pegas@@@std@@@std@@QAEXXZ 00406ed0 f i game_app.obj
 0001:00005f40       ??$_Allocate@U_Node@?$_Tree_nod@V?$_Tmap_traits@HV?$ptr@VIGameState@Pegas@@@Pegas@@U?$less@H@std@@V?$allocator@U?$pair@$$CBHV?$ptr@VIGameState@Pegas@@@Pegas@@@std@@@4@$0A@@std@@@std@@@std@@YAPAU_Node@?$_Tree_nod@V?$_Tmap_traits@HV?$ptr@VIGameState@Pegas@@@Pegas@@U?$less@H@std@@V?$allocator@U?$pair@$$CBHV?$ptr@VIGameState@Pegas@@@Pegas@@@std@@@4@$0A@@std@@@0@IPAU120@@Z 00406f40 f i game_app.obj
 0001:00005fa0       ?_Erase@?$_Tree@V?$_Tmap_traits@HV?$ptr@VIGameState@Pegas@@@Pegas@@U?$less@H@std@@V?$allocator@U?$pair@$$CBHV?$ptr@VIGameState@Pegas@@@Pegas@@@std@@@4@$0A@@std@@@std@@IAEXPAU_Node@?$_Tree_nod@V?$_Tmap_traits@HV?$ptr@VIGameState@Pegas@@@Pegas@@U?$less@H@std@@V?$allocator@U?$pair@$$CBHV?$ptr@VIGameState@Pegas@@@Pegas@@@std@@@4@$0A@@std@@@2@@Z 00406fa0 f i game_app.obj
 0001:00005fa0       ?_Erase@?$_Tree@V?$_Tmap_traits@HV?$ptr@VProcess@Pegas@@@Pegas@@U?$less@H@std@@V?$allocator@U?$pair@$$CBHV?$ptr@VProcess@Pegas@@@Pegas@@@std@@@4@$0A@@std@@@std@@IAEXPAU_Node@?$_Tree_nod@V?$_Tmap_traits@HV?$ptr@VProcess@Pegas@@@Pegas@@U?$less@H@std@@V?$allocator@U?$pair@$$CBHV?$ptr@VProcess@Pegas@@@Pegas@@@std@@@4@$0A@@std@@@2@@Z 00406fa0 f i pacman.obj
 0001:00006010       ?_Lrotate@?$_Tree@V?$_Tmap_traits@HV?$ptr@VIGameState@Pegas@@@Pegas@@U?$less@H@std@@V?$allocator@U?$pair@$$CBHV?$ptr@VIGameState@Pegas@@@Pegas@@@std@@@4@$0A@@std@@@std@@IAEXPAU_Node@?$_Tree_nod@V?$_Tmap_traits@HV?$ptr@VIGameState@Pegas@@@Pegas@@U?$less@H@std@@V?$allocator@U?$pair@$$CBHV?$ptr@VIGameState@Pegas@@@Pegas@@@std@@@4@$0A@@std@@@2@@Z 00407010 f i game_app.obj
 0001:00006010       ?_Lrotate@?$_Tree@V?$_Tmap_traits@HV?$ptr@VProcess@Pegas@@@Pegas@@U?$less@H@std@@V?$allocator@U?$pair@$$CBHV?$ptr@VProcess@Pegas@@@Pegas@@@std@@@4@$0A@@std@@@std@@IAEXPAU_Node@?$_Tree_nod@V?$_Tmap_traits@HV?$ptr@VProcess@Pegas@@@Pegas@@U?$less@H@std@@V?$allocator@U?$pair@$$CBHV?$ptr@VProcess@Pegas@@@Pegas@@@std@@@4@$0A@@std@@@2@@Z 00407010 f i pacman.obj
 0001:00006060       ?erase@?$_Tree@V?$_Tmap_traits@HV?$ptr@VIGameState@Pegas@@@Pegas@@U?$less@H@std@@V?$allocator@U?$pair@$$CBHV?$ptr@VIGameState@Pegas@@@Pegas@@@std@@@4@$0A@@std@@@std@@QAE?AViterator@12@Vconst_iterator@12@0@Z 00407060 f i game_app.obj
 0001:00006140       ?_Lrotate@?$_Tree@V?$_Tset_traits@PAVIEventListener@Pegas@@U?$less@PAVIEventListener@Pegas@@@std@@V?$allocator@PAVIEventListener@Pegas@@@4@$0A@@std@@@std@@IAEXPAU_Node@?$_Tree_nod@V?$_Tset_traits@PAVIEventListener@Pegas@@U?$less@PAVIEventListener@Pegas@@@std@@V?$allocator@PAVIEventListener@Pegas@@@4@$0A@@std@@@2@@Z 00407140 f i pacman.obj
 0001:00006140       ?_Lrotate@?$_Tree@V?$_Tset_traits@PAVIMouseController@Pegas@@U?$less@PAVIMouseController@Pegas@@@std@@V?$allocator@PAVIMouseController@Pegas@@@4@$0A@@std@@@std@@IAEXPAU_Node@?$_Tree_nod@V?$_Tset_traits@PAVIMouseController@Pegas@@U?$less@PAVIMouseController@Pegas@@@std@@V?$allocator@PAVIMouseController@Pegas@@@4@$0A@@std@@@2@@Z 00407140 f i game_app.obj
 0001:00006140       ?_Lrotate@?$_Tree@V?$_Tset_traits@PAVIKeyboardController@Pegas@@U?$less@PAVIKeyboardController@Pegas@@@std@@V?$allocator@PAVIKeyboardController@Pegas@@@4@$0A@@std@@@std@@IAEXPAU_Node@?$_Tree_nod@V?$_Tset_traits@PAVIKeyboardController@Pegas@@U?$less@PAVIKeyboardController@Pegas@@@std@@V?$allocator@PAVIKeyboardController@Pegas@@@4@$0A@@std@@@2@@Z 00407140 f i game_app.obj
 0001:00006190       ?_Rrotate@?$_Tree@V?$_Tset_traits@PAVIKeyboardController@Pegas@@U?$less@PAVIKeyboardController@Pegas@@@std@@V?$allocator@PAVIKeyboardController@Pegas@@@4@$0A@@std@@@std@@IAEXPAU_Node@?$_Tree_nod@V?$_Tset_traits@PAVIKeyboardController@Pegas@@U?$less@PAVIKeyboardController@Pegas@@@std@@V?$allocator@PAVIKeyboardController@Pegas@@@4@$0A@@std@@@2@@Z 00407190 f i game_app.obj
 0001:00006190       ?_Rrotate@?$_Tree@V?$_Tset_traits@PAVIEventListener@Pegas@@U?$less@PAVIEventListener@Pegas@@@std@@V?$allocator@PAVIEventListener@Pegas@@@4@$0A@@std@@@std@@IAEXPAU_Node@?$_Tree_nod@V?$_Tset_traits@PAVIEventListener@Pegas@@U?$less@PAVIEventListener@Pegas@@@std@@V?$allocator@PAVIEventListener@Pegas@@@4@$0A@@std@@@2@@Z 00407190 f i pacman.obj
 0001:00006190       ?_Rrotate@?$_Tree@V?$_Tset_traits@PAVIMouseController@Pegas@@U?$less@PAVIMouseController@Pegas@@@std@@V?$allocator@PAVIMouseController@Pegas@@@4@$0A@@std@@@std@@IAEXPAU_Node@?$_Tree_nod@V?$_Tset_traits@PAVIMouseController@Pegas@@U?$less@PAVIMouseController@Pegas@@@std@@V?$allocator@PAVIMouseController@Pegas@@@4@$0A@@std@@@2@@Z 00407190 f i game_app.obj
 0001:000061e0       ??0?$allocator@H@std@@QAE@XZ 004071e0 f i pacman.obj
 0001:000061e0       ??0_Container_base_aux@std@@QAE@XZ 004071e0 f i game_app.obj
 0001:000061f0       ??$_Allocate@V_Aux_cont@std@@@std@@YAPAV_Aux_cont@0@IPAV10@@Z 004071f0 f i game_app.obj
 0001:00006250       ?allocate@?$allocator@V_Aux_cont@std@@@std@@QAEPAV_Aux_cont@2@I@Z 00407250 f i game_app.obj
 0001:00006270       ??0_Aux_cont@std@@QAE@QBV_Container_base_aux@1@@Z 00407270 f i game_app.obj
 0001:00006280       ??2@YAPAXIPAX@Z            00407280 f i game_app.obj
 0001:00006290       ?_Erase@?$_Tree@V?$_Tset_traits@HU?$less@H@std@@V?$allocator@H@2@$0A@@std@@@std@@IAEXPAU_Node@?$_Tree_nod@V?$_Tset_traits@HU?$less@H@std@@V?$allocator@H@2@$0A@@std@@@2@@Z 00407290 f i tile_grid.obj
 0001:00006290       ?_Erase@?$_Tree@V?$_Tset_traits@PAVIKeyboardController@Pegas@@U?$less@PAVIKeyboardController@Pegas@@@std@@V?$allocator@PAVIKeyboardController@Pegas@@@4@$0A@@std@@@std@@IAEXPAU_Node@?$_Tree_nod@V?$_Tset_traits@PAVIKeyboardController@Pegas@@U?$less@PAVIKeyboardController@Pegas@@@std@@V?$allocator@PAVIKeyboardController@Pegas@@@4@$0A@@std@@@2@@Z 00407290 f i game_app.obj
 0001:00006290       ?_Erase@?$_Tree@V?$_Tset_traits@PAVIEventListener@Pegas@@U?$less@PAVIEventListener@Pegas@@@std@@V?$allocator@PAVIEventListener@Pegas@@@4@$0A@@std@@@std@@IAEXPAU_Node@?$_Tree_nod@V?$_Tset_traits@PAVIEventListener@Pegas@@U?$less@PAVIEventListener@Pegas@@@std@@V?$allocator@PAVIEventListener@Pegas@@@4@$0A@@std@@@2@@Z 00407290 f i pacman.obj
 0001:00006290       ?_Erase@?$_Tree@V?$_Tset_traits@PAVIMouseController@Pegas@@U?$less@PAVIMouseController@Pegas@@@std@@V?$allocator@PAVIMouseController@Pegas@@@4@$0A@@std@@@std@@IAEXPAU_Node@?$_Tree_nod@V?$_Tset_traits@PAVIMouseController@Pegas@@U?$less@PAVIMouseController@Pegas@@@std@@V?$allocator@PAVIMouseController@Pegas@@@4@$0A@@std@@@2@@Z 00407290 f i game_app.obj
 0001:000062d0       ?_Same_container@_Iterator_base_aux@std@@QBE_NABV12@@Z 004072d0 f i game_app.obj
 0001:000062f0       ??0logic_error@std@@QAE@ABV?$basic_string@DU?$char_traits@D@std@@V?$allocator@D@2@@1@@Z 004072f0 f i game_app.obj
 0001:00006360       ??0out_of_range@std@@QAE@ABV?$basic_string@DU?$char_traits@D@std@@V?$allocator@D@2@@1@@Z 00407360 f i game_app.obj
 0001:00006380       ?assign@?$basic_string@DU?$char_traits@D@std@@V?$allocator@D@2@@std@@QAEAAV12@PBDI@Z 00407380 f i game_app.obj
 0001:00006460       ??0?$basic_string@DU?$char_traits@D@std@@V?$allocator@D@2@@std@@QAE@PBD@Z 00407460 f i game_app.obj
 0001:000064a0       ??0out_of_range@std@@QAE@ABV01@@Z 004074a0 f i game_app.obj
 0001:000064c0       ?c_str@?$basic_string@DU?$char_traits@D@std@@V?$allocator@D@2@@std@@QBEPBDXZ 004074c0 f i game_app.obj
 0001:000064d0       ?what@logic_error@std@@UBEPBDXZ 004074d0 f i game_app.obj
 0001:000064e0       ?erase@?$basic_string@DU?$char_traits@D@std@@V?$allocator@D@2@@std@@QAEAAV12@II@Z 004074e0 f i game_app.obj
 0001:00006570       ??0bad_alloc@std@@QAE@PBD@Z 00407570 f i game_app.obj
 0001:00006590       ??1bad_alloc@std@@UAE@XZ   00407590 f i game_app.obj
 0001:000065a0       ??_Gbad_alloc@std@@UAEPAXI@Z 004075a0 f i game_app.obj
 0001:000065a0       ??_Ebad_alloc@std@@UAEPAXI@Z 004075a0 f i  CIL library: CIL module
 0001:000065d0       ??0bad_alloc@std@@QAE@ABV01@@Z 004075d0 f i game_app.obj
 0001:000065f0       ?allocate@?$allocator@D@std@@QAEPADI@Z 004075f0 f i game_app.obj
 0001:00006650       ?_Copy@?$basic_string@DU?$char_traits@D@std@@V?$allocator@D@2@@std@@IAEXII@Z 00407650 f i game_app.obj
 0001:00006790       ?assign@?$basic_string@DU?$char_traits@D@std@@V?$allocator@D@2@@std@@QAEAAV12@ABV12@II@Z 00407790 f i game_app.obj
 0001:00006870       ??0?$basic_string@DU?$char_traits@D@std@@V?$allocator@D@2@@std@@QAE@ABV01@@Z 00407870 f i game_app.obj
 0001:000068a0       ??1?$basic_string@DU?$char_traits@D@std@@V?$allocator@D@2@@std@@QAE@XZ 004078a0 f i game_app.obj
 0001:000068d0       ??0logic_error@std@@QAE@ABV01@@Z 004078d0 f i game_app.obj
 0001:00006950       ?_Has_container@_Iterator_base_aux@std@@QBE_NXZ 00407950 f i game_app.obj
 0001:00006960       ?erase@?$_Tree@V?$_Tset_traits@PAVIKeyboardController@Pegas@@U?$less@PAVIKeyboardController@Pegas@@@std@@V?$allocator@PAVIKeyboardController@Pegas@@@4@$0A@@std@@@std@@QAE?AViterator@12@Vconst_iterator@12@0@Z 00407960 f i game_app.obj
 0001:00006960       ?erase@?$_Tree@V?$_Tset_traits@PAVIMouseController@Pegas@@U?$less@PAVIMouseController@Pegas@@@std@@V?$allocator@PAVIMouseController@Pegas@@@4@$0A@@std@@@std@@QAE?AViterator@12@Vconst_iterator@12@0@Z 00407960 f i game_app.obj
 0001:00006a40       ?_Set_container@_Iterator_base_aux@std@@QAEXQBV_Container_base_aux@2@@Z 00407a40 f i game_app.obj
 0001:00006a50       ??0GameApplication@Pegas@@QAE@PAUHINSTANCE__@@@Z 00407a50 f i pacman.obj
 0001:00006c00       ??1GameApplication@Pegas@@UAE@XZ 00407c00 f i pacman.obj
 0001:00006dc0       ?getListenerName@GameApplication@Pegas@@UAE?AV?$basic_string@DU?$char_traits@D@std@@V?$allocator@D@2@@std@@XZ 00407dc0 f i pacman.obj
 0001:00006df0       ??_GGameApplication@Pegas@@UAEPAXI@Z 00407df0 f i pacman.obj
 0001:00006df0       ??_EGameApplication@Pegas@@UAEPAXI@Z 00407df0 f i  CIL library: CIL module
 0001:00006e10       _wWinMain@16               00407e10 f   pacman.obj
 0001:00006f20       ?MyRegisterClass@@YAGPAUHINSTANCE__@@@Z 00407f20 f   pacman.obj
 0001:00006fb0       ?InitInstance@@YAHPAUHINSTANCE__@@H@Z 00407fb0 f   pacman.obj
 0001:00007090       ?WndProc@@YGJPAUHWND__@@IIJ@Z 00408090 f   pacman.obj
 0001:00007240       ?About@@YGHPAUHWND__@@IIJ@Z 00408240 f   pacman.obj
 0001:00007280       ??1?$Singleton@VGameApplication@Pegas@@@Pegas@@QAE@XZ 00408280 f i pacman.obj
 0001:000072a0       ??_EGameApplication@Pegas@@W3AEPAXI@Z 004082a0 f i pacman.obj
 0001:000072b0       ??1ProcessManager@Pegas@@UAE@XZ 004082b0 f i pacman.obj
 0001:00007350       ??_GProcessManager@Pegas@@UAEPAXI@Z 00408350 f i pacman.obj
 0001:00007350       ??_EProcessManager@Pegas@@UAEPAXI@Z 00408350 f i  CIL library: CIL module
 0001:00007370       ??$_Allocate@U_Node@?$_Tree_nod@V?$_Tmap_traits@HV?$ptr@VProcess@Pegas@@@Pegas@@U?$less@H@std@@V?$allocator@U?$pair@$$CBHV?$ptr@VProcess@Pegas@@@Pegas@@@std@@@4@$0A@@std@@@std@@@std@@YAPAU_Node@?$_Tree_nod@V?$_Tmap_traits@HV?$ptr@VProcess@Pegas@@@Pegas@@U?$less@H@std@@V?$allocator@U?$pair@$$CBHV?$ptr@VProcess@Pegas@@@Pegas@@@std@@@4@$0A@@std@@@0@IPAU120@@Z 00408370 f i pacman.obj
 0001:000073d0       ?allocate@?$allocator@U_Node@?$_Tree_nod@V?$_Tmap_traits@HV?$ptr@VProcess@Pegas@@@Pegas@@U?$less@H@std@@V?$allocator@U?$pair@$$CBHV?$ptr@VProcess@Pegas@@@Pegas@@@std@@@4@$0A@@std@@@std@@@std@@QAEPAU_Node@?$_Tree_nod@V?$_Tmap_traits@HV?$ptr@VProcess@Pegas@@@Pegas@@U?$less@H@std@@V?$allocator@U?$pair@$$CBHV?$ptr@VProcess@Pegas@@@Pegas@@@std@@@4@$0A@@std@@@2@I@Z 004083d0 f i pacman.obj
 0001:000073e0       ?_Buynode@?$_Tree@V?$_Tmap_traits@HV?$ptr@VProcess@Pegas@@@Pegas@@U?$less@H@std@@V?$allocator@U?$pair@$$CBHV?$ptr@VProcess@Pegas@@@Pegas@@@std@@@4@$0A@@std@@@std@@IAEPAU_Node@?$_Tree_nod@V?$_Tmap_traits@HV?$ptr@VProcess@Pegas@@@Pegas@@U?$less@H@std@@V?$allocator@U?$pair@$$CBHV?$ptr@VProcess@Pegas@@@Pegas@@@std@@@4@$0A@@std@@@2@XZ 004083e0 f i pacman.obj
 0001:00007420       ??0?$_Tree@V?$_Tmap_traits@HV?$ptr@VProcess@Pegas@@@Pegas@@U?$less@H@std@@V?$allocator@U?$pair@$$CBHV?$ptr@VProcess@Pegas@@@Pegas@@@std@@@4@$0A@@std@@@std@@QAE@ABU?$less@H@1@ABV?$allocator@U?$pair@$$CBHV?$ptr@VProcess@Pegas@@@Pegas@@@std@@@1@@Z 00408420 f i pacman.obj
 0001:000074a0       ??1?$_Tree_val@V?$_Tmap_traits@HPAVStringResource@Pegas@@U?$less@H@std@@V?$allocator@U?$pair@$$CBHPAVStringResource@Pegas@@@std@@@4@$0A@@std@@@std@@QAE@XZ 004084a0 f i pacman.obj
 0001:000074a0       ??1?$_Tree_val@V?$_Tmap_traits@HV?$ptr@VProcess@Pegas@@@Pegas@@U?$less@H@std@@V?$allocator@U?$pair@$$CBHV?$ptr@VProcess@Pegas@@@Pegas@@@std@@@4@$0A@@std@@@std@@QAE@XZ 004084a0 f i pacman.obj
 0001:000074a0       ??1?$_Vector_val@HV?$allocator@H@std@@@std@@QAE@XZ 004084a0 f i game_ai.obj
 0001:000074a0       ??1?$_List_val@PAVIDrawable@Pegas@@V?$allocator@PAVIDrawable@Pegas@@@std@@@std@@QAE@XZ 004084a0 f i pacman.obj
 0001:000074a0       ??1?$_Tree_val@V?$_Tmap_traits@HPAVSoundResource@Pegas@@U?$less@H@std@@V?$allocator@U?$pair@$$CBHPAVSoundResource@Pegas@@@std@@@4@$0A@@std@@@std@@QAE@XZ 004084a0 f i pacman.obj
 0001:000074a0       ??1?$_Tree_val@V?$_Tmap_traits@HV?$ptr@VIGameState@Pegas@@@Pegas@@U?$less@H@std@@V?$allocator@U?$pair@$$CBHV?$ptr@VIGameState@Pegas@@@Pegas@@@std@@@4@$0A@@std@@@std@@QAE@XZ 004084a0 f i pacman.obj
 0001:000074a0       ??1?$_Vector_val@UTunnel@GameWorld@Pegas@@V?$allocator@UTunnel@GameWorld@Pegas@@@std@@@std@@QAE@XZ 004084a0 f i game_world.obj
[...]
 0001:0004a6f0       __unwindfunclet$??1GameApplication@Pegas@@UAE@XZ$0 0044b6f0 f    CIL library: CIL module
 0001:0004a6f5       __unwindfunclet$??1GameApplication@Pegas@@UAE@XZ$1 0044b6f5 f    CIL library: CIL module
 0001:0004a700       __unwindfunclet$??1GameApplication@Pegas@@UAE@XZ$2 0044b700 f    CIL library: CIL module
 0001:0004a70d       __unwindfunclet$??1GameApplication@Pegas@@UAE@XZ$3 0044b70d f    CIL library: CIL module
 0001:0004a71a       __unwindfunclet$??1GameApplication@Pegas@@UAE@XZ$4 0044b71a f    CIL library: CIL module
 0001:0004a727       __unwindfunclet$??1GameApplication@Pegas@@UAE@XZ$5 0044b727 f    CIL library: CIL module
 0001:0004a734       __unwindfunclet$??1GameApplication@Pegas@@UAE@XZ$6 0044b734 f    CIL library: CIL module
 0001:0004a743       __unwindfunclet$??1GameApplication@Pegas@@UAE@XZ$7 0044b743 f    CIL library: CIL module
 0001:0004a752       __unwindfunclet$??1GameApplication@Pegas@@UAE@XZ$8 0044b752 f    CIL library: CIL module
 0001:0004a760       __unwindfunclet$??1GameApplication@Pegas@@UAE@XZ$9 0044b760 f    CIL library: CIL module
 0001:0004a76e       __unwindfunclet$??1GameApplication@Pegas@@UAE@XZ$10 0044b76e f    CIL library: CIL module
 0001:0004a77c       __unwindfunclet$??1GameApplication@Pegas@@UAE@XZ$11 0044b77c f    CIL library: CIL module
 0001:0004a78a       __unwindfunclet$??1GameApplication@Pegas@@UAE@XZ$12 0044b78a f    CIL library: CIL module
 0001:0004a798       __unwindfunclet$??1GameApplication@Pegas@@UAE@XZ$13 0044b798 f    CIL library: CIL module
 0001:0004a7a6       __unwindfunclet$??1GameApplication@Pegas@@UAE@XZ$14 0044b7a6 f    CIL library: CIL module
 0001:0004a7b4       __unwindfunclet$??1GameApplication@Pegas@@UAE@XZ$21 0044b7b4 f    CIL library: CIL module
 0001:0004a7bc       __unwindfunclet$??1GameApplication@Pegas@@UAE@XZ$23 0044b7bc f    CIL library: CIL module
 0001:0004a7c4       __unwindfunclet$??1GameApplication@Pegas@@UAE@XZ$25 0044b7c4 f    CIL library: CIL module
 0001:0004a7cc       __unwindfunclet$??1GameApplication@Pegas@@UAE@XZ$27 0044b7cc f    CIL library: CIL module
 0001:0004a7d4       __ehhandler$??1GameApplication@Pegas@@UAE@XZ 0044b7d4 f    CIL library: CIL module
 0001:0004a7f0       __unwindfunclet$??0EventManager@Pegas@@QAE@XZ$0 0044b7f0 f    CIL library: CIL module
 0001:0004a7f5       __unwindfunclet$??0EventManager@Pegas@@QAE@XZ$1 0044b7f5 f    CIL library: CIL module
 0001:0004a80b       __ehhandler$??0EventManager@Pegas@@QAE@XZ 0044b80b f    CIL library: CIL module
 0001:0004a830       __unwindfunclet$??0GameApplication@Pegas@@QAE@PAUHINSTANCE__@@@Z$0 0044b830 f    CIL library: CIL module
 0001:0004a835       __unwindfunclet$??0GameApplication@Pegas@@QAE@PAUHINSTANCE__@@@Z$1 0044b835 f    CIL library: CIL module
 0001:0004a840       __unwindfunclet$??0GameApplication@Pegas@@QAE@PAUHINSTANCE__@@@Z$2 0044b840 f    CIL library: CIL module
 0001:0004a84d       __unwindfunclet$??0GameApplication@Pegas@@QAE@PAUHINSTANCE__@@@Z$3 0044b84d f    CIL library: CIL module
 0001:0004a85a       __unwindfunclet$??0GameApplication@Pegas@@QAE@PAUHINSTANCE__@@@Z$4 0044b85a f    CIL library: CIL module
 0001:0004a867       __unwindfunclet$??0GameApplication@Pegas@@QAE@PAUHINSTANCE__@@@Z$5 0044b867 f    CIL library: CIL module
 0001:0004a874       __unwindfunclet$??0GameApplication@Pegas@@QAE@PAUHINSTANCE__@@@Z$6 0044b874 f    CIL library: CIL module
 0001:0004a883       __unwindfunclet$??0GameApplication@Pegas@@QAE@PAUHINSTANCE__@@@Z$7 0044b883 f    CIL library: CIL module
 0001:0004a892       __unwindfunclet$??0GameApplication@Pegas@@QAE@PAUHINSTANCE__@@@Z$8 0044b892 f    CIL library: CIL module
 0001:0004a8a0       __unwindfunclet$??0GameApplication@Pegas@@QAE@PAUHINSTANCE__@@@Z$9 0044b8a0 f    CIL library: CIL module
 0001:0004a8ae       __unwindfunclet$??0GameApplication@Pegas@@QAE@PAUHINSTANCE__@@@Z$10 0044b8ae f    CIL library: CIL module
 0001:0004a8bc       __unwindfunclet$??0GameApplication@Pegas@@QAE@PAUHINSTANCE__@@@Z$11 0044b8bc f    CIL library: CIL module
 0001:0004a8ca       __unwindfunclet$??0GameApplication@Pegas@@QAE@PAUHINSTANCE__@@@Z$12 0044b8ca f    CIL library: CIL module
 0001:0004a8d8       __unwindfunclet$??0GameApplication@Pegas@@QAE@PAUHINSTANCE__@@@Z$13 0044b8d8 f    CIL library: CIL module
 0001:0004a8e6       __unwindfunclet$??0GameApplication@Pegas@@QAE@PAUHINSTANCE__@@@Z$14 0044b8e6 f    CIL library: CIL module
 0001:0004a8f4       __ehhandler$??0GameApplication@Pegas@@QAE@PAUHINSTANCE__@@@Z 0044b8f4 f    CIL library: CIL module
 0001:0004a910       ??__E?k_type@Event_ChangeDirection@Pegas@@2V?$basic_string@DU?$char_traits@D@std@@V?$allocator@D@2@@std@@B@@YAXXZ 0044b910 f    CIL library: CIL module
 0001:0004a930       ??__E?k_type@Event_CancelChangingDirection@Pegas@@2V?$basic_string@DU?$char_traits@D@std@@V?$allocator@D@2@@std@@B@@YAXXZ 0044b930 f    CIL library: CIL module
 0001:0004a950       ??__E?k_type@Event_DirectionChanged@Pegas@@2V?$basic_string@DU?$char_traits@D@std@@V?$allocator@D@2@@std@@B@@YAXXZ 0044b950 f    CIL library: CIL module
 0001:0004a970       ??__E?k_type@Event_CharacterStopped@Pegas@@2V?$basic_string@DU?$char_traits@D@std@@V?$allocator@D@2@@std@@B@@YAXXZ 0044b970 f    CIL library: CIL module
 0001:0004a990       ??__E?k_type@Event_CharacterMoveOn@Pegas@@2V?$basic_string@DU?$char_traits@D@std@@V?$allocator@D@2@@std@@B@@YAXXZ 0044b990 f    CIL library: CIL module
 0001:0004a9b0       ??__E?k_type@Event_CharacterKilled@Pegas@@2V?$basic_string@DU?$char_traits@D@std@@V?$allocator@D@2@@std@@B@@YAXXZ 0044b9b0 f    CIL library: CIL module
 0001:0004a9d0       ??__E?k_type@Event_CharacterMoved@Pegas@@2V?$basic_string@DU?$char_traits@D@std@@V?$allocator@D@2@@std@@B@@YAXXZ 0044b9d0 f    CIL library: CIL module
 0001:0004a9f0       ??__E?k_type@Event_CharacterStateChanged@Pegas@@2V?$basic_string@DU?$char_traits@D@std@@V?$allocator@D@2@@std@@B@@YAXXZ 0044b9f0 f    CIL library: CIL module
 0001:0004aa10       ??__E?k_type@Event_CharacterChangeState@Pegas@@2V?$basic_string@DU?$char_traits@D@std@@V?$allocator@D@2@@std@@B@@YAXXZ 0044ba10 f    CIL library: CIL module
 0001:0004aa30       ??__E?k_type@Event_CharacterTonnelIn@Pegas@@2V?$basic_string@DU?$char_traits@D@std@@V?$allocator@D@2@@std@@B@@YAXXZ 0044ba30 f    CIL library: CIL module
 0001:0004aa50       ??__E?k_type@Event_CharacterTonnelOut@Pegas@@2V?$basic_string@DU?$char_traits@D@std@@V?$allocator@D@2@@std@@B@@YAXXZ 0044ba50 f    CIL library: CIL module
 0001:0004aa70       ??__E?k_type@Event_ShowCharacter@Pegas@@2V?$basic_string@DU?$char_traits@D@std@@V?$allocator@D@2@@std@@B@@YAXXZ 0044ba70 f    CIL library: CIL module
 0001:0004aa90       ??__E?k_type@Event_HideCharacter@Pegas@@2V?$basic_string@DU?$char_traits@D@std@@V?$allocator@D@2@@std@@B@@YAXXZ 0044ba90 f    CIL library: CIL module
 0001:0004aab0       ??__E?k_type@Event_EnableCharacterControl@Pegas@@2V?$basic_string@DU?$char_traits@D@std@@V?$allocator@D@2@@std@@B@@YAXXZ 0044bab0 f    CIL library: CIL module
 0001:0004aad0       ??__E?k_type@Event_DisableCharacterControl@Pegas@@2V?$basic_string@DU?$char_traits@D@std@@V?$allocator@D@2@@std@@B@@YAXXZ 0044bad0 f    CIL library: CIL module
 0001:0004aaf0       ??__E?k_type@Event_PacmanSwallowedPill@Pegas@@2V?$basic_string@DU?$char_traits@D@std@@V?$allocator@D@2@@std@@B@@YAXXZ 0044baf0 f    CIL library: CIL module
 0001:0004ab10       ??__E?k_type@Event_PacmanDeath@Pegas@@2V?$basic_string@DU?$char_traits@D@std@@V?$allocator@D@2@@std@@B@@YAXXZ 0044bb10 f    CIL library: CIL module
 0001:0004ab30       ??__E?k_type@Event_PacmanDeathComplete@Pegas@@2V?$basic_string@DU?$char_traits@D@std@@V?$allocator@D@2@@std@@B@@YAXXZ 0044bb30 f    CIL library: CIL module
 0001:0004ab50       ??__E?k_type@Event_SuperForceOn@Pegas@@2V?$basic_string@DU?$char_traits@D@std@@V?$allocator@D@2@@std@@B@@YAXXZ 0044bb50 f    CIL library: CIL module
 0001:0004ab70       ??__E?k_type@Event_SuperForceOff@Pegas@@2V?$basic_string@DU?$char_traits@D@std@@V?$allocator@D@2@@std@@B@@YAXXZ 0044bb70 f    CIL library: CIL module
 0001:0004ab90       ??__E?k_type@Event_SuperForcePreOff@Pegas@@2V?$basic_string@DU?$char_traits@D@std@@V?$allocator@D@2@@std@@B@@YAXXZ 0044bb90 f    CIL library: CIL module
 0001:0004abb0       ??__E?k_type@Event_BonusOn@Pegas@@2V?$basic_string@DU?$char_traits@D@std@@V?$allocator@D@2@@std@@B@@YAXXZ 0044bbb0 f    CIL library: CIL module
 0001:0004abd0       ??__E?k_type@Event_BonusOff@Pegas@@2V?$basic_string@DU?$char_traits@D@std@@V?$allocator@D@2@@std@@B@@YAXXZ 0044bbd0 f    CIL library: CIL module
 0001:0004abf0       ??__E?k_type@Event_ResetActors@Pegas@@2V?$basic_string@DU?$char_traits@D@std@@V?$allocator@D@2@@std@@B@@YAXXZ 0044bbf0 f    CIL library: CIL module
 0001:0004ac10       ??__E?k_type@Event_RestartGame@Pegas@@2V?$basic_string@DU?$char_traits@D@std@@V?$allocator@D@2@@std@@B@@YAXXZ 0044bc10 f    CIL library: CIL module
 0001:0004ac30       ??__E?k_type@Event_HUD_LevelChanged@Pegas@@2V?$basic_string@DU?$char_traits@D@std@@V?$allocator@D@2@@std@@B@@YAXXZ 0044bc30 f    CIL library: CIL module
 0001:0004ac50       ??__E?k_type@Event_HUD_ScoresChanged@Pegas@@2V?$basic_string@DU?$char_traits@D@std@@V?$allocator@D@2@@std@@B@@YAXXZ 0044bc50 f    CIL library: CIL module
 0001:0004ac70       ??__E?k_type@Event_HUD_LivesChanged@Pegas@@2V?$basic_string@DU?$char_traits@D@std@@V?$allocator@D@2@@std@@B@@YAXXZ 0044bc70 f    CIL library: CIL module
 0001:0004ac90       ??__E?k_type@Event_HUD_Frag@Pegas@@2V?$basic_string@DU?$char_traits@D@std@@V?$allocator@D@2@@std@@B@@YAXXZ 0044bc90 f    CIL library: CIL module
 0001:0004acb0       ??__E?k_type@Event_HUD_NewLevel@Pegas@@2V?$basic_string@DU?$char_traits@D@std@@V?$allocator@D@2@@std@@B@@YAXXZ 0044bcb0 f    CIL library: CIL module
 0001:0004acd0       ??__E?k_type@Event_HUD_GetReady@Pegas@@2V?$basic_string@DU?$char_traits@D@std@@V?$allocator@D@2@@std@@B@@YAXXZ 0044bcd0 f    CIL library: CIL module
 0001:0004acf0       ??__E?k_type@Event_HUD_GameOver@Pegas@@2V?$basic_string@DU?$char_traits@D@std@@V?$allocator@D@2@@std@@B@@YAXXZ 0044bcf0 f    CIL library: CIL module
 0001:0004ad10       ??__E?k_type@Event_GUI_ButtonClick@Pegas@@2V?$basic_string@DU?$char_traits@D@std@@V?$allocator@D@2@@std@@B@@YAXXZ 0044bd10 f    CIL library: CIL module
 0001:0004ad40       ??__E?k_type@Event_GUI_StartFadein@Pegas@@2V?$basic_string@DU?$char_traits@D@std@@V?$allocator@D@2@@std@@B@@YAXXZ 0044bd40 f    CIL library: CIL module
 0001:0004ad70       ??__E?k_type@Event_GUI_StartFadeout@Pegas@@2V?$basic_string@DU?$char_traits@D@std@@V?$allocator@D@2@@std@@B@@YAXXZ 0044bd70 f    CIL library: CIL module
 0001:0004ada0       ??__E?k_type@Event_GUI_FadeinComplete@Pegas@@2V?$basic_string@DU?$char_traits@D@std@@V?$allocator@D@2@@std@@B@@YAXXZ 0044bda0 f    CIL library: CIL module
 0001:0004add0       ??__E?k_type@Event_GUI_FadeoutComplete@Pegas@@2V?$basic_string@DU?$char_traits@D@std@@V?$allocator@D@2@@std@@B@@YAXXZ 0044bdd0 f    CIL library: CIL module
 0001:0004ae00       ??__E?k_type@Event_GUI_FadeOn@Pegas@@2V?$basic_string@DU?$char_traits@D@std@@V?$allocator@D@2@@std@@B@@YAXXZ 0044be00 f    CIL library: CIL module
 0001:0004ae30       ??__E?k_type@Event_GUI_FadeOff@Pegas@@2V?$basic_string@DU?$char_traits@D@std@@V?$allocator@D@2@@std@@B@@YAXXZ 0044be30 f    CIL library: CIL module
 0001:0004ae60       ??__E?k_type@Event_Game_ChangeState@Pegas@@2V?$basic_string@DU?$char_traits@D@std@@V?$allocator@D@2@@std@@B@@YAXXZ 0044be60 f    CIL library: CIL module
 0001:0004ae90       ??__E?k_type@Event_Game_ForwardToState@Pegas@@2V?$basic_string@DU?$char_traits@D@std@@V?$allocator@D@2@@std@@B@@YAXXZ 0044be90 f    CIL library: CIL module
 0001:0004aec0       ??__E?k_type@Event_Game_BackwardToPreviousState@Pegas@@2V?$basic_string@DU?$char_traits@D@std@@V?$allocator@D@2@@std@@B@@YAXXZ 0044bec0 f    CIL library: CIL module
 0001:0004aef0       ??__E?k_type@Event_Game_Pause@Pegas@@2V?$basic_string@DU?$char_traits@D@std@@V?$allocator@D@2@@std@@B@@YAXXZ 0044bef0 f    CIL library: CIL module
 0001:0004af20       ??__E?k_type@Event_Game_Resume@Pegas@@2V?$basic_string@DU?$char_traits@D@std@@V?$allocator@D@2@@std@@B@@YAXXZ 0044bf20 f    CIL library: CIL module
 0001:0004af50       ??__F?k_type@Event_ChangeDirection@Pegas@@2V?$basic_string@DU?$char_traits@D@std@@V?$allocator@D@2@@std@@B@@YAXXZ 0044bf50 f    CIL library: CIL module
 0001:0004af80       ??__F?k_type@Event_CancelChangingDirection@Pegas@@2V?$basic_string@DU?$char_traits@D@std@@V?$allocator@D@2@@std@@B@@YAXXZ 0044bf80 f    CIL library: CIL module
 0001:0004afb0       ??__F?k_type@Event_DirectionChanged@Pegas@@2V?$basic_string@DU?$char_traits@D@std@@V?$allocator@D@2@@std@@B@@YAXXZ 0044bfb0 f    CIL library: CIL module
 0001:0004afe0       ??__F?k_type@Event_CharacterStopped@Pegas@@2V?$basic_string@DU?$char_traits@D@std@@V?$allocator@D@2@@std@@B@@YAXXZ 0044bfe0 f    CIL library: CIL module
 0001:0004b010       ??__F?k_type@Event_CharacterMoveOn@Pegas@@2V?$basic_string@DU?$char_traits@D@std@@V?$allocator@D@2@@std@@B@@YAXXZ 0044c010 f    CIL library: CIL module
 0001:0004b040       ??__F?k_type@Event_CharacterKilled@Pegas@@2V?$basic_string@DU?$char_traits@D@std@@V?$allocator@D@2@@std@@B@@YAXXZ 0044c040 f    CIL library: CIL module
 0001:0004b070       ??__F?k_type@Event_CharacterMoved@Pegas@@2V?$basic_string@DU?$char_traits@D@std@@V?$allocator@D@2@@std@@B@@YAXXZ 0044c070 f    CIL library: CIL module
 0001:0004b0a0       ??__F?k_type@Event_CharacterStateChanged@Pegas@@2V?$basic_string@DU?$char_traits@D@std@@V?$allocator@D@2@@std@@B@@YAXXZ 0044c0a0 f    CIL library: CIL module
 0001:0004b0d0       ??__F?k_type@Event_CharacterChangeState@Pegas@@2V?$basic_string@DU?$char_traits@D@std@@V?$allocator@D@2@@std@@B@@YAXXZ 0044c0d0 f    CIL library: CIL module
 0001:0004b100       ??__F?k_type@Event_CharacterTonnelIn@Pegas@@2V?$basic_string@DU?$char_traits@D@std@@V?$allocator@D@2@@std@@B@@YAXXZ 0044c100 f    CIL library: CIL module
 0001:0004b130       ??__F?k_type@Event_CharacterTonnelOut@Pegas@@2V?$basic_string@DU?$char_traits@D@std@@V?$allocator@D@2@@std@@B@@YAXXZ 0044c130 f    CIL library: CIL module
 0001:0004b160       ??__F?k_type@Event_ShowCharacter@Pegas@@2V?$basic_string@DU?$char_traits@D@std@@V?$allocator@D@2@@std@@B@@YAXXZ 0044c160 f    CIL library: CIL module
 0001:0004b190       ??__F?k_type@Event_HideCharacter@Pegas@@2V?$basic_string@DU?$char_traits@D@std@@V?$allocator@D@2@@std@@B@@YAXXZ 0044c190 f    CIL library: CIL module
 0001:0004b1c0       ??__F?k_type@Event_EnableCharacterControl@Pegas@@2V?$basic_string@DU?$char_traits@D@std@@V?$allocator@D@2@@std@@B@@YAXXZ 0044c1c0 f    CIL library: CIL module
 0001:0004b1f0       ??__F?k_type@Event_DisableCharacterControl@Pegas@@2V?$basic_string@DU?$char_traits@D@std@@V?$allocator@D@2@@std@@B@@YAXXZ 0044c1f0 f    CIL library: CIL module
 0001:0004b220       ??__F?k_type@Event_PacmanSwallowedPill@Pegas@@2V?$basic_string@DU?$char_traits@D@std@@V?$allocator@D@2@@std@@B@@YAXXZ 0044c220 f    CIL library: CIL module
 0001:0004b250       ??__F?k_type@Event_PacmanDeath@Pegas@@2V?$basic_string@DU?$char_traits@D@std@@V?$allocator@D@2@@std@@B@@YAXXZ 0044c250 f    CIL library: CIL module
 0001:0004b280       ??__F?k_type@Event_PacmanDeathComplete@Pegas@@2V?$basic_string@DU?$char_traits@D@std@@V?$allocator@D@2@@std@@B@@YAXXZ 0044c280 f    CIL library: CIL module
 0001:0004b2b0       ??__F?k_type@Event_SuperForceOn@Pegas@@2V?$basic_string@DU?$char_traits@D@std@@V?$allocator@D@2@@std@@B@@YAXXZ 0044c2b0 f    CIL library: CIL module
 0001:0004b2e0       ??__F?k_type@Event_SuperForceOff@Pegas@@2V?$basic_string@DU?$char_traits@D@std@@V?$allocator@D@2@@std@@B@@YAXXZ 0044c2e0 f    CIL library: CIL module
 0001:0004b310       ??__F?k_type@Event_SuperForcePreOff@Pegas@@2V?$basic_string@DU?$char_traits@D@std@@V?$allocator@D@2@@std@@B@@YAXXZ 0044c310 f    CIL library: CIL module
 0001:0004b340       ??__F?k_type@Event_BonusOn@Pegas@@2V?$basic_string@DU?$char_traits@D@std@@V?$allocator@D@2@@std@@B@@YAXXZ 0044c340 f    CIL library: CIL module
 0001:0004b370       ??__F?k_type@Event_BonusOff@Pegas@@2V?$basic_string@DU?$char_traits@D@std@@V?$allocator@D@2@@std@@B@@YAXXZ 0044c370 f    CIL library: CIL module
 0001:0004b3a0       ??__F?k_type@Event_ResetActors@Pegas@@2V?$basic_string@DU?$char_traits@D@std@@V?$allocator@D@2@@std@@B@@YAXXZ 0044c3a0 f    CIL library: CIL module
 0001:0004b3d0       ??__F?k_type@Event_RestartGame@Pegas@@2V?$basic_string@DU?$char_traits@D@std@@V?$allocator@D@2@@std@@B@@YAXXZ 0044c3d0 f    CIL library: CIL module
 0001:0004b400       ??__F?k_type@Event_HUD_LevelChanged@Pegas@@2V?$basic_string@DU?$char_traits@D@std@@V?$allocator@D@2@@std@@B@@YAXXZ 0044c400 f    CIL library: CIL module
 0001:0004b430       ??__F?k_type@Event_HUD_ScoresChanged@Pegas@@2V?$basic_string@DU?$char_traits@D@std@@V?$allocator@D@2@@std@@B@@YAXXZ 0044c430 f    CIL library: CIL module
 0001:0004b460       ??__F?k_type@Event_HUD_LivesChanged@Pegas@@2V?$basic_string@DU?$char_traits@D@std@@V?$allocator@D@2@@std@@B@@YAXXZ 0044c460 f    CIL library: CIL module
 0001:0004b490       ??__F?k_type@Event_HUD_Frag@Pegas@@2V?$basic_string@DU?$char_traits@D@std@@V?$allocator@D@2@@std@@B@@YAXXZ 0044c490 f    CIL library: CIL module
 0001:0004b4c0       ??__F?k_type@Event_HUD_NewLevel@Pegas@@2V?$basic_string@DU?$char_traits@D@std@@V?$allocator@D@2@@std@@B@@YAXXZ 0044c4c0 f    CIL library: CIL module
 0001:0004b4f0       ??__F?k_type@Event_HUD_GetReady@Pegas@@2V?$basic_string@DU?$char_traits@D@std@@V?$allocator@D@2@@std@@B@@YAXXZ 0044c4f0 f    CIL library: CIL module
 0001:0004b520       ??__F?k_type@Event_HUD_GameOver@Pegas@@2V?$basic_string@DU?$char_traits@D@std@@V?$allocator@D@2@@std@@B@@YAXXZ 0044c520 f    CIL library: CIL module
 0001:0004b550       ??__F?k_type@Event_GUI_ButtonClick@Pegas@@2V?$basic_string@DU?$char_traits@D@std@@V?$allocator@D@2@@std@@B@@YAXXZ 0044c550 f    CIL library: CIL module
 0001:0004b570       ??__F?k_type@Event_GUI_StartFadein@Pegas@@2V?$basic_string@DU?$char_traits@D@std@@V?$allocator@D@2@@std@@B@@YAXXZ 0044c570 f    CIL library: CIL module
 0001:0004b590       ??__F?k_type@Event_GUI_StartFadeout@Pegas@@2V?$basic_string@DU?$char_traits@D@std@@V?$allocator@D@2@@std@@B@@YAXXZ 0044c590 f    CIL library: CIL module
 0001:0004b5b0       ??__F?k_type@Event_GUI_FadeinComplete@Pegas@@2V?$basic_string@DU?$char_traits@D@std@@V?$allocator@D@2@@std@@B@@YAXXZ 0044c5b0 f    CIL library: CIL module
 0001:0004b5d0       ??__F?k_type@Event_GUI_FadeoutComplete@Pegas@@2V?$basic_string@DU?$char_traits@D@std@@V?$allocator@D@2@@std@@B@@YAXXZ 0044c5d0 f    CIL library: CIL module
 0001:0004b5f0       ??__F?k_type@Event_GUI_FadeOn@Pegas@@2V?$basic_string@DU?$char_traits@D@std@@V?$allocator@D@2@@std@@B@@YAXXZ 0044c5f0 f    CIL library: CIL module
 0001:0004b610       ??__F?k_type@Event_GUI_FadeOff@Pegas@@2V?$basic_string@DU?$char_traits@D@std@@V?$allocator@D@2@@std@@B@@YAXXZ 0044c610 f    CIL library: CIL module
 0001:0004b630       ??__F?k_type@Event_Game_ChangeState@Pegas@@2V?$basic_string@DU?$char_traits@D@std@@V?$allocator@D@2@@std@@B@@YAXXZ 0044c630 f    CIL library: CIL module
 0001:0004b650       ??__F?k_type@Event_Game_ForwardToState@Pegas@@2V?$basic_string@DU?$char_traits@D@std@@V?$allocator@D@2@@std@@B@@YAXXZ 0044c650 f    CIL library: CIL module
 0001:0004b670       ??__F?k_type@Event_Game_BackwardToPreviousState@Pegas@@2V?$basic_string@DU?$char_traits@D@std@@V?$allocator@D@2@@std@@B@@YAXXZ 0044c670 f    CIL library: CIL module
 0001:0004b690       ??__F?k_type@Event_Game_Pause@Pegas@@2V?$basic_string@DU?$char_traits@D@std@@V?$allocator@D@2@@std@@B@@YAXXZ 0044c690 f    CIL library: CIL module
 0001:0004b6b0       ??__F?k_type@Event_Game_Resume@Pegas@@2V?$basic_string@DU?$char_traits@D@std@@V?$allocator@D@2@@std@@B@@YAXXZ 0044c6b0 f    CIL library: CIL module
 0001:0004b6c4       ??__Fnomem@?5???2@YAPAXI@Z@YAXXZ 0044c6c4 f   LIBCMT:new.obj
